Archive member included to satisfy reference by file (symbol)

.\CortexM0\ARM_GCC_541\Debug\Blinky_FreeRTOS10.a(CyLib.o)
                              .\CortexM0\ARM_GCC_541\Debug\cyfitter_cfg.o (CyIntEnable)
.\CortexM0\ARM_GCC_541\Debug\Blinky_FreeRTOS10.a(CyLFClk.o)
                              .\CortexM0\ARM_GCC_541\Debug\cyfitter_cfg.o (CySysWdtIsr)
.\CortexM0\ARM_GCC_541\Debug\Blinky_FreeRTOS10.a(LED.o)
                              .\CortexM0\ARM_GCC_541\Debug\app.o (LED_Write)
.\CortexM0\ARM_GCC_541\Debug\Blinky_FreeRTOS10.a(CyBootAsmGnu.o)
                              .\CortexM0\ARM_GCC_541\Debug\Blinky_FreeRTOS10.a(CyLib.o) (CyDelayCycles)
c:/program files (x86)/cypress/psoc creator/4.1/psoc creator/import/gnu/arm/5.4.1/bin/../lib/gcc/arm-none-eabi/5.4.1/armv6-m\libgcc.a(_udivsi3.o)
                              .\CortexM0\ARM_GCC_541\Debug\app.o (__aeabi_uidiv)
c:/program files (x86)/cypress/psoc creator/4.1/psoc creator/import/gnu/arm/5.4.1/bin/../lib/gcc/arm-none-eabi/5.4.1/armv6-m\libgcc.a(_dvmd_tls.o)
                              c:/program files (x86)/cypress/psoc creator/4.1/psoc creator/import/gnu/arm/5.4.1/bin/../lib/gcc/arm-none-eabi/5.4.1/armv6-m\libgcc.a(_udivsi3.o) (__aeabi_idiv0)
c:/program files (x86)/cypress/psoc creator/4.1/psoc creator/import/gnu/arm/5.4.1/bin/../lib/gcc/arm-none-eabi/5.4.1/../../../../arm-none-eabi/lib/armv6-m\libg_nano.a(lib_a-errno.o)
                              .\CortexM0\ARM_GCC_541\Debug\Cm0Start.o (__errno)
c:/program files (x86)/cypress/psoc creator/4.1/psoc creator/import/gnu/arm/5.4.1/bin/../lib/gcc/arm-none-eabi/5.4.1/../../../../arm-none-eabi/lib/armv6-m\libg_nano.a(lib_a-exit.o)
                              c:/program files (x86)/cypress/psoc creator/4.1/psoc creator/import/gnu/arm/5.4.1/bin/../lib/gcc/arm-none-eabi/5.4.1/../../../../arm-none-eabi/lib/armv6-m/crt0.o (exit)
c:/program files (x86)/cypress/psoc creator/4.1/psoc creator/import/gnu/arm/5.4.1/bin/../lib/gcc/arm-none-eabi/5.4.1/../../../../arm-none-eabi/lib/armv6-m\libg_nano.a(lib_a-impure.o)
                              c:/program files (x86)/cypress/psoc creator/4.1/psoc creator/import/gnu/arm/5.4.1/bin/../lib/gcc/arm-none-eabi/5.4.1/../../../../arm-none-eabi/lib/armv6-m\libg_nano.a(lib_a-exit.o) (_global_impure_ptr)
c:/program files (x86)/cypress/psoc creator/4.1/psoc creator/import/gnu/arm/5.4.1/bin/../lib/gcc/arm-none-eabi/5.4.1/../../../../arm-none-eabi/lib/armv6-m\libg_nano.a(lib_a-init.o)
                              c:/program files (x86)/cypress/psoc creator/4.1/psoc creator/import/gnu/arm/5.4.1/bin/../lib/gcc/arm-none-eabi/5.4.1/../../../../arm-none-eabi/lib/armv6-m/crt0.o (__libc_init_array)
c:/program files (x86)/cypress/psoc creator/4.1/psoc creator/import/gnu/arm/5.4.1/bin/../lib/gcc/arm-none-eabi/5.4.1/../../../../arm-none-eabi/lib/armv6-m\libg_nano.a(lib_a-memcpy-stub.o)
                              .\CortexM0\ARM_GCC_541\Debug\queue.o (memcpy)
c:/program files (x86)/cypress/psoc creator/4.1/psoc creator/import/gnu/arm/5.4.1/bin/../lib/gcc/arm-none-eabi/5.4.1/../../../../arm-none-eabi/lib/armv6-m\libg_nano.a(lib_a-memset.o)
                              c:/program files (x86)/cypress/psoc creator/4.1/psoc creator/import/gnu/arm/5.4.1/bin/../lib/gcc/arm-none-eabi/5.4.1/../../../../arm-none-eabi/lib/armv6-m/crt0.o (memset)

Allocating common symbols
Common symbol       size              file

xQueueRegistry      0x50              .\CortexM0\ARM_GCC_541\Debug\queue.o

Discarded input sections

 .text          0x00000000        0x0 c:/program files (x86)/cypress/psoc creator/4.1/psoc creator/import/gnu/arm/5.4.1/bin/../lib/gcc/arm-none-eabi/5.4.1/armv6-m/crti.o
 .data          0x00000000        0x0 c:/program files (x86)/cypress/psoc creator/4.1/psoc creator/import/gnu/arm/5.4.1/bin/../lib/gcc/arm-none-eabi/5.4.1/armv6-m/crti.o
 .bss           0x00000000        0x0 c:/program files (x86)/cypress/psoc creator/4.1/psoc creator/import/gnu/arm/5.4.1/bin/../lib/gcc/arm-none-eabi/5.4.1/armv6-m/crti.o
 .data          0x00000000        0x4 c:/program files (x86)/cypress/psoc creator/4.1/psoc creator/import/gnu/arm/5.4.1/bin/../lib/gcc/arm-none-eabi/5.4.1/armv6-m/crtbegin.o
 .text          0x00000000       0x78 c:/program files (x86)/cypress/psoc creator/4.1/psoc creator/import/gnu/arm/5.4.1/bin/../lib/gcc/arm-none-eabi/5.4.1/../../../../arm-none-eabi/lib/armv6-m/crt0.o
 .data          0x00000000        0x0 c:/program files (x86)/cypress/psoc creator/4.1/psoc creator/import/gnu/arm/5.4.1/bin/../lib/gcc/arm-none-eabi/5.4.1/../../../../arm-none-eabi/lib/armv6-m/crt0.o
 .bss           0x00000000        0x0 c:/program files (x86)/cypress/psoc creator/4.1/psoc creator/import/gnu/arm/5.4.1/bin/../lib/gcc/arm-none-eabi/5.4.1/../../../../arm-none-eabi/lib/armv6-m/crt0.o
 .ARM.extab     0x00000000        0x0 c:/program files (x86)/cypress/psoc creator/4.1/psoc creator/import/gnu/arm/5.4.1/bin/../lib/gcc/arm-none-eabi/5.4.1/../../../../arm-none-eabi/lib/armv6-m/crt0.o
 .ARM.exidx     0x00000000        0x8 c:/program files (x86)/cypress/psoc creator/4.1/psoc creator/import/gnu/arm/5.4.1/bin/../lib/gcc/arm-none-eabi/5.4.1/../../../../arm-none-eabi/lib/armv6-m/crt0.o
 .text          0x00000000        0x0 .\CortexM0\ARM_GCC_541\Debug\main.o
 .data          0x00000000        0x0 .\CortexM0\ARM_GCC_541\Debug\main.o
 .bss           0x00000000        0x0 .\CortexM0\ARM_GCC_541\Debug\main.o
 .text          0x00000000        0x0 .\CortexM0\ARM_GCC_541\Debug\app.o
 .data          0x00000000        0x0 .\CortexM0\ARM_GCC_541\Debug\app.o
 .bss           0x00000000        0x0 .\CortexM0\ARM_GCC_541\Debug\app.o
 .text          0x00000000        0x0 .\CortexM0\ARM_GCC_541\Debug\croutine.o
 .data          0x00000000        0x0 .\CortexM0\ARM_GCC_541\Debug\croutine.o
 .bss           0x00000000        0x0 .\CortexM0\ARM_GCC_541\Debug\croutine.o
 .text          0x00000000        0x0 .\CortexM0\ARM_GCC_541\Debug\event_groups.o
 .data          0x00000000        0x0 .\CortexM0\ARM_GCC_541\Debug\event_groups.o
 .bss           0x00000000        0x0 .\CortexM0\ARM_GCC_541\Debug\event_groups.o
 .text.prvTestWaitCondition
                0x00000000       0x20 .\CortexM0\ARM_GCC_541\Debug\event_groups.o
 .text.xEventGroupCreate
                0x00000000       0x18 .\CortexM0\ARM_GCC_541\Debug\event_groups.o
 .text.xEventGroupWaitBits
                0x00000000       0xa8 .\CortexM0\ARM_GCC_541\Debug\event_groups.o
 .text.xEventGroupClearBits
                0x00000000       0x1c .\CortexM0\ARM_GCC_541\Debug\event_groups.o
 .text.xEventGroupGetBitsFromISR
                0x00000000       0x14 .\CortexM0\ARM_GCC_541\Debug\event_groups.o
 .text.xEventGroupSetBits
                0x00000000       0x6c .\CortexM0\ARM_GCC_541\Debug\event_groups.o
 .text.xEventGroupSync
                0x00000000       0x84 .\CortexM0\ARM_GCC_541\Debug\event_groups.o
 .text.vEventGroupDelete
                0x00000000       0x28 .\CortexM0\ARM_GCC_541\Debug\event_groups.o
 .text.vEventGroupSetBitsCallback
                0x00000000        0x8 .\CortexM0\ARM_GCC_541\Debug\event_groups.o
 .text.vEventGroupClearBitsCallback
                0x00000000        0x8 .\CortexM0\ARM_GCC_541\Debug\event_groups.o
 .text          0x00000000        0x0 .\CortexM0\ARM_GCC_541\Debug\list.o
 .data          0x00000000        0x0 .\CortexM0\ARM_GCC_541\Debug\list.o
 .bss           0x00000000        0x0 .\CortexM0\ARM_GCC_541\Debug\list.o
 .text          0x00000000        0x0 .\CortexM0\ARM_GCC_541\Debug\queue.o
 .data          0x00000000        0x0 .\CortexM0\ARM_GCC_541\Debug\queue.o
 .bss           0x00000000        0x0 .\CortexM0\ARM_GCC_541\Debug\queue.o
 .text.prvGetDisinheritPriorityAfterTimeout
                0x00000000       0x14 .\CortexM0\ARM_GCC_541\Debug\queue.o
 .text.prvIsQueueFull
                0x00000000       0x20 .\CortexM0\ARM_GCC_541\Debug\queue.o
 .text.prvIsQueueEmpty
                0x00000000       0x1c .\CortexM0\ARM_GCC_541\Debug\queue.o
 .text.prvCopyDataToQueue
                0x00000000       0x84 .\CortexM0\ARM_GCC_541\Debug\queue.o
 .text.prvCopyDataFromQueue
                0x00000000       0x24 .\CortexM0\ARM_GCC_541\Debug\queue.o
 .text.prvUnlockQueue
                0x00000000       0x70 .\CortexM0\ARM_GCC_541\Debug\queue.o
 .text.xQueueGenericReset
                0x00000000       0x64 .\CortexM0\ARM_GCC_541\Debug\queue.o
 .text.prvInitialiseNewQueue
                0x00000000       0x1c .\CortexM0\ARM_GCC_541\Debug\queue.o
 .text.xQueueGenericCreate
                0x00000000       0x34 .\CortexM0\ARM_GCC_541\Debug\queue.o
 .text.xQueueCreateCountingSemaphore
                0x00000000       0x14 .\CortexM0\ARM_GCC_541\Debug\queue.o
 .text.xQueueGenericSend
                0x00000000       0xec .\CortexM0\ARM_GCC_541\Debug\queue.o
 .text.prvInitialiseMutex
                0x00000000       0x18 .\CortexM0\ARM_GCC_541\Debug\queue.o
 .text.xQueueCreateMutex
                0x00000000       0x18 .\CortexM0\ARM_GCC_541\Debug\queue.o
 .text.xQueueGiveMutexRecursive
                0x00000000       0x30 .\CortexM0\ARM_GCC_541\Debug\queue.o
 .text.xQueueGenericSendFromISR
                0x00000000       0x78 .\CortexM0\ARM_GCC_541\Debug\queue.o
 .text.xQueueGiveFromISR
                0x00000000       0x64 .\CortexM0\ARM_GCC_541\Debug\queue.o
 .text.xQueueReceive
                0x00000000       0xe4 .\CortexM0\ARM_GCC_541\Debug\queue.o
 .text.xQueueSemaphoreTake
                0x00000000      0x11c .\CortexM0\ARM_GCC_541\Debug\queue.o
 .text.xQueueTakeMutexRecursive
                0x00000000       0x30 .\CortexM0\ARM_GCC_541\Debug\queue.o
 .text.xQueuePeek
                0x00000000       0xe4 .\CortexM0\ARM_GCC_541\Debug\queue.o
 .text.xQueueReceiveFromISR
                0x00000000       0x74 .\CortexM0\ARM_GCC_541\Debug\queue.o
 .text.xQueuePeekFromISR
                0x00000000       0x30 .\CortexM0\ARM_GCC_541\Debug\queue.o
 .text.uxQueueMessagesWaiting
                0x00000000       0x14 .\CortexM0\ARM_GCC_541\Debug\queue.o
 .text.uxQueueSpacesAvailable
                0x00000000       0x18 .\CortexM0\ARM_GCC_541\Debug\queue.o
 .text.uxQueueMessagesWaitingFromISR
                0x00000000        0x4 .\CortexM0\ARM_GCC_541\Debug\queue.o
 .text.xQueueIsQueueEmptyFromISR
                0x00000000       0x10 .\CortexM0\ARM_GCC_541\Debug\queue.o
 .text.xQueueIsQueueFullFromISR
                0x00000000       0x10 .\CortexM0\ARM_GCC_541\Debug\queue.o
 .text.vQueueAddToRegistry
                0x00000000       0x28 .\CortexM0\ARM_GCC_541\Debug\queue.o
 .text.pcQueueGetName
                0x00000000       0x24 .\CortexM0\ARM_GCC_541\Debug\queue.o
 .text.vQueueUnregisterQueue
                0x00000000       0x28 .\CortexM0\ARM_GCC_541\Debug\queue.o
 .text.vQueueDelete
                0x00000000       0x10 .\CortexM0\ARM_GCC_541\Debug\queue.o
 COMMON         0x00000000       0x50 .\CortexM0\ARM_GCC_541\Debug\queue.o
 .text          0x00000000        0x0 .\CortexM0\ARM_GCC_541\Debug\stream_buffer.o
 .data          0x00000000        0x0 .\CortexM0\ARM_GCC_541\Debug\stream_buffer.o
 .bss           0x00000000        0x0 .\CortexM0\ARM_GCC_541\Debug\stream_buffer.o
 .text.prvBytesInBuffer
                0x00000000       0x14 .\CortexM0\ARM_GCC_541\Debug\stream_buffer.o
 .text.prvInitialiseNewStreamBuffer
                0x00000000       0x28 .\CortexM0\ARM_GCC_541\Debug\stream_buffer.o
 .text.prvWriteBytesToBuffer
                0x00000000       0x44 .\CortexM0\ARM_GCC_541\Debug\stream_buffer.o
 .text.prvWriteMessageToBuffer
                0x00000000       0x50 .\CortexM0\ARM_GCC_541\Debug\stream_buffer.o
 .text.prvReadBytesFromBuffer
                0x00000000       0x50 .\CortexM0\ARM_GCC_541\Debug\stream_buffer.o
 .text.prvReadMessageFromBuffer
                0x00000000       0x50 .\CortexM0\ARM_GCC_541\Debug\stream_buffer.o
 .text.xStreamBufferGenericCreate
                0x00000000       0x30 .\CortexM0\ARM_GCC_541\Debug\stream_buffer.o
 .text.vStreamBufferDelete
                0x00000000       0x18 .\CortexM0\ARM_GCC_541\Debug\stream_buffer.o
 .text.xStreamBufferReset
                0x00000000       0x38 .\CortexM0\ARM_GCC_541\Debug\stream_buffer.o
 .text.xStreamBufferSetTriggerLevel
                0x00000000       0x18 .\CortexM0\ARM_GCC_541\Debug\stream_buffer.o
 .text.xStreamBufferSpacesAvailable
                0x00000000       0x14 .\CortexM0\ARM_GCC_541\Debug\stream_buffer.o
 .text.xStreamBufferBytesAvailable
                0x00000000        0x8 .\CortexM0\ARM_GCC_541\Debug\stream_buffer.o
 .text.xStreamBufferSend
                0x00000000       0xbc .\CortexM0\ARM_GCC_541\Debug\stream_buffer.o
 .text.xStreamBufferSendFromISR
                0x00000000       0x68 .\CortexM0\ARM_GCC_541\Debug\stream_buffer.o
 .text.xStreamBufferReceive
                0x00000000       0xa4 .\CortexM0\ARM_GCC_541\Debug\stream_buffer.o
 .text.xStreamBufferReceiveFromISR
                0x00000000       0x64 .\CortexM0\ARM_GCC_541\Debug\stream_buffer.o
 .text.xStreamBufferIsEmpty
                0x00000000       0x10 .\CortexM0\ARM_GCC_541\Debug\stream_buffer.o
 .text.xStreamBufferIsFull
                0x00000000       0x20 .\CortexM0\ARM_GCC_541\Debug\stream_buffer.o
 .text.xStreamBufferSendCompletedFromISR
                0x00000000       0x38 .\CortexM0\ARM_GCC_541\Debug\stream_buffer.o
 .text.xStreamBufferReceiveCompletedFromISR
                0x00000000       0x38 .\CortexM0\ARM_GCC_541\Debug\stream_buffer.o
 .text          0x00000000        0x0 .\CortexM0\ARM_GCC_541\Debug\tasks.o
 .data          0x00000000        0x0 .\CortexM0\ARM_GCC_541\Debug\tasks.o
 .text.prvTaskIsTaskSuspended
                0x00000000       0x3c .\CortexM0\ARM_GCC_541\Debug\tasks.o
 .text.prvTaskCheckFreeStackSpace
                0x00000000       0x14 .\CortexM0\ARM_GCC_541\Debug\tasks.o
 .text.vTaskDelete
                0x00000000       0x78 .\CortexM0\ARM_GCC_541\Debug\tasks.o
 .text.eTaskGetState
                0x00000000       0x68 .\CortexM0\ARM_GCC_541\Debug\tasks.o
 .text.uxTaskPriorityGet
                0x00000000       0x20 .\CortexM0\ARM_GCC_541\Debug\tasks.o
 .text.uxTaskPriorityGetFromISR
                0x00000000       0x20 .\CortexM0\ARM_GCC_541\Debug\tasks.o
 .text.vTaskPrioritySet
                0x00000000       0xbc .\CortexM0\ARM_GCC_541\Debug\tasks.o
 .text.vTaskResume
                0x00000000       0x64 .\CortexM0\ARM_GCC_541\Debug\tasks.o
 .text.xTaskResumeFromISR
                0x00000000       0x7c .\CortexM0\ARM_GCC_541\Debug\tasks.o
 .text.vTaskEndScheduler
                0x00000000       0x14 .\CortexM0\ARM_GCC_541\Debug\tasks.o
 .text.xTaskGetTickCount
                0x00000000        0xc .\CortexM0\ARM_GCC_541\Debug\tasks.o
 .text.xTaskGetTickCountFromISR
                0x00000000        0xc .\CortexM0\ARM_GCC_541\Debug\tasks.o
 .text.uxTaskGetNumberOfTasks
                0x00000000        0xc .\CortexM0\ARM_GCC_541\Debug\tasks.o
 .text.pcTaskGetName
                0x00000000       0x10 .\CortexM0\ARM_GCC_541\Debug\tasks.o
 .text.vTaskDelayUntil
                0x00000000       0x5c .\CortexM0\ARM_GCC_541\Debug\tasks.o
 .text.vTaskSuspend
                0x00000000       0x8c .\CortexM0\ARM_GCC_541\Debug\tasks.o
 .text.vTaskPlaceOnEventList
                0x00000000       0x1c .\CortexM0\ARM_GCC_541\Debug\tasks.o
 .text.vTaskPlaceOnUnorderedEventList
                0x00000000       0x28 .\CortexM0\ARM_GCC_541\Debug\tasks.o
 .text.xTaskRemoveFromEventList
                0x00000000       0x74 .\CortexM0\ARM_GCC_541\Debug\tasks.o
 .text.vTaskRemoveFromUnorderedEventList
                0x00000000       0x58 .\CortexM0\ARM_GCC_541\Debug\tasks.o
 .text.vTaskSetTimeOutState
                0x00000000       0x1c .\CortexM0\ARM_GCC_541\Debug\tasks.o
 .text.vTaskInternalSetTimeOutState
                0x00000000       0x10 .\CortexM0\ARM_GCC_541\Debug\tasks.o
 .text.xTaskCheckForTimeOut
                0x00000000       0x54 .\CortexM0\ARM_GCC_541\Debug\tasks.o
 .text.vTaskMissedYield
                0x00000000        0xc .\CortexM0\ARM_GCC_541\Debug\tasks.o
 .text.vTaskSetThreadLocalStoragePointer
                0x00000000       0x1c .\CortexM0\ARM_GCC_541\Debug\tasks.o
 .text.pvTaskGetThreadLocalStoragePointer
                0x00000000       0x20 .\CortexM0\ARM_GCC_541\Debug\tasks.o
 .text.uxTaskGetStackHighWaterMark
                0x00000000       0x18 .\CortexM0\ARM_GCC_541\Debug\tasks.o
 .text.xTaskGetCurrentTaskHandle
                0x00000000        0xc .\CortexM0\ARM_GCC_541\Debug\tasks.o
 .text.xTaskGetSchedulerState
                0x00000000       0x20 .\CortexM0\ARM_GCC_541\Debug\tasks.o
 .text.xTaskPriorityInherit
                0x00000000       0x9c .\CortexM0\ARM_GCC_541\Debug\tasks.o
 .text.xTaskPriorityDisinherit
                0x00000000       0x60 .\CortexM0\ARM_GCC_541\Debug\tasks.o
 .text.vTaskPriorityDisinheritAfterTimeout
                0x00000000       0x78 .\CortexM0\ARM_GCC_541\Debug\tasks.o
 .text.uxTaskResetEventItemValue
                0x00000000       0x18 .\CortexM0\ARM_GCC_541\Debug\tasks.o
 .text.pvTaskIncrementMutexHeldCount
                0x00000000       0x1c .\CortexM0\ARM_GCC_541\Debug\tasks.o
 .text.ulTaskNotifyTake
                0x00000000       0x6c .\CortexM0\ARM_GCC_541\Debug\tasks.o
 .text.xTaskNotifyWait
                0x00000000       0x80 .\CortexM0\ARM_GCC_541\Debug\tasks.o
 .text.xTaskGenericNotify
                0x00000000       0xac .\CortexM0\ARM_GCC_541\Debug\tasks.o
 .text.xTaskGenericNotifyFromISR
                0x00000000       0xe0 .\CortexM0\ARM_GCC_541\Debug\tasks.o
 .text.vTaskNotifyGiveFromISR
                0x00000000       0x8c .\CortexM0\ARM_GCC_541\Debug\tasks.o
 .text.xTaskNotifyStateClear
                0x00000000       0x30 .\CortexM0\ARM_GCC_541\Debug\tasks.o
 .text          0x00000000        0x0 .\CortexM0\ARM_GCC_541\Debug\timers.o
 .data          0x00000000        0x0 .\CortexM0\ARM_GCC_541\Debug\timers.o
 .bss           0x00000000        0x0 .\CortexM0\ARM_GCC_541\Debug\timers.o
 .text          0x00000000        0x0 .\CortexM0\ARM_GCC_541\Debug\port.o
 .bss           0x00000000        0x0 .\CortexM0\ARM_GCC_541\Debug\port.o
 .text.vPortEndScheduler
                0x00000000        0x4 .\CortexM0\ARM_GCC_541\Debug\port.o
 .text          0x00000000        0x0 .\CortexM0\ARM_GCC_541\Debug\heap_1.o
 .data          0x00000000        0x0 .\CortexM0\ARM_GCC_541\Debug\heap_1.o
 .text.vPortInitialiseBlocks
                0x00000000        0xc .\CortexM0\ARM_GCC_541\Debug\heap_1.o
 .text.xPortGetFreeHeapSize
                0x00000000       0x10 .\CortexM0\ARM_GCC_541\Debug\heap_1.o
 .text          0x00000000        0x0 .\CortexM0\ARM_GCC_541\Debug\cyfitter_cfg.o
 .data          0x00000000        0x0 .\CortexM0\ARM_GCC_541\Debug\cyfitter_cfg.o
 .bss           0x00000000        0x0 .\CortexM0\ARM_GCC_541\Debug\cyfitter_cfg.o
 .text          0x00000000        0x0 .\CortexM0\ARM_GCC_541\Debug\cymetadata.o
 .data          0x00000000        0x0 .\CortexM0\ARM_GCC_541\Debug\cymetadata.o
 .bss           0x00000000        0x0 .\CortexM0\ARM_GCC_541\Debug\cymetadata.o
 .text          0x00000000        0x0 .\CortexM0\ARM_GCC_541\Debug\Cm0Start.o
 .data          0x00000000        0x4 .\CortexM0\ARM_GCC_541\Debug\Cm0Start.o
 .bss           0x00000000        0x0 .\CortexM0\ARM_GCC_541\Debug\Cm0Start.o
 .text._exit    0x00000000        0xc .\CortexM0\ARM_GCC_541\Debug\Cm0Start.o
 .text._sbrk    0x00000000       0x34 .\CortexM0\ARM_GCC_541\Debug\Cm0Start.o
 .text          0x00000000        0x0 .\CortexM0\ARM_GCC_541\Debug\Blinky_FreeRTOS10.a(CyLib.o)
 .bss           0x00000000       0x18 .\CortexM0\ARM_GCC_541\Debug\Blinky_FreeRTOS10.a(CyLib.o)
 .text.CySysClkImoStart
                0x00000000       0x14 .\CortexM0\ARM_GCC_541\Debug\Blinky_FreeRTOS10.a(CyLib.o)
 .text.CySysClkImoStop
                0x00000000       0x10 .\CortexM0\ARM_GCC_541\Debug\Blinky_FreeRTOS10.a(CyLib.o)
 .text.CySysClkWriteHfclkDirect
                0x00000000       0x20 .\CortexM0\ARM_GCC_541\Debug\Blinky_FreeRTOS10.a(CyLib.o)
 .text.CySysEnablePumpClock
                0x00000000       0x38 .\CortexM0\ARM_GCC_541\Debug\Blinky_FreeRTOS10.a(CyLib.o)
 .text.CySysClkGetSysclkSource
                0x00000000       0x1c .\CortexM0\ARM_GCC_541\Debug\Blinky_FreeRTOS10.a(CyLib.o)
 .text.CySysClkWriteSysclkDiv
                0x00000000       0x30 .\CortexM0\ARM_GCC_541\Debug\Blinky_FreeRTOS10.a(CyLib.o)
 .text.CySysLvdDisable
                0x00000000       0x20 .\CortexM0\ARM_GCC_541\Debug\Blinky_FreeRTOS10.a(CyLib.o)
 .text.CySysLvdGetInterruptSource
                0x00000000       0x10 .\CortexM0\ARM_GCC_541\Debug\Blinky_FreeRTOS10.a(CyLib.o)
 .text.CySysLvdClearInterrupt
                0x00000000        0xc .\CortexM0\ARM_GCC_541\Debug\Blinky_FreeRTOS10.a(CyLib.o)
 .text.CySysGetResetReason
                0x00000000       0x14 .\CortexM0\ARM_GCC_541\Debug\Blinky_FreeRTOS10.a(CyLib.o)
 .text.CyDisableInts
                0x00000000       0x10 .\CortexM0\ARM_GCC_541\Debug\Blinky_FreeRTOS10.a(CyLib.o)
 .text.CyEnableInts
                0x00000000        0xc .\CortexM0\ARM_GCC_541\Debug\Blinky_FreeRTOS10.a(CyLib.o)
 .text.CyIntGetState
                0x00000000       0x18 .\CortexM0\ARM_GCC_541\Debug\Blinky_FreeRTOS10.a(CyLib.o)
 .text.CyIntDisable
                0x00000000       0x14 .\CortexM0\ARM_GCC_541\Debug\Blinky_FreeRTOS10.a(CyLib.o)
 .text.CyIntSetPending
                0x00000000       0x14 .\CortexM0\ARM_GCC_541\Debug\Blinky_FreeRTOS10.a(CyLib.o)
 .text.CyIntClearPending
                0x00000000       0x14 .\CortexM0\ARM_GCC_541\Debug\Blinky_FreeRTOS10.a(CyLib.o)
 .text.CyIntGetSysVector
                0x00000000       0x1c .\CortexM0\ARM_GCC_541\Debug\Blinky_FreeRTOS10.a(CyLib.o)
 .text.CyIntGetVector
                0x00000000       0x20 .\CortexM0\ARM_GCC_541\Debug\Blinky_FreeRTOS10.a(CyLib.o)
 .text.CyIntSetPriority
                0x00000000       0x4c .\CortexM0\ARM_GCC_541\Debug\Blinky_FreeRTOS10.a(CyLib.o)
 .text.CyIntGetPriority
                0x00000000       0x2c .\CortexM0\ARM_GCC_541\Debug\Blinky_FreeRTOS10.a(CyLib.o)
 .text.CySoftwareReset
                0x00000000       0x18 .\CortexM0\ARM_GCC_541\Debug\Blinky_FreeRTOS10.a(CyLib.o)
 .text.CyDelay  0x00000000       0x30 .\CortexM0\ARM_GCC_541\Debug\Blinky_FreeRTOS10.a(CyLib.o)
 .text.CySysLvdEnable
                0x00000000       0x44 .\CortexM0\ARM_GCC_541\Debug\Blinky_FreeRTOS10.a(CyLib.o)
 .text.CyDelayFreq
                0x00000000       0x4c .\CortexM0\ARM_GCC_541\Debug\Blinky_FreeRTOS10.a(CyLib.o)
 .text.CySysTickStop
                0x00000000       0x10 .\CortexM0\ARM_GCC_541\Debug\Blinky_FreeRTOS10.a(CyLib.o)
 .text.CySysTickEnableInterrupt
                0x00000000       0x10 .\CortexM0\ARM_GCC_541\Debug\Blinky_FreeRTOS10.a(CyLib.o)
 .text.CySysTickEnable
                0x00000000       0x18 .\CortexM0\ARM_GCC_541\Debug\Blinky_FreeRTOS10.a(CyLib.o)
 .text.CySysTickDisableInterrupt
                0x00000000       0x10 .\CortexM0\ARM_GCC_541\Debug\Blinky_FreeRTOS10.a(CyLib.o)
 .text.CySysTickSetReload
                0x00000000       0x10 .\CortexM0\ARM_GCC_541\Debug\Blinky_FreeRTOS10.a(CyLib.o)
 .text.CySysTickGetReload
                0x00000000       0x10 .\CortexM0\ARM_GCC_541\Debug\Blinky_FreeRTOS10.a(CyLib.o)
 .text.CySysTickGetValue
                0x00000000       0x10 .\CortexM0\ARM_GCC_541\Debug\Blinky_FreeRTOS10.a(CyLib.o)
 .text.CySysTickGetCountFlag
                0x00000000       0x10 .\CortexM0\ARM_GCC_541\Debug\Blinky_FreeRTOS10.a(CyLib.o)
 .text.CySysTickServiceCallbacks
                0x00000000       0x28 .\CortexM0\ARM_GCC_541\Debug\Blinky_FreeRTOS10.a(CyLib.o)
 .text.CySysTickClear
                0x00000000        0xc .\CortexM0\ARM_GCC_541\Debug\Blinky_FreeRTOS10.a(CyLib.o)
 .text.CySysTickInit
                0x00000000       0x40 .\CortexM0\ARM_GCC_541\Debug\Blinky_FreeRTOS10.a(CyLib.o)
 .text.CySysTickStart
                0x00000000       0x20 .\CortexM0\ARM_GCC_541\Debug\Blinky_FreeRTOS10.a(CyLib.o)
 .text.CySysTickSetCallback
                0x00000000       0x10 .\CortexM0\ARM_GCC_541\Debug\Blinky_FreeRTOS10.a(CyLib.o)
 .text.CySysTickGetCallback
                0x00000000        0xc .\CortexM0\ARM_GCC_541\Debug\Blinky_FreeRTOS10.a(CyLib.o)
 .text.CyGetUniqueId
                0x00000000       0x70 .\CortexM0\ARM_GCC_541\Debug\Blinky_FreeRTOS10.a(CyLib.o)
 .text          0x00000000        0x0 .\CortexM0\ARM_GCC_541\Debug\Blinky_FreeRTOS10.a(CyLFClk.o)
 .text.CySysClkIloEnabled
                0x00000000       0x14 .\CortexM0\ARM_GCC_541\Debug\Blinky_FreeRTOS10.a(CyLFClk.o)
 .text.CySysClkIloStart
                0x00000000       0x14 .\CortexM0\ARM_GCC_541\Debug\Blinky_FreeRTOS10.a(CyLFClk.o)
 .text.CySysClkIloStartMeasurement
                0x00000000       0x34 .\CortexM0\ARM_GCC_541\Debug\Blinky_FreeRTOS10.a(CyLFClk.o)
 .text.CySysClkIloStopMeasurement
                0x00000000       0x14 .\CortexM0\ARM_GCC_541\Debug\Blinky_FreeRTOS10.a(CyLFClk.o)
 .text.CySysClkIloCompensate
                0x00000000      0x104 .\CortexM0\ARM_GCC_541\Debug\Blinky_FreeRTOS10.a(CyLFClk.o)
 .text.CySysWdtGetEnabledStatus
                0x00000000       0x24 .\CortexM0\ARM_GCC_541\Debug\Blinky_FreeRTOS10.a(CyLFClk.o)
 .text.CySysWdtSetMode
                0x00000000       0x38 .\CortexM0\ARM_GCC_541\Debug\Blinky_FreeRTOS10.a(CyLFClk.o)
 .text.CySysClkLfclkPosedgeRestore
                0x00000000       0x2c .\CortexM0\ARM_GCC_541\Debug\Blinky_FreeRTOS10.a(CyLFClk.o)
 .text.CySysWdtGetMode
                0x00000000       0x14 .\CortexM0\ARM_GCC_541\Debug\Blinky_FreeRTOS10.a(CyLFClk.o)
 .text.CySysWdtSetClearOnMatch
                0x00000000       0x34 .\CortexM0\ARM_GCC_541\Debug\Blinky_FreeRTOS10.a(CyLFClk.o)
 .text.CySysWdtGetClearOnMatch
                0x00000000       0x24 .\CortexM0\ARM_GCC_541\Debug\Blinky_FreeRTOS10.a(CyLFClk.o)
 .text.CySysWdtEnable
                0x00000000       0x40 .\CortexM0\ARM_GCC_541\Debug\Blinky_FreeRTOS10.a(CyLFClk.o)
 .text.CySysWdtDisable
                0x00000000       0x44 .\CortexM0\ARM_GCC_541\Debug\Blinky_FreeRTOS10.a(CyLFClk.o)
 .text.CySysWdtSetCascade
                0x00000000       0x34 .\CortexM0\ARM_GCC_541\Debug\Blinky_FreeRTOS10.a(CyLFClk.o)
 .text.CySysWdtGetCascade
                0x00000000       0x14 .\CortexM0\ARM_GCC_541\Debug\Blinky_FreeRTOS10.a(CyLFClk.o)
 .text.CySysWdtSetMatch
                0x00000000       0x38 .\CortexM0\ARM_GCC_541\Debug\Blinky_FreeRTOS10.a(CyLFClk.o)
 .text.CySysWdtSetToggleBit
                0x00000000       0x30 .\CortexM0\ARM_GCC_541\Debug\Blinky_FreeRTOS10.a(CyLFClk.o)
 .text.CySysWdtGetToggleBit
                0x00000000       0x10 .\CortexM0\ARM_GCC_541\Debug\Blinky_FreeRTOS10.a(CyLFClk.o)
 .text.CySysWdtGetMatch
                0x00000000       0x20 .\CortexM0\ARM_GCC_541\Debug\Blinky_FreeRTOS10.a(CyLFClk.o)
 .text.CySysWdtGetCount
                0x00000000       0x3c .\CortexM0\ARM_GCC_541\Debug\Blinky_FreeRTOS10.a(CyLFClk.o)
 .text.CySysClkLfclkPosedgeCatch
                0x00000000       0x74 .\CortexM0\ARM_GCC_541\Debug\Blinky_FreeRTOS10.a(CyLFClk.o)
 .text.CySysClkIloStop
                0x00000000       0x38 .\CortexM0\ARM_GCC_541\Debug\Blinky_FreeRTOS10.a(CyLFClk.o)
 .text.CySysWdtGetInterruptSource
                0x00000000       0x14 .\CortexM0\ARM_GCC_541\Debug\Blinky_FreeRTOS10.a(CyLFClk.o)
 .text.CySysWdtResetCounters
                0x00000000       0x20 .\CortexM0\ARM_GCC_541\Debug\Blinky_FreeRTOS10.a(CyLFClk.o)
 .text.CySysWdtSetInterruptCallback
                0x00000000       0x20 .\CortexM0\ARM_GCC_541\Debug\Blinky_FreeRTOS10.a(CyLFClk.o)
 .text.CySysWdtGetInterruptCallback
                0x00000000       0x20 .\CortexM0\ARM_GCC_541\Debug\Blinky_FreeRTOS10.a(CyLFClk.o)
 .text.CySysWdtEnableCounterIsr
                0x00000000       0x34 .\CortexM0\ARM_GCC_541\Debug\Blinky_FreeRTOS10.a(CyLFClk.o)
 .text.CySysWdtDisableCounterIsr
                0x00000000       0x28 .\CortexM0\ARM_GCC_541\Debug\Blinky_FreeRTOS10.a(CyLFClk.o)
 .text.CySysWatchdogFeed
                0x00000000       0x60 .\CortexM0\ARM_GCC_541\Debug\Blinky_FreeRTOS10.a(CyLFClk.o)
 .text.CySysTimerDelayUntilMatch
                0x00000000       0x6c .\CortexM0\ARM_GCC_541\Debug\Blinky_FreeRTOS10.a(CyLFClk.o)
 .text.CySysTimerDelay
                0x00000000       0x3c .\CortexM0\ARM_GCC_541\Debug\Blinky_FreeRTOS10.a(CyLFClk.o)
 .rodata        0x00000000        0xc .\CortexM0\ARM_GCC_541\Debug\Blinky_FreeRTOS10.a(CyLFClk.o)
 .text          0x00000000        0x0 .\CortexM0\ARM_GCC_541\Debug\Blinky_FreeRTOS10.a(LED.o)
 .data          0x00000000        0x0 .\CortexM0\ARM_GCC_541\Debug\Blinky_FreeRTOS10.a(LED.o)
 .bss           0x00000000        0x0 .\CortexM0\ARM_GCC_541\Debug\Blinky_FreeRTOS10.a(LED.o)
 .text.LED_SetDriveMode
                0x00000000       0x18 .\CortexM0\ARM_GCC_541\Debug\Blinky_FreeRTOS10.a(LED.o)
 .text.LED_Read
                0x00000000       0x10 .\CortexM0\ARM_GCC_541\Debug\Blinky_FreeRTOS10.a(LED.o)
 .text.LED_ReadDataReg
                0x00000000       0x10 .\CortexM0\ARM_GCC_541\Debug\Blinky_FreeRTOS10.a(LED.o)
 .text.LED_SetInterruptMode
                0x00000000       0x14 .\CortexM0\ARM_GCC_541\Debug\Blinky_FreeRTOS10.a(LED.o)
 .text.LED_ClearInterrupt
                0x00000000       0x14 .\CortexM0\ARM_GCC_541\Debug\Blinky_FreeRTOS10.a(LED.o)
 .data          0x00000000        0x0 .\CortexM0\ARM_GCC_541\Debug\Blinky_FreeRTOS10.a(CyBootAsmGnu.o)
 .bss           0x00000000        0x0 .\CortexM0\ARM_GCC_541\Debug\Blinky_FreeRTOS10.a(CyBootAsmGnu.o)
 .data          0x00000000        0x0 c:/program files (x86)/cypress/psoc creator/4.1/psoc creator/import/gnu/arm/5.4.1/bin/../lib/gcc/arm-none-eabi/5.4.1/armv6-m\libgcc.a(_udivsi3.o)
 .bss           0x00000000        0x0 c:/program files (x86)/cypress/psoc creator/4.1/psoc creator/import/gnu/arm/5.4.1/bin/../lib/gcc/arm-none-eabi/5.4.1/armv6-m\libgcc.a(_udivsi3.o)
 .data          0x00000000        0x0 c:/program files (x86)/cypress/psoc creator/4.1/psoc creator/import/gnu/arm/5.4.1/bin/../lib/gcc/arm-none-eabi/5.4.1/armv6-m\libgcc.a(_dvmd_tls.o)
 .bss           0x00000000        0x0 c:/program files (x86)/cypress/psoc creator/4.1/psoc creator/import/gnu/arm/5.4.1/bin/../lib/gcc/arm-none-eabi/5.4.1/armv6-m\libgcc.a(_dvmd_tls.o)
 .text          0x00000000        0x0 c:/program files (x86)/cypress/psoc creator/4.1/psoc creator/import/gnu/arm/5.4.1/bin/../lib/gcc/arm-none-eabi/5.4.1/../../../../arm-none-eabi/lib/armv6-m\libg_nano.a(lib_a-errno.o)
 .data          0x00000000        0x0 c:/program files (x86)/cypress/psoc creator/4.1/psoc creator/import/gnu/arm/5.4.1/bin/../lib/gcc/arm-none-eabi/5.4.1/../../../../arm-none-eabi/lib/armv6-m\libg_nano.a(lib_a-errno.o)
 .bss           0x00000000        0x0 c:/program files (x86)/cypress/psoc creator/4.1/psoc creator/import/gnu/arm/5.4.1/bin/../lib/gcc/arm-none-eabi/5.4.1/../../../../arm-none-eabi/lib/armv6-m\libg_nano.a(lib_a-errno.o)
 .text          0x00000000        0x0 c:/program files (x86)/cypress/psoc creator/4.1/psoc creator/import/gnu/arm/5.4.1/bin/../lib/gcc/arm-none-eabi/5.4.1/../../../../arm-none-eabi/lib/armv6-m\libg_nano.a(lib_a-exit.o)
 .data          0x00000000        0x0 c:/program files (x86)/cypress/psoc creator/4.1/psoc creator/import/gnu/arm/5.4.1/bin/../lib/gcc/arm-none-eabi/5.4.1/../../../../arm-none-eabi/lib/armv6-m\libg_nano.a(lib_a-exit.o)
 .bss           0x00000000        0x0 c:/program files (x86)/cypress/psoc creator/4.1/psoc creator/import/gnu/arm/5.4.1/bin/../lib/gcc/arm-none-eabi/5.4.1/../../../../arm-none-eabi/lib/armv6-m\libg_nano.a(lib_a-exit.o)
 .text.exit     0x00000000       0x2c c:/program files (x86)/cypress/psoc creator/4.1/psoc creator/import/gnu/arm/5.4.1/bin/../lib/gcc/arm-none-eabi/5.4.1/../../../../arm-none-eabi/lib/armv6-m\libg_nano.a(lib_a-exit.o)
 .text          0x00000000        0x0 c:/program files (x86)/cypress/psoc creator/4.1/psoc creator/import/gnu/arm/5.4.1/bin/../lib/gcc/arm-none-eabi/5.4.1/../../../../arm-none-eabi/lib/armv6-m\libg_nano.a(lib_a-impure.o)
 .data          0x00000000        0x0 c:/program files (x86)/cypress/psoc creator/4.1/psoc creator/import/gnu/arm/5.4.1/bin/../lib/gcc/arm-none-eabi/5.4.1/../../../../arm-none-eabi/lib/armv6-m\libg_nano.a(lib_a-impure.o)
 .bss           0x00000000        0x0 c:/program files (x86)/cypress/psoc creator/4.1/psoc creator/import/gnu/arm/5.4.1/bin/../lib/gcc/arm-none-eabi/5.4.1/../../../../arm-none-eabi/lib/armv6-m\libg_nano.a(lib_a-impure.o)
 .rodata._global_impure_ptr
                0x00000000        0x4 c:/program files (x86)/cypress/psoc creator/4.1/psoc creator/import/gnu/arm/5.4.1/bin/../lib/gcc/arm-none-eabi/5.4.1/../../../../arm-none-eabi/lib/armv6-m\libg_nano.a(lib_a-impure.o)
 .text          0x00000000        0x0 c:/program files (x86)/cypress/psoc creator/4.1/psoc creator/import/gnu/arm/5.4.1/bin/../lib/gcc/arm-none-eabi/5.4.1/../../../../arm-none-eabi/lib/armv6-m\libg_nano.a(lib_a-init.o)
 .data          0x00000000        0x0 c:/program files (x86)/cypress/psoc creator/4.1/psoc creator/import/gnu/arm/5.4.1/bin/../lib/gcc/arm-none-eabi/5.4.1/../../../../arm-none-eabi/lib/armv6-m\libg_nano.a(lib_a-init.o)
 .bss           0x00000000        0x0 c:/program files (x86)/cypress/psoc creator/4.1/psoc creator/import/gnu/arm/5.4.1/bin/../lib/gcc/arm-none-eabi/5.4.1/../../../../arm-none-eabi/lib/armv6-m\libg_nano.a(lib_a-init.o)
 .text          0x00000000        0x0 c:/program files (x86)/cypress/psoc creator/4.1/psoc creator/import/gnu/arm/5.4.1/bin/../lib/gcc/arm-none-eabi/5.4.1/../../../../arm-none-eabi/lib/armv6-m\libg_nano.a(lib_a-memcpy-stub.o)
 .data          0x00000000        0x0 c:/program files (x86)/cypress/psoc creator/4.1/psoc creator/import/gnu/arm/5.4.1/bin/../lib/gcc/arm-none-eabi/5.4.1/../../../../arm-none-eabi/lib/armv6-m\libg_nano.a(lib_a-memcpy-stub.o)
 .bss           0x00000000        0x0 c:/program files (x86)/cypress/psoc creator/4.1/psoc creator/import/gnu/arm/5.4.1/bin/../lib/gcc/arm-none-eabi/5.4.1/../../../../arm-none-eabi/lib/armv6-m\libg_nano.a(lib_a-memcpy-stub.o)
 .text.memcpy   0x00000000       0x12 c:/program files (x86)/cypress/psoc creator/4.1/psoc creator/import/gnu/arm/5.4.1/bin/../lib/gcc/arm-none-eabi/5.4.1/../../../../arm-none-eabi/lib/armv6-m\libg_nano.a(lib_a-memcpy-stub.o)
 .text          0x00000000        0x0 c:/program files (x86)/cypress/psoc creator/4.1/psoc creator/import/gnu/arm/5.4.1/bin/../lib/gcc/arm-none-eabi/5.4.1/../../../../arm-none-eabi/lib/armv6-m\libg_nano.a(lib_a-memset.o)
 .data          0x00000000        0x0 c:/program files (x86)/cypress/psoc creator/4.1/psoc creator/import/gnu/arm/5.4.1/bin/../lib/gcc/arm-none-eabi/5.4.1/../../../../arm-none-eabi/lib/armv6-m\libg_nano.a(lib_a-memset.o)
 .bss           0x00000000        0x0 c:/program files (x86)/cypress/psoc creator/4.1/psoc creator/import/gnu/arm/5.4.1/bin/../lib/gcc/arm-none-eabi/5.4.1/../../../../arm-none-eabi/lib/armv6-m\libg_nano.a(lib_a-memset.o)
 .text          0x00000000        0x0 c:/program files (x86)/cypress/psoc creator/4.1/psoc creator/import/gnu/arm/5.4.1/bin/../lib/gcc/arm-none-eabi/5.4.1/armv6-m/crtend.o
 .data          0x00000000        0x0 c:/program files (x86)/cypress/psoc creator/4.1/psoc creator/import/gnu/arm/5.4.1/bin/../lib/gcc/arm-none-eabi/5.4.1/armv6-m/crtend.o
 .bss           0x00000000        0x0 c:/program files (x86)/cypress/psoc creator/4.1/psoc creator/import/gnu/arm/5.4.1/bin/../lib/gcc/arm-none-eabi/5.4.1/armv6-m/crtend.o
 .text          0x00000000        0x0 c:/program files (x86)/cypress/psoc creator/4.1/psoc creator/import/gnu/arm/5.4.1/bin/../lib/gcc/arm-none-eabi/5.4.1/armv6-m/crtn.o
 .data          0x00000000        0x0 c:/program files (x86)/cypress/psoc creator/4.1/psoc creator/import/gnu/arm/5.4.1/bin/../lib/gcc/arm-none-eabi/5.4.1/armv6-m/crtn.o
 .bss           0x00000000        0x0 c:/program files (x86)/cypress/psoc creator/4.1/psoc creator/import/gnu/arm/5.4.1/bin/../lib/gcc/arm-none-eabi/5.4.1/armv6-m/crtn.o

Memory Configuration

Name             Origin             Length             Attributes
rom              0x00000000         0x00008000         xr
ram              0x20000000         0x00001000         xrw
*default*        0x00000000         0xffffffff

Linker script and memory map

LOAD c:/program files (x86)/cypress/psoc creator/4.1/psoc creator/import/gnu/arm/5.4.1/bin/../lib/gcc/arm-none-eabi/5.4.1/armv6-m/crti.o
LOAD c:/program files (x86)/cypress/psoc creator/4.1/psoc creator/import/gnu/arm/5.4.1/bin/../lib/gcc/arm-none-eabi/5.4.1/armv6-m/crtbegin.o
LOAD c:/program files (x86)/cypress/psoc creator/4.1/psoc creator/import/gnu/arm/5.4.1/bin/../lib/gcc/arm-none-eabi/5.4.1/../../../../arm-none-eabi/lib/armv6-m/crt0.o
START GROUP
LOAD .\CortexM0\ARM_GCC_541\Debug\main.o
LOAD .\CortexM0\ARM_GCC_541\Debug\app.o
LOAD .\CortexM0\ARM_GCC_541\Debug\croutine.o
LOAD .\CortexM0\ARM_GCC_541\Debug\event_groups.o
LOAD .\CortexM0\ARM_GCC_541\Debug\list.o
LOAD .\CortexM0\ARM_GCC_541\Debug\queue.o
LOAD .\CortexM0\ARM_GCC_541\Debug\stream_buffer.o
LOAD .\CortexM0\ARM_GCC_541\Debug\tasks.o
LOAD .\CortexM0\ARM_GCC_541\Debug\timers.o
LOAD .\CortexM0\ARM_GCC_541\Debug\port.o
LOAD .\CortexM0\ARM_GCC_541\Debug\heap_1.o
LOAD .\CortexM0\ARM_GCC_541\Debug\cyfitter_cfg.o
LOAD .\CortexM0\ARM_GCC_541\Debug\cymetadata.o
LOAD .\CortexM0\ARM_GCC_541\Debug\Cm0Start.o
LOAD .\CortexM0\ARM_GCC_541\Debug\Blinky_FreeRTOS10.a
LOAD C:\Program Files (x86)\Cypress\PSoC Creator\4.1\PSoC Creator\psoc\content\cycomponentlibrary\CyComponentLibrary.cylib\CortexM0\ARM_GCC_541\Debug\CyComponentLibrary.a
END GROUP
START GROUP
LOAD c:/program files (x86)/cypress/psoc creator/4.1/psoc creator/import/gnu/arm/5.4.1/bin/../lib/gcc/arm-none-eabi/5.4.1/armv6-m\libgcc.a
LOAD c:/program files (x86)/cypress/psoc creator/4.1/psoc creator/import/gnu/arm/5.4.1/bin/../lib/gcc/arm-none-eabi/5.4.1/../../../../arm-none-eabi/lib/armv6-m\libg_nano.a
LOAD c:/program files (x86)/cypress/psoc creator/4.1/psoc creator/import/gnu/arm/5.4.1/bin/../lib/gcc/arm-none-eabi/5.4.1/../../../../arm-none-eabi/lib/armv6-m\libc_nano.a
END GROUP
START GROUP
LOAD c:/program files (x86)/cypress/psoc creator/4.1/psoc creator/import/gnu/arm/5.4.1/bin/../lib/gcc/arm-none-eabi/5.4.1/armv6-m\libgcc.a
LOAD c:/program files (x86)/cypress/psoc creator/4.1/psoc creator/import/gnu/arm/5.4.1/bin/../lib/gcc/arm-none-eabi/5.4.1/../../../../arm-none-eabi/lib/armv6-m\libc_nano.a
END GROUP
LOAD c:/program files (x86)/cypress/psoc creator/4.1/psoc creator/import/gnu/arm/5.4.1/bin/../lib/gcc/arm-none-eabi/5.4.1/armv6-m/crtend.o
LOAD c:/program files (x86)/cypress/psoc creator/4.1/psoc creator/import/gnu/arm/5.4.1/bin/../lib/gcc/arm-none-eabi/5.4.1/armv6-m/crtn.o
START GROUP
LOAD c:/program files (x86)/cypress/psoc creator/4.1/psoc creator/import/gnu/arm/5.4.1/bin/../lib/gcc/arm-none-eabi/5.4.1/armv6-m\libgcc.a
LOAD c:/program files (x86)/cypress/psoc creator/4.1/psoc creator/import/gnu/arm/5.4.1/bin/../lib/gcc/arm-none-eabi/5.4.1/../../../../arm-none-eabi/lib/armv6-m\libc.a
LOAD c:/program files (x86)/cypress/psoc creator/4.1/psoc creator/import/gnu/arm/5.4.1/bin/../lib/gcc/arm-none-eabi/5.4.1/../../../../arm-none-eabi/lib/armv6-m\libnosys.a
END GROUP
                0x00000000                CY_APPL_ORIGIN = 0x0
                0x00000080                CY_FLASH_ROW_SIZE = 0x80
                0x00000001                CY_APPL_NUM = 0x1
                0x00000001                CY_APPL_MAX = 0x1
                0x00000040                CY_METADATA_SIZE = 0x40
                0x00000000                CY_APPL_LOADABLE = 0x0
                0x00000000                CY_CHECKSUM_EXCLUDE_SIZE = ALIGN (0x0, CY_FLASH_ROW_SIZE)
                0x00000000                CY_APP_FOR_STACK_AND_COPIER = 0x0
                [!provide]                PROVIDE (__cy_heap_start, _end)
                0x00000001                PROVIDE (__cy_region_num, ((__cy_regions_end - __cy_regions) / 0x10))
                0x20001000                PROVIDE (__cy_stack, (ORIGIN (ram) + LENGTH (ram)))
                [!provide]                PROVIDE (__cy_heap_end, (__cy_stack - 0x400))

.cybootloader   0x00000000        0x0
 *(.cybootloader)
                0x00000000                appl1_start = CY_APPL_ORIGIN?CY_APPL_ORIGIN:ALIGN (CY_FLASH_ROW_SIZE)
                0x00003f80                appl2_start = (appl1_start + ALIGN ((((LENGTH (rom) - appl1_start) - (0x2 * CY_FLASH_ROW_SIZE)) / 0x2), CY_FLASH_ROW_SIZE))
                0x00000000                appl_start = (CY_APPL_NUM == 0x1)?appl1_start:appl2_start
                0x00000001                cy_project_type_bootloader = (appl_start == 0x0)?0x1:0x0
                0x00000000                cy_project_type_app_for_stack_and_copier = (CY_APP_FOR_STACK_AND_COPIER == 0x1)?0x1:0x0

.text           0x00000000      0xfa4
 CREATE_OBJECT_SYMBOLS
                0x00000000                PROVIDE (__cy_interrupt_vector, RomVectors)
 *(.romvectors)
 .romvectors    0x00000000       0x10 .\CortexM0\ARM_GCC_541\Debug\Cm0Start.o
                0x00000000                RomVectors
                0x00000001                ASSERT ((. != __cy_interrupt_vector), No interrupt vector)
                0x00000001                ASSERT (CY_APPL_ORIGIN?(SIZEOF (.cybootloader) <= CY_APPL_ORIGIN):0x1, Wrong image location)
                0x00000010                PROVIDE (__cy_reset, Reset)
 *(.text.Reset)
 .text.Reset    0x00000010        0x8 .\CortexM0\ARM_GCC_541\Debug\Cm0Start.o
                0x00000010                Reset
                0x00000001                ASSERT ((. != __cy_reset), No reset code)
 *(.psocinit)
 .psocinit      0x00000018       0xdc .\CortexM0\ARM_GCC_541\Debug\cyfitter_cfg.o
                0x00000074                cyfitter_cfg
                0x00000100                . = MAX (., 0x100)
 *fill*         0x000000f4        0xc 
 *(.text .text.* .gnu.linkonce.t.*)
 .text          0x00000100       0x60 c:/program files (x86)/cypress/psoc creator/4.1/psoc creator/import/gnu/arm/5.4.1/bin/../lib/gcc/arm-none-eabi/5.4.1/armv6-m/crtbegin.o
 .text.main     0x00000160       0x2c .\CortexM0\ARM_GCC_541\Debug\main.o
                0x00000160                main
 .text.vLEDTask
                0x0000018c       0x28 .\CortexM0\ARM_GCC_541\Debug\app.o
                0x0000018c                vLEDTask
 .text.prvHardwareSetup
                0x000001b4       0x2c .\CortexM0\ARM_GCC_541\Debug\app.o
                0x000001b4                prvHardwareSetup
 .text.vApplicationMallocFailedHook
                0x000001e0        0xc .\CortexM0\ARM_GCC_541\Debug\app.o
                0x000001e0                vApplicationMallocFailedHook
 .text.vApplicationStackOverflowHook
                0x000001ec        0x4 .\CortexM0\ARM_GCC_541\Debug\app.o
                0x000001ec                vApplicationStackOverflowHook
 .text.vListInitialise
                0x000001f0       0x18 .\CortexM0\ARM_GCC_541\Debug\list.o
                0x000001f0                vListInitialise
 .text.vListInitialiseItem
                0x00000208        0x8 .\CortexM0\ARM_GCC_541\Debug\list.o
                0x00000208                vListInitialiseItem
 .text.vListInsertEnd
                0x00000210       0x18 .\CortexM0\ARM_GCC_541\Debug\list.o
                0x00000210                vListInsertEnd
 .text.vListInsert
                0x00000228       0x30 .\CortexM0\ARM_GCC_541\Debug\list.o
                0x00000228                vListInsert
 .text.uxListRemove
                0x00000258       0x28 .\CortexM0\ARM_GCC_541\Debug\list.o
                0x00000258                uxListRemove
 .text.prvResetNextTaskUnblockTime
                0x00000280       0x30 .\CortexM0\ARM_GCC_541\Debug\tasks.o
 .text.prvDeleteTCB
                0x000002b0       0x14 .\CortexM0\ARM_GCC_541\Debug\tasks.o
 .text.prvInitialiseNewTask
                0x000002c4       0xac .\CortexM0\ARM_GCC_541\Debug\tasks.o
 .text.prvInitialiseTaskLists
                0x00000370       0x58 .\CortexM0\ARM_GCC_541\Debug\tasks.o
 .text.prvAddNewTaskToReadyList
                0x000003c8       0x8c .\CortexM0\ARM_GCC_541\Debug\tasks.o
 .text.prvCheckTasksWaitingTermination
                0x00000454       0x38 .\CortexM0\ARM_GCC_541\Debug\tasks.o
 .text.prvIdleTask
                0x0000048c        0x8 .\CortexM0\ARM_GCC_541\Debug\tasks.o
 .text.prvAddCurrentTaskToDelayedList
                0x00000494       0x64 .\CortexM0\ARM_GCC_541\Debug\tasks.o
 .text.xTaskCreate
                0x000004f8       0x60 .\CortexM0\ARM_GCC_541\Debug\tasks.o
                0x000004f8                xTaskCreate
 .text.vTaskStartScheduler
                0x00000558       0x48 .\CortexM0\ARM_GCC_541\Debug\tasks.o
                0x00000558                vTaskStartScheduler
 .text.vTaskSuspendAll
                0x000005a0       0x10 .\CortexM0\ARM_GCC_541\Debug\tasks.o
                0x000005a0                vTaskSuspendAll
 .text.xTaskIncrementTick
                0x000005b0       0xd8 .\CortexM0\ARM_GCC_541\Debug\tasks.o
                0x000005b0                xTaskIncrementTick
 .text.xTaskResumeAll
                0x00000688       0xc8 .\CortexM0\ARM_GCC_541\Debug\tasks.o
                0x00000688                xTaskResumeAll
 .text.vTaskDelay
                0x00000750       0x24 .\CortexM0\ARM_GCC_541\Debug\tasks.o
                0x00000750                vTaskDelay
 .text.vTaskSwitchContext
                0x00000774       0xb4 .\CortexM0\ARM_GCC_541\Debug\tasks.o
                0x00000774                vTaskSwitchContext
 .text.prvTaskExitError
                0x00000828       0x14 .\CortexM0\ARM_GCC_541\Debug\port.o
 *fill*         0x0000083c        0x4 
 .text.vPortStartFirstTask
                0x00000840       0x34 .\CortexM0\ARM_GCC_541\Debug\port.o
 .text.prvSetupTimerInterrupt
                0x00000874       0x28 .\CortexM0\ARM_GCC_541\Debug\port.o
 .text.pxPortInitialiseStack
                0x0000089c       0x20 .\CortexM0\ARM_GCC_541\Debug\port.o
                0x0000089c                pxPortInitialiseStack
 .text.SVC_Handler
                0x000008bc        0x4 .\CortexM0\ARM_GCC_541\Debug\port.o
                0x000008bc                SVC_Handler
 .text.xPortStartScheduler
                0x000008c0       0x3c .\CortexM0\ARM_GCC_541\Debug\port.o
                0x000008c0                xPortStartScheduler
 .text.vPortYield
                0x000008fc       0x18 .\CortexM0\ARM_GCC_541\Debug\port.o
                0x000008fc                vPortYield
 .text.vPortEnterCritical
                0x00000914       0x18 .\CortexM0\ARM_GCC_541\Debug\port.o
                0x00000914                vPortEnterCritical
 .text.vPortExitCritical
                0x0000092c       0x14 .\CortexM0\ARM_GCC_541\Debug\port.o
                0x0000092c                vPortExitCritical
 .text.ulSetInterruptMaskFromISR
                0x00000940        0x8 .\CortexM0\ARM_GCC_541\Debug\port.o
                0x00000940                ulSetInterruptMaskFromISR
 .text.vClearInterruptMaskFromISR
                0x00000948        0x8 .\CortexM0\ARM_GCC_541\Debug\port.o
                0x00000948                vClearInterruptMaskFromISR
 .text.PendSV_Handler
                0x00000950       0x44 .\CortexM0\ARM_GCC_541\Debug\port.o
                0x00000950                PendSV_Handler
 .text.SysTick_Handler
                0x00000994       0x24 .\CortexM0\ARM_GCC_541\Debug\port.o
                0x00000994                SysTick_Handler
 .text.pvPortMalloc
                0x000009b8       0x64 .\CortexM0\ARM_GCC_541\Debug\heap_1.o
                0x000009b8                pvPortMalloc
 .text.vPortFree
                0x00000a1c        0x4 .\CortexM0\ARM_GCC_541\Debug\heap_1.o
                0x00000a1c                vPortFree
 .text.CYMEMZERO
                0x00000a20        0xc .\CortexM0\ARM_GCC_541\Debug\cyfitter_cfg.o
 .text.IntDefaultHandler
                0x00000a2c       0x10 .\CortexM0\ARM_GCC_541\Debug\Cm0Start.o
                0x00000a2c                IntDefaultHandler
 .text.Start_c  0x00000a3c       0x48 .\CortexM0\ARM_GCC_541\Debug\Cm0Start.o
                0x00000a3c                Start_c
 .text.initialize_psoc
                0x00000a84       0x40 .\CortexM0\ARM_GCC_541\Debug\Cm0Start.o
                0x00000a84                initialize_psoc
 .text.CyIntEnable
                0x00000ac4       0x14 .\CortexM0\ARM_GCC_541\Debug\Blinky_FreeRTOS10.a(CyLib.o)
                0x00000ac4                CyIntEnable
 .text.CyHalt   0x00000ad8        0x4 .\CortexM0\ARM_GCC_541\Debug\Blinky_FreeRTOS10.a(CyLib.o)
                0x00000ad8                CyHalt
 .text.CyIntSetSysVector
                0x00000adc       0x20 .\CortexM0\ARM_GCC_541\Debug\Blinky_FreeRTOS10.a(CyLib.o)
                0x00000adc                CyIntSetSysVector
 .text.CyIntSetVector
                0x00000afc       0x24 .\CortexM0\ARM_GCC_541\Debug\Blinky_FreeRTOS10.a(CyLib.o)
                0x00000afc                CyIntSetVector
 .text.CyDelayUs
                0x00000b20       0x14 .\CortexM0\ARM_GCC_541\Debug\Blinky_FreeRTOS10.a(CyLib.o)
                0x00000b20                CyDelayUs
 .text.CySysClkWriteImoFreq
                0x00000b34      0x164 .\CortexM0\ARM_GCC_541\Debug\Blinky_FreeRTOS10.a(CyLib.o)
                0x00000b34                CySysClkWriteImoFreq
 .text.CySysWdtLocked
                0x00000c98       0x14 .\CortexM0\ARM_GCC_541\Debug\Blinky_FreeRTOS10.a(CyLFClk.o)
 .text.CySysWdtLock
                0x00000cac       0x1c .\CortexM0\ARM_GCC_541\Debug\Blinky_FreeRTOS10.a(CyLFClk.o)
                0x00000cac                CySysWdtLock
 .text.CySysWdtUnlock
                0x00000cc8       0x30 .\CortexM0\ARM_GCC_541\Debug\Blinky_FreeRTOS10.a(CyLFClk.o)
                0x00000cc8                CySysWdtUnlock
 .text.CySysWdtClearInterrupt
                0x00000cf8       0x4c .\CortexM0\ARM_GCC_541\Debug\Blinky_FreeRTOS10.a(CyLFClk.o)
                0x00000cf8                CySysWdtClearInterrupt
 .text.CySysWdtIsr
                0x00000d44       0xa4 .\CortexM0\ARM_GCC_541\Debug\Blinky_FreeRTOS10.a(CyLFClk.o)
                0x00000d44                CySysWdtIsr
 .text.LED_Write
                0x00000de8       0x18 .\CortexM0\ARM_GCC_541\Debug\Blinky_FreeRTOS10.a(LED.o)
                0x00000de8                LED_Write
 .text          0x00000e00       0x24 .\CortexM0\ARM_GCC_541\Debug\Blinky_FreeRTOS10.a(CyBootAsmGnu.o)
                0x00000e00                CyDelayCycles
                0x00000e14                CyEnterCriticalSection
                0x00000e1c                CyExitCriticalSection
 .text          0x00000e24      0x114 c:/program files (x86)/cypress/psoc creator/4.1/psoc creator/import/gnu/arm/5.4.1/bin/../lib/gcc/arm-none-eabi/5.4.1/armv6-m\libgcc.a(_udivsi3.o)
                0x00000e24                __aeabi_uidiv
                0x00000e24                __udivsi3
                0x00000f30                __aeabi_uidivmod
 .text          0x00000f38        0x4 c:/program files (x86)/cypress/psoc creator/4.1/psoc creator/import/gnu/arm/5.4.1/bin/../lib/gcc/arm-none-eabi/5.4.1/armv6-m\libgcc.a(_dvmd_tls.o)
                0x00000f38                __aeabi_idiv0
                0x00000f38                __aeabi_ldiv0
 .text.__errno  0x00000f3c        0xc c:/program files (x86)/cypress/psoc creator/4.1/psoc creator/import/gnu/arm/5.4.1/bin/../lib/gcc/arm-none-eabi/5.4.1/../../../../arm-none-eabi/lib/armv6-m\libg_nano.a(lib_a-errno.o)
                0x00000f3c                __errno
 .text.__libc_init_array
                0x00000f48       0x4c c:/program files (x86)/cypress/psoc creator/4.1/psoc creator/import/gnu/arm/5.4.1/bin/../lib/gcc/arm-none-eabi/5.4.1/../../../../arm-none-eabi/lib/armv6-m\libg_nano.a(lib_a-init.o)
                0x00000f48                __libc_init_array
 .text.memset   0x00000f94       0x10 c:/program files (x86)/cypress/psoc creator/4.1/psoc creator/import/gnu/arm/5.4.1/bin/../lib/gcc/arm-none-eabi/5.4.1/../../../../arm-none-eabi/lib/armv6-m\libg_nano.a(lib_a-memset.o)
                0x00000f94                memset
 *(.plt)
 *(.gnu.warning)
 *(.glue_7t)
 .glue_7t       0x00000fa4        0x0 linker stubs
 *(.glue_7)
 .glue_7        0x00000fa4        0x0 linker stubs
 *(.vfp11_veneer)
 .vfp11_veneer  0x00000fa4        0x0 linker stubs
 *(.bootloader)
 *(.ARM.extab* .gnu.linkonce.armextab.*)
 *(.gcc_except_table)

.v4_bx          0x00000fa4        0x0
 .v4_bx         0x00000fa4        0x0 linker stubs

.iplt           0x00000fa4        0x0
 .iplt          0x00000fa4        0x0 c:/program files (x86)/cypress/psoc creator/4.1/psoc creator/import/gnu/arm/5.4.1/bin/../lib/gcc/arm-none-eabi/5.4.1/armv6-m/crtbegin.o

.eh_frame_hdr
 *(.eh_frame_hdr)

.eh_frame       0x00000fa4        0x4
 *(.eh_frame)
 .eh_frame      0x00000fa4        0x0 c:/program files (x86)/cypress/psoc creator/4.1/psoc creator/import/gnu/arm/5.4.1/bin/../lib/gcc/arm-none-eabi/5.4.1/armv6-m/crtbegin.o
 .eh_frame      0x00000fa4        0x4 c:/program files (x86)/cypress/psoc creator/4.1/psoc creator/import/gnu/arm/5.4.1/bin/../lib/gcc/arm-none-eabi/5.4.1/armv6-m/crtend.o
                [!provide]                PROVIDE (__exidx_start, .)

.ARM.exidx
 *(.ARM.exidx* .gnu.linkonce.armexidx.*)
                0x00000fa8                __exidx_end = .

.rodata         0x00000fa8       0x80
 *(.rodata .rodata.* .gnu.linkonce.r.*)
 .rodata.str1.4
                0x00000fa8        0x4 .\CortexM0\ARM_GCC_541\Debug\main.o
 .rodata.str1.4
                0x00000fac        0x8 .\CortexM0\ARM_GCC_541\Debug\tasks.o
                                  0x5 (size before relaxing)
 .rodata        0x00000fb4        0xc .\CortexM0\ARM_GCC_541\Debug\cyfitter_cfg.o
 .rodata        0x00000fc0       0x2e .\CortexM0\ARM_GCC_541\Debug\Blinky_FreeRTOS10.a(CyLib.o)
                0x00000fc0                cyImoFreqMhz2Reg
 .rodata.str1.1
                0x00000fee        0x2 c:/program files (x86)/cypress/psoc creator/4.1/psoc creator/import/gnu/arm/5.4.1/bin/../lib/gcc/arm-none-eabi/5.4.1/../../../../arm-none-eabi/lib/armv6-m\libg_nano.a(lib_a-impure.o)
                0x00000ff0                . = ALIGN (0x4)
 *(.init)
 .init          0x00000ff0        0x4 c:/program files (x86)/cypress/psoc creator/4.1/psoc creator/import/gnu/arm/5.4.1/bin/../lib/gcc/arm-none-eabi/5.4.1/armv6-m/crti.o
                0x00000ff0                _init
 .init          0x00000ff4        0x8 c:/program files (x86)/cypress/psoc creator/4.1/psoc creator/import/gnu/arm/5.4.1/bin/../lib/gcc/arm-none-eabi/5.4.1/armv6-m/crtn.o
                0x00000ffc                . = ALIGN (0x4)
                0x00000ffc                __preinit_array_start = .
 *(.preinit_array)
                0x00000ffc                __preinit_array_end = .
                0x00000ffc                . = ALIGN (0x4)
                0x00000ffc                __init_array_start = .
 *(SORT(.init_array.*))
 *(.init_array)
 .init_array    0x00000ffc        0x4 c:/program files (x86)/cypress/psoc creator/4.1/psoc creator/import/gnu/arm/5.4.1/bin/../lib/gcc/arm-none-eabi/5.4.1/armv6-m/crtbegin.o
 .init_array    0x00001000        0x4 .\CortexM0\ARM_GCC_541\Debug\Cm0Start.o
                0x00001004                __init_array_end = .
                0x00001004                . = ALIGN (0x4)
 *(.fini)
 .fini          0x00001004        0x4 c:/program files (x86)/cypress/psoc creator/4.1/psoc creator/import/gnu/arm/5.4.1/bin/../lib/gcc/arm-none-eabi/5.4.1/armv6-m/crti.o
                0x00001004                _fini
 .fini          0x00001008        0x8 c:/program files (x86)/cypress/psoc creator/4.1/psoc creator/import/gnu/arm/5.4.1/bin/../lib/gcc/arm-none-eabi/5.4.1/armv6-m/crtn.o
                0x00001010                . = ALIGN (0x4)
                0x00001010                __fini_array_start = .
 *(.fini_array)
 .fini_array    0x00001010        0x4 c:/program files (x86)/cypress/psoc creator/4.1/psoc creator/import/gnu/arm/5.4.1/bin/../lib/gcc/arm-none-eabi/5.4.1/armv6-m/crtbegin.o
 *(SORT(.fini_array.*))
                0x00001014                __fini_array_end = .
                0x00001014                . = ALIGN (0x4)
 *crtbegin.o(.ctors)
 *(EXCLUDE_FILE(*crtend.o) .ctors)
 *(SORT(.ctors.*))
 *crtend.o(.ctors)
                0x00001014                . = ALIGN (0x4)
 *crtbegin.o(.dtors)
 *(EXCLUDE_FILE(*crtend.o) .dtors)
 *(SORT(.dtors.*))
 *crtend.o(.dtors)
                0x00001014                . = ALIGN (0x4)
                0x00001014                __cy_regions = .
                0x00001014        0x4 LONG 0x1028 __cy_region_init_ram
                0x00001018        0x4 LONG 0x200000c0 __cy_region_start_data
                0x0000101c        0x4 LONG 0x88 __cy_region_init_size_ram
                0x00001020        0x4 LONG 0x548 __cy_region_zero_size_ram
                0x00001024                __cy_regions_end = .
                0x00001028                . = ALIGN (0x8)
 *fill*         0x00001024        0x4 
                0x00001028                _etext = .

.cy_checksum_exclude
                0x00001028        0x0
 *(.cy_checksum_exclude)

.ramvectors     0x20000000       0xc0
                0x20000000                __cy_region_start_ram = .
 *(.ramvectors)
 .ramvectors    0x20000000       0xc0 .\CortexM0\ARM_GCC_541\Debug\Cm0Start.o
                0x20000000                CyRamVectors

.noinit
 *(.noinit)

.data           0x200000c0       0x88 load address 0x00001028
                0x200000c0                __cy_region_start_data = .
 *(.jcr)
 .jcr           0x200000c0        0x0 c:/program files (x86)/cypress/psoc creator/4.1/psoc creator/import/gnu/arm/5.4.1/bin/../lib/gcc/arm-none-eabi/5.4.1/armv6-m/crtbegin.o
 .jcr           0x200000c0        0x4 c:/program files (x86)/cypress/psoc creator/4.1/psoc creator/import/gnu/arm/5.4.1/bin/../lib/gcc/arm-none-eabi/5.4.1/armv6-m/crtend.o
 *(.got.plt)
 *(.got)
 *(.shdata)
 *(.data .data.* .gnu.linkonce.d.*)
 .data          0x200000c4        0x4 .\CortexM0\ARM_GCC_541\Debug\port.o
 .data          0x200000c8       0x14 .\CortexM0\ARM_GCC_541\Debug\Blinky_FreeRTOS10.a(CyLib.o)
                0x200000c8                CySysClkPumpConfig
                0x200000cc                cydelay32kMs
                0x200000d0                cydelayFreqKhz
                0x200000d4                cydelayFreqMhz
                0x200000d8                cydelayFreqHz
 .data          0x200000dc        0x4 .\CortexM0\ARM_GCC_541\Debug\Blinky_FreeRTOS10.a(CyLFClk.o)
 .data.impure_data
                0x200000e0       0x60 c:/program files (x86)/cypress/psoc creator/4.1/psoc creator/import/gnu/arm/5.4.1/bin/../lib/gcc/arm-none-eabi/5.4.1/../../../../arm-none-eabi/lib/armv6-m\libg_nano.a(lib_a-impure.o)
 .data._impure_ptr
                0x20000140        0x4 c:/program files (x86)/cypress/psoc creator/4.1/psoc creator/import/gnu/arm/5.4.1/bin/../lib/gcc/arm-none-eabi/5.4.1/../../../../arm-none-eabi/lib/armv6-m\libg_nano.a(lib_a-impure.o)
                0x20000140                _impure_ptr
                0x20000148                . = ALIGN (0x8)
 *fill*         0x20000144        0x4 
 *(.ram)
                0x20000148                _edata = .

.igot.plt       0x20000148        0x0 load address 0x000010b0
 .igot.plt      0x20000148        0x0 c:/program files (x86)/cypress/psoc creator/4.1/psoc creator/import/gnu/arm/5.4.1/bin/../lib/gcc/arm-none-eabi/5.4.1/armv6-m/crtbegin.o

.bss            0x20000148      0x548 load address 0x000010b0
                0x20000148                PROVIDE (__bss_start__, .)
 *(.shbss)
 *(.bss .bss.* .gnu.linkonce.b.*)
 .bss           0x20000148       0x1c c:/program files (x86)/cypress/psoc creator/4.1/psoc creator/import/gnu/arm/5.4.1/bin/../lib/gcc/arm-none-eabi/5.4.1/armv6-m/crtbegin.o
 .bss           0x20000164      0x104 .\CortexM0\ARM_GCC_541\Debug\tasks.o
                0x2000023c                pxCurrentTCB
 .bss           0x20000268      0x408 .\CortexM0\ARM_GCC_541\Debug\heap_1.o
 .bss           0x20000670       0x20 .\CortexM0\ARM_GCC_541\Debug\Blinky_FreeRTOS10.a(CyLFClk.o)
 *(COMMON)
                0x20000690                . = ALIGN (0x8)
 *(.ram.b)
                0x20000690                _end = .
                0x20000690                __end = .
                0x20000690                PROVIDE (end, .)
                0x20000690                PROVIDE (__bss_end__, .)
                0x00001028                __cy_region_init_ram = LOADADDR (.data)
                0x00000088                __cy_region_init_size_ram = (_edata - ADDR (.data))
                0x00000548                __cy_region_zero_size_ram = (_end - _edata)

.heap           0x20000690      0x100 load address 0x000010b0
                0x20000690                . = _end
                0x20000790                . = (. + 0x100)
 *fill*         0x20000690      0x100 
                0x20000790                __cy_heap_limit = .

.stack          0x20000c00      0x400
                0x20000c00                __cy_stack_limit = .
                0x20001000                . = (. + 0x400)
 *fill*         0x20000c00      0x400 
                0x00000001                ASSERT ((__cy_stack_limit >= __cy_heap_limit), region RAM overflowed with stack)
                0x00000000                cy_checksum_exclude_size = (CY_APPL_LOADABLE == 0x1)?SIZEOF (.cy_checksum_exclude):0x0
                0x00000001                ASSERT ((cy_checksum_exclude_size <= CY_CHECKSUM_EXCLUDE_SIZE), CY_BOOT: Section .cy_checksum_exclude size exceedes specified limit.)
                0x00007fc0                cyloadermeta_start = (cy_project_type_bootloader || cy_project_type_app_for_stack_and_copier)?(LENGTH (rom) - CY_METADATA_SIZE):0xf0000000

.cyloadermeta
 *(.cyloadermeta)
                0x00007fc0                cyloadablemeta_start = cy_project_type_app_for_stack_and_copier?((LENGTH (rom) - CY_FLASH_ROW_SIZE) - CY_METADATA_SIZE):((LENGTH (rom) - (CY_FLASH_ROW_SIZE * (CY_APPL_NUM - 0x1))) - CY_METADATA_SIZE)

.cyloadablemeta
 *(.cyloadablemeta)

.cyflashprotect
                0x90400000       0x20
 *(.cyflashprotect)
 .cyflashprotect
                0x90400000       0x20 .\CortexM0\ARM_GCC_541\Debug\cymetadata.o
                0x90400000                cy_meta_flashprotect

.cymeta         0x90500000        0xc
 *(.cymeta)
 .cymeta        0x90500000        0xc .\CortexM0\ARM_GCC_541\Debug\cymetadata.o
                0x90500000                cy_metadata

.cychipprotect  0x90600000        0x1
 *(.cychipprotect)
 .cychipprotect
                0x90600000        0x1 .\CortexM0\ARM_GCC_541\Debug\cymetadata.o
                0x90600000                cy_meta_chipprotect

.rel.dyn        0x000010b0        0x0 load address 0x90600004
 .rel.iplt      0x000010b0        0x0 c:/program files (x86)/cypress/psoc creator/4.1/psoc creator/import/gnu/arm/5.4.1/bin/../lib/gcc/arm-none-eabi/5.4.1/armv6-m/crtbegin.o

.stab
 *(.stab)

.stabstr
 *(.stabstr)

.debug
 *(.debug)

.line
 *(.line)

.debug_srcinfo
 *(.debug_srcinfo)

.debug_sfnames
 *(.debug_sfnames)

.debug_aranges  0x00000000      0x938
 *(.debug_aranges)
 .debug_aranges
                0x00000000       0x20 .\CortexM0\ARM_GCC_541\Debug\main.o
 .debug_aranges
                0x00000020       0x38 .\CortexM0\ARM_GCC_541\Debug\app.o
 .debug_aranges
                0x00000058       0x18 .\CortexM0\ARM_GCC_541\Debug\croutine.o
 .debug_aranges
                0x00000070       0x68 .\CortexM0\ARM_GCC_541\Debug\event_groups.o
 .debug_aranges
                0x000000d8       0x40 .\CortexM0\ARM_GCC_541\Debug\list.o
 .debug_aranges
                0x00000118      0x110 .\CortexM0\ARM_GCC_541\Debug\queue.o
 .debug_aranges
                0x00000228       0xb8 .\CortexM0\ARM_GCC_541\Debug\stream_buffer.o
 .debug_aranges
                0x000002e0      0x1d0 .\CortexM0\ARM_GCC_541\Debug\tasks.o
 .debug_aranges
                0x000004b0       0x18 .\CortexM0\ARM_GCC_541\Debug\timers.o
 .debug_aranges
                0x000004c8       0x88 .\CortexM0\ARM_GCC_541\Debug\port.o
 .debug_aranges
                0x00000550       0x38 .\CortexM0\ARM_GCC_541\Debug\heap_1.o
 .debug_aranges
                0x00000588       0x30 .\CortexM0\ARM_GCC_541\Debug\cyfitter_cfg.o
 .debug_aranges
                0x000005b8       0x18 .\CortexM0\ARM_GCC_541\Debug\cymetadata.o
 .debug_aranges
                0x000005d0       0x48 .\CortexM0\ARM_GCC_541\Debug\Cm0Start.o
 .debug_aranges
                0x00000618      0x180 .\CortexM0\ARM_GCC_541\Debug\Blinky_FreeRTOS10.a(CyLib.o)
 .debug_aranges
                0x00000798      0x138 .\CortexM0\ARM_GCC_541\Debug\Blinky_FreeRTOS10.a(CyLFClk.o)
 .debug_aranges
                0x000008d0       0x48 .\CortexM0\ARM_GCC_541\Debug\Blinky_FreeRTOS10.a(LED.o)
 .debug_aranges
                0x00000918       0x20 .\CortexM0\ARM_GCC_541\Debug\Blinky_FreeRTOS10.a(CyBootAsmGnu.o)

.debug_pubnames
 *(.debug_pubnames)

.debug_info     0x00000000     0x7ee5
 *(.debug_info .gnu.linkonce.wi.*)
 .debug_info    0x00000000      0x137 .\CortexM0\ARM_GCC_541\Debug\main.o
 .debug_info    0x00000137      0x254 .\CortexM0\ARM_GCC_541\Debug\app.o
 .debug_info    0x0000038b       0x87 .\CortexM0\ARM_GCC_541\Debug\croutine.o
 .debug_info    0x00000412      0x8be .\CortexM0\ARM_GCC_541\Debug\event_groups.o
 .debug_info    0x00000cd0      0x2b4 .\CortexM0\ARM_GCC_541\Debug\list.o
 .debug_info    0x00000f84     0x1844 .\CortexM0\ARM_GCC_541\Debug\queue.o
 .debug_info    0x000027c8     0x10ba .\CortexM0\ARM_GCC_541\Debug\stream_buffer.o
 .debug_info    0x00003882     0x1fdf .\CortexM0\ARM_GCC_541\Debug\tasks.o
 .debug_info    0x00005861       0x87 .\CortexM0\ARM_GCC_541\Debug\timers.o
 .debug_info    0x000058e8      0x2d7 .\CortexM0\ARM_GCC_541\Debug\port.o
 .debug_info    0x00005bbf      0x1e5 .\CortexM0\ARM_GCC_541\Debug\heap_1.o
 .debug_info    0x00005da4      0x278 .\CortexM0\ARM_GCC_541\Debug\cyfitter_cfg.o
 .debug_info    0x0000601c       0xf8 .\CortexM0\ARM_GCC_541\Debug\cymetadata.o
 .debug_info    0x00006114      0x3a2 .\CortexM0\ARM_GCC_541\Debug\Cm0Start.o
 .debug_info    0x000064b6      0xafc .\CortexM0\ARM_GCC_541\Debug\Blinky_FreeRTOS10.a(CyLib.o)
 .debug_info    0x00006fb2      0xcfe .\CortexM0\ARM_GCC_541\Debug\Blinky_FreeRTOS10.a(CyLFClk.o)
 .debug_info    0x00007cb0      0x19d .\CortexM0\ARM_GCC_541\Debug\Blinky_FreeRTOS10.a(LED.o)
 .debug_info    0x00007e4d       0x98 .\CortexM0\ARM_GCC_541\Debug\Blinky_FreeRTOS10.a(CyBootAsmGnu.o)

.debug_abbrev   0x00000000     0x1691
 *(.debug_abbrev)
 .debug_abbrev  0x00000000       0xbc .\CortexM0\ARM_GCC_541\Debug\main.o
 .debug_abbrev  0x000000bc      0x16f .\CortexM0\ARM_GCC_541\Debug\app.o
 .debug_abbrev  0x0000022b       0x26 .\CortexM0\ARM_GCC_541\Debug\croutine.o
 .debug_abbrev  0x00000251      0x184 .\CortexM0\ARM_GCC_541\Debug\event_groups.o
 .debug_abbrev  0x000003d5       0xe3 .\CortexM0\ARM_GCC_541\Debug\list.o
 .debug_abbrev  0x000004b8      0x239 .\CortexM0\ARM_GCC_541\Debug\queue.o
 .debug_abbrev  0x000006f1      0x1d7 .\CortexM0\ARM_GCC_541\Debug\stream_buffer.o
 .debug_abbrev  0x000008c8      0x26d .\CortexM0\ARM_GCC_541\Debug\tasks.o
 .debug_abbrev  0x00000b35       0x26 .\CortexM0\ARM_GCC_541\Debug\timers.o
 .debug_abbrev  0x00000b5b      0x1a0 .\CortexM0\ARM_GCC_541\Debug\port.o
 .debug_abbrev  0x00000cfb      0x146 .\CortexM0\ARM_GCC_541\Debug\heap_1.o
 .debug_abbrev  0x00000e41      0x150 .\CortexM0\ARM_GCC_541\Debug\cyfitter_cfg.o
 .debug_abbrev  0x00000f91       0x5d .\CortexM0\ARM_GCC_541\Debug\cymetadata.o
 .debug_abbrev  0x00000fee      0x1d7 .\CortexM0\ARM_GCC_541\Debug\Cm0Start.o
 .debug_abbrev  0x000011c5      0x1e0 .\CortexM0\ARM_GCC_541\Debug\Blinky_FreeRTOS10.a(CyLib.o)
 .debug_abbrev  0x000013a5      0x210 .\CortexM0\ARM_GCC_541\Debug\Blinky_FreeRTOS10.a(CyLFClk.o)
 .debug_abbrev  0x000015b5       0xc8 .\CortexM0\ARM_GCC_541\Debug\Blinky_FreeRTOS10.a(LED.o)
 .debug_abbrev  0x0000167d       0x14 .\CortexM0\ARM_GCC_541\Debug\Blinky_FreeRTOS10.a(CyBootAsmGnu.o)

.debug_line     0x00000000     0x323c
 *(.debug_line)
 .debug_line    0x00000000       0xa2 .\CortexM0\ARM_GCC_541\Debug\main.o
 .debug_line    0x000000a2      0x218 .\CortexM0\ARM_GCC_541\Debug\app.o
 .debug_line    0x000002ba       0x1d .\CortexM0\ARM_GCC_541\Debug\croutine.o
 .debug_line    0x000002d7      0x30a .\CortexM0\ARM_GCC_541\Debug\event_groups.o
 .debug_line    0x000005e1      0x203 .\CortexM0\ARM_GCC_541\Debug\list.o
 .debug_line    0x000007e4      0x69f .\CortexM0\ARM_GCC_541\Debug\queue.o
 .debug_line    0x00000e83      0x498 .\CortexM0\ARM_GCC_541\Debug\stream_buffer.o
 .debug_line    0x0000131b      0xb93 .\CortexM0\ARM_GCC_541\Debug\tasks.o
 .debug_line    0x00001eae       0x1d .\CortexM0\ARM_GCC_541\Debug\timers.o
 .debug_line    0x00001ecb      0x2a2 .\CortexM0\ARM_GCC_541\Debug\port.o
 .debug_line    0x0000216d      0x244 .\CortexM0\ARM_GCC_541\Debug\heap_1.o
 .debug_line    0x000023b1      0x12c .\CortexM0\ARM_GCC_541\Debug\cyfitter_cfg.o
 .debug_line    0x000024dd      0x141 .\CortexM0\ARM_GCC_541\Debug\cymetadata.o
 .debug_line    0x0000261e      0x235 .\CortexM0\ARM_GCC_541\Debug\Cm0Start.o
 .debug_line    0x00002853      0x45f .\CortexM0\ARM_GCC_541\Debug\Blinky_FreeRTOS10.a(CyLib.o)
 .debug_line    0x00002cb2      0x466 .\CortexM0\ARM_GCC_541\Debug\Blinky_FreeRTOS10.a(CyLFClk.o)
 .debug_line    0x00003118       0xbb .\CortexM0\ARM_GCC_541\Debug\Blinky_FreeRTOS10.a(LED.o)
 .debug_line    0x000031d3       0x69 .\CortexM0\ARM_GCC_541\Debug\Blinky_FreeRTOS10.a(CyBootAsmGnu.o)

.debug_frame    0x00000000     0x19fc
 *(.debug_frame)
 .debug_frame   0x00000000       0x2c .\CortexM0\ARM_GCC_541\Debug\main.o
 .debug_frame   0x0000002c       0x74 .\CortexM0\ARM_GCC_541\Debug\app.o
 .debug_frame   0x000000a0      0x144 .\CortexM0\ARM_GCC_541\Debug\event_groups.o
 .debug_frame   0x000001e4       0x6c .\CortexM0\ARM_GCC_541\Debug\list.o
 .debug_frame   0x00000250      0x39c .\CortexM0\ARM_GCC_541\Debug\queue.o
 .debug_frame   0x000005ec      0x294 .\CortexM0\ARM_GCC_541\Debug\stream_buffer.o
 .debug_frame   0x00000880      0x60c .\CortexM0\ARM_GCC_541\Debug\tasks.o
 .debug_frame   0x00000e8c      0x118 .\CortexM0\ARM_GCC_541\Debug\port.o
 .debug_frame   0x00000fa4       0x60 .\CortexM0\ARM_GCC_541\Debug\heap_1.o
 .debug_frame   0x00001004       0x68 .\CortexM0\ARM_GCC_541\Debug\cyfitter_cfg.o
 .debug_frame   0x0000106c       0xbc .\CortexM0\ARM_GCC_541\Debug\Cm0Start.o
 .debug_frame   0x00001128      0x3e0 .\CortexM0\ARM_GCC_541\Debug\Blinky_FreeRTOS10.a(CyLib.o)
 .debug_frame   0x00001508      0x3a8 .\CortexM0\ARM_GCC_541\Debug\Blinky_FreeRTOS10.a(CyLFClk.o)
 .debug_frame   0x000018b0       0x70 .\CortexM0\ARM_GCC_541\Debug\Blinky_FreeRTOS10.a(LED.o)
 .debug_frame   0x00001920       0x20 c:/program files (x86)/cypress/psoc creator/4.1/psoc creator/import/gnu/arm/5.4.1/bin/../lib/gcc/arm-none-eabi/5.4.1/armv6-m\libgcc.a(_udivsi3.o)
 .debug_frame   0x00001940       0x20 c:/program files (x86)/cypress/psoc creator/4.1/psoc creator/import/gnu/arm/5.4.1/bin/../lib/gcc/arm-none-eabi/5.4.1/../../../../arm-none-eabi/lib/armv6-m\libg_nano.a(lib_a-errno.o)
 .debug_frame   0x00001960       0x28 c:/program files (x86)/cypress/psoc creator/4.1/psoc creator/import/gnu/arm/5.4.1/bin/../lib/gcc/arm-none-eabi/5.4.1/../../../../arm-none-eabi/lib/armv6-m\libg_nano.a(lib_a-exit.o)
 .debug_frame   0x00001988       0x2c c:/program files (x86)/cypress/psoc creator/4.1/psoc creator/import/gnu/arm/5.4.1/bin/../lib/gcc/arm-none-eabi/5.4.1/../../../../arm-none-eabi/lib/armv6-m\libg_nano.a(lib_a-init.o)
 .debug_frame   0x000019b4       0x28 c:/program files (x86)/cypress/psoc creator/4.1/psoc creator/import/gnu/arm/5.4.1/bin/../lib/gcc/arm-none-eabi/5.4.1/../../../../arm-none-eabi/lib/armv6-m\libg_nano.a(lib_a-memcpy-stub.o)
 .debug_frame   0x000019dc       0x20 c:/program files (x86)/cypress/psoc creator/4.1/psoc creator/import/gnu/arm/5.4.1/bin/../lib/gcc/arm-none-eabi/5.4.1/../../../../arm-none-eabi/lib/armv6-m\libg_nano.a(lib_a-memset.o)

.debug_str      0x00000000     0x29da
 *(.debug_str)
 .debug_str     0x00000000      0x19b .\CortexM0\ARM_GCC_541\Debug\main.o
                                0x1db (size before relaxing)
 .debug_str     0x0000019b      0x12c .\CortexM0\ARM_GCC_541\Debug\app.o
                                0x2d6 (size before relaxing)
 .debug_str     0x000002c7       0x19 .\CortexM0\ARM_GCC_541\Debug\croutine.o
                                0x19c (size before relaxing)
 .debug_str     0x000002e0      0x423 .\CortexM0\ARM_GCC_541\Debug\event_groups.o
                                0x612 (size before relaxing)
 .debug_str     0x00000703       0x92 .\CortexM0\ARM_GCC_541\Debug\list.o
                                0x2eb (size before relaxing)
 .debug_str     0x00000795      0x672 .\CortexM0\ARM_GCC_541\Debug\queue.o
                                0x9d9 (size before relaxing)
 .debug_str     0x00000e07      0x48b .\CortexM0\ARM_GCC_541\Debug\stream_buffer.o
                                0x7d7 (size before relaxing)
 .debug_str     0x00001292      0x942 .\CortexM0\ARM_GCC_541\Debug\tasks.o
                                0xfc8 (size before relaxing)
 .debug_str     0x00001bd4       0x17 .\CortexM0\ARM_GCC_541\Debug\timers.o
                                0x19a (size before relaxing)
 .debug_str     0x00001beb       0x9d .\CortexM0\ARM_GCC_541\Debug\port.o
                                0x37d (size before relaxing)
 .debug_str     0x00001c88       0x83 .\CortexM0\ARM_GCC_541\Debug\heap_1.o
                                0x28f (size before relaxing)
 .debug_str     0x00001d0b       0xb4 .\CortexM0\ARM_GCC_541\Debug\cyfitter_cfg.o
                                0x252 (size before relaxing)
 .debug_str     0x00001dbf       0x59 .\CortexM0\ARM_GCC_541\Debug\cymetadata.o
                                0x1d0 (size before relaxing)
 .debug_str     0x00001e18      0x133 .\CortexM0\ARM_GCC_541\Debug\Cm0Start.o
                                0x309 (size before relaxing)
 .debug_str     0x00001f4b      0x4cc .\CortexM0\ARM_GCC_541\Debug\Blinky_FreeRTOS10.a(CyLib.o)
                                0x6cc (size before relaxing)
 .debug_str     0x00002417      0x530 .\CortexM0\ARM_GCC_541\Debug\Blinky_FreeRTOS10.a(CyLFClk.o)
                                0x745 (size before relaxing)
 .debug_str     0x00002947       0x93 .\CortexM0\ARM_GCC_541\Debug\Blinky_FreeRTOS10.a(LED.o)
                                0x230 (size before relaxing)

.debug_loc      0x00000000     0x5bb3
 *(.debug_loc)
 .debug_loc     0x00000000       0x21 .\CortexM0\ARM_GCC_541\Debug\app.o
 .debug_loc     0x00000021      0x817 .\CortexM0\ARM_GCC_541\Debug\event_groups.o
 .debug_loc     0x00000838       0x65 .\CortexM0\ARM_GCC_541\Debug\list.o
 .debug_loc     0x0000089d     0x15d6 .\CortexM0\ARM_GCC_541\Debug\queue.o
 .debug_loc     0x00001e73     0x120d .\CortexM0\ARM_GCC_541\Debug\stream_buffer.o
 .debug_loc     0x00003080     0x1814 .\CortexM0\ARM_GCC_541\Debug\tasks.o
 .debug_loc     0x00004894       0xa6 .\CortexM0\ARM_GCC_541\Debug\port.o
 .debug_loc     0x0000493a       0x5f .\CortexM0\ARM_GCC_541\Debug\heap_1.o
 .debug_loc     0x00004999       0xa9 .\CortexM0\ARM_GCC_541\Debug\cyfitter_cfg.o
 .debug_loc     0x00004a42      0x14f .\CortexM0\ARM_GCC_541\Debug\Cm0Start.o
 .debug_loc     0x00004b91      0x5cb .\CortexM0\ARM_GCC_541\Debug\Blinky_FreeRTOS10.a(CyLib.o)
 .debug_loc     0x0000515c      0x9b5 .\CortexM0\ARM_GCC_541\Debug\Blinky_FreeRTOS10.a(CyLFClk.o)
 .debug_loc     0x00005b11       0xa2 .\CortexM0\ARM_GCC_541\Debug\Blinky_FreeRTOS10.a(LED.o)

.debug_macinfo
 *(.debug_macinfo)

.debug_ranges   0x00000000      0x888
 *(.debug_ranges)
 .debug_ranges  0x00000000       0x10 .\CortexM0\ARM_GCC_541\Debug\main.o
 .debug_ranges  0x00000010       0x28 .\CortexM0\ARM_GCC_541\Debug\app.o
 .debug_ranges  0x00000038       0x70 .\CortexM0\ARM_GCC_541\Debug\event_groups.o
 .debug_ranges  0x000000a8       0x30 .\CortexM0\ARM_GCC_541\Debug\list.o
 .debug_ranges  0x000000d8      0x148 .\CortexM0\ARM_GCC_541\Debug\queue.o
 .debug_ranges  0x00000220       0xa8 .\CortexM0\ARM_GCC_541\Debug\stream_buffer.o
 .debug_ranges  0x000002c8      0x1f8 .\CortexM0\ARM_GCC_541\Debug\tasks.o
 .debug_ranges  0x000004c0       0x78 .\CortexM0\ARM_GCC_541\Debug\port.o
 .debug_ranges  0x00000538       0x28 .\CortexM0\ARM_GCC_541\Debug\heap_1.o
 .debug_ranges  0x00000560       0x20 .\CortexM0\ARM_GCC_541\Debug\cyfitter_cfg.o
 .debug_ranges  0x00000580       0x38 .\CortexM0\ARM_GCC_541\Debug\Cm0Start.o
 .debug_ranges  0x000005b8      0x170 .\CortexM0\ARM_GCC_541\Debug\Blinky_FreeRTOS10.a(CyLib.o)
 .debug_ranges  0x00000728      0x128 .\CortexM0\ARM_GCC_541\Debug\Blinky_FreeRTOS10.a(CyLFClk.o)
 .debug_ranges  0x00000850       0x38 .\CortexM0\ARM_GCC_541\Debug\Blinky_FreeRTOS10.a(LED.o)

.comment        0x00000000       0x6e
 .comment       0x00000000       0x6e .\CortexM0\ARM_GCC_541\Debug\main.o
                                 0x6f (size before relaxing)
 .comment       0x0000006e       0x6f .\CortexM0\ARM_GCC_541\Debug\app.o
 .comment       0x0000006e       0x6f .\CortexM0\ARM_GCC_541\Debug\croutine.o
 .comment       0x0000006e       0x6f .\CortexM0\ARM_GCC_541\Debug\event_groups.o
 .comment       0x0000006e       0x6f .\CortexM0\ARM_GCC_541\Debug\list.o
 .comment       0x0000006e       0x6f .\CortexM0\ARM_GCC_541\Debug\queue.o
 .comment       0x0000006e       0x6f .\CortexM0\ARM_GCC_541\Debug\stream_buffer.o
 .comment       0x0000006e       0x6f .\CortexM0\ARM_GCC_541\Debug\tasks.o
 .comment       0x0000006e       0x6f .\CortexM0\ARM_GCC_541\Debug\timers.o
 .comment       0x0000006e       0x6f .\CortexM0\ARM_GCC_541\Debug\port.o
 .comment       0x0000006e       0x6f .\CortexM0\ARM_GCC_541\Debug\heap_1.o
 .comment       0x0000006e       0x6f .\CortexM0\ARM_GCC_541\Debug\cyfitter_cfg.o
 .comment       0x0000006e       0x6f .\CortexM0\ARM_GCC_541\Debug\cymetadata.o
 .comment       0x0000006e       0x6f .\CortexM0\ARM_GCC_541\Debug\Cm0Start.o
 .comment       0x0000006e       0x6f .\CortexM0\ARM_GCC_541\Debug\Blinky_FreeRTOS10.a(CyLib.o)
 .comment       0x0000006e       0x6f .\CortexM0\ARM_GCC_541\Debug\Blinky_FreeRTOS10.a(CyLFClk.o)
 .comment       0x0000006e       0x6f .\CortexM0\ARM_GCC_541\Debug\Blinky_FreeRTOS10.a(LED.o)

.debug_weaknames
 *(.debug_weaknames)

.debug_funcnames
 *(.debug_funcnames)

.debug_typenames
 *(.debug_typenames)

.debug_varnames
 *(.debug_varnames)

.note.gnu.arm.ident
 *(.note.gnu.arm.ident)

.ARM.attributes
                0x00000000       0x28
 *(.ARM.attributes)
 .ARM.attributes
                0x00000000       0x1e c:/program files (x86)/cypress/psoc creator/4.1/psoc creator/import/gnu/arm/5.4.1/bin/../lib/gcc/arm-none-eabi/5.4.1/armv6-m/crti.o
 .ARM.attributes
                0x0000001e       0x2c c:/program files (x86)/cypress/psoc creator/4.1/psoc creator/import/gnu/arm/5.4.1/bin/../lib/gcc/arm-none-eabi/5.4.1/armv6-m/crtbegin.o
 .ARM.attributes
                0x0000004a       0x1b c:/program files (x86)/cypress/psoc creator/4.1/psoc creator/import/gnu/arm/5.4.1/bin/../lib/gcc/arm-none-eabi/5.4.1/../../../../arm-none-eabi/lib/armv6-m/crt0.o
 .ARM.attributes
                0x00000065       0x31 .\CortexM0\ARM_GCC_541\Debug\main.o
 .ARM.attributes
                0x00000096       0x31 .\CortexM0\ARM_GCC_541\Debug\app.o
 .ARM.attributes
                0x000000c7       0x31 .\CortexM0\ARM_GCC_541\Debug\croutine.o
 .ARM.attributes
                0x000000f8       0x31 .\CortexM0\ARM_GCC_541\Debug\event_groups.o
 .ARM.attributes
                0x00000129       0x31 .\CortexM0\ARM_GCC_541\Debug\list.o
 .ARM.attributes
                0x0000015a       0x31 .\CortexM0\ARM_GCC_541\Debug\queue.o
 .ARM.attributes
                0x0000018b       0x31 .\CortexM0\ARM_GCC_541\Debug\stream_buffer.o
 .ARM.attributes
                0x000001bc       0x31 .\CortexM0\ARM_GCC_541\Debug\tasks.o
 .ARM.attributes
                0x000001ed       0x31 .\CortexM0\ARM_GCC_541\Debug\timers.o
 .ARM.attributes
                0x0000021e       0x31 .\CortexM0\ARM_GCC_541\Debug\port.o
 .ARM.attributes
                0x0000024f       0x31 .\CortexM0\ARM_GCC_541\Debug\heap_1.o
 .ARM.attributes
                0x00000280       0x31 .\CortexM0\ARM_GCC_541\Debug\cyfitter_cfg.o
 .ARM.attributes
                0x000002b1       0x31 .\CortexM0\ARM_GCC_541\Debug\cymetadata.o
 .ARM.attributes
                0x000002e2       0x31 .\CortexM0\ARM_GCC_541\Debug\Cm0Start.o
 .ARM.attributes
                0x00000313       0x31 .\CortexM0\ARM_GCC_541\Debug\Blinky_FreeRTOS10.a(CyLib.o)
 .ARM.attributes
                0x00000344       0x31 .\CortexM0\ARM_GCC_541\Debug\Blinky_FreeRTOS10.a(CyLFClk.o)
 .ARM.attributes
                0x00000375       0x31 .\CortexM0\ARM_GCC_541\Debug\Blinky_FreeRTOS10.a(LED.o)
 .ARM.attributes
                0x000003a6       0x21 .\CortexM0\ARM_GCC_541\Debug\Blinky_FreeRTOS10.a(CyBootAsmGnu.o)
 .ARM.attributes
                0x000003c7       0x1e c:/program files (x86)/cypress/psoc creator/4.1/psoc creator/import/gnu/arm/5.4.1/bin/../lib/gcc/arm-none-eabi/5.4.1/armv6-m\libgcc.a(_udivsi3.o)
 .ARM.attributes
                0x000003e5       0x1e c:/program files (x86)/cypress/psoc creator/4.1/psoc creator/import/gnu/arm/5.4.1/bin/../lib/gcc/arm-none-eabi/5.4.1/armv6-m\libgcc.a(_dvmd_tls.o)
 .ARM.attributes
                0x00000403       0x2c c:/program files (x86)/cypress/psoc creator/4.1/psoc creator/import/gnu/arm/5.4.1/bin/../lib/gcc/arm-none-eabi/5.4.1/../../../../arm-none-eabi/lib/armv6-m\libg_nano.a(lib_a-errno.o)
 .ARM.attributes
                0x0000042f       0x2c c:/program files (x86)/cypress/psoc creator/4.1/psoc creator/import/gnu/arm/5.4.1/bin/../lib/gcc/arm-none-eabi/5.4.1/../../../../arm-none-eabi/lib/armv6-m\libg_nano.a(lib_a-exit.o)
 .ARM.attributes
                0x0000045b       0x2c c:/program files (x86)/cypress/psoc creator/4.1/psoc creator/import/gnu/arm/5.4.1/bin/../lib/gcc/arm-none-eabi/5.4.1/../../../../arm-none-eabi/lib/armv6-m\libg_nano.a(lib_a-impure.o)
 .ARM.attributes
                0x00000487       0x2c c:/program files (x86)/cypress/psoc creator/4.1/psoc creator/import/gnu/arm/5.4.1/bin/../lib/gcc/arm-none-eabi/5.4.1/../../../../arm-none-eabi/lib/armv6-m\libg_nano.a(lib_a-init.o)
 .ARM.attributes
                0x000004b3       0x2c c:/program files (x86)/cypress/psoc creator/4.1/psoc creator/import/gnu/arm/5.4.1/bin/../lib/gcc/arm-none-eabi/5.4.1/../../../../arm-none-eabi/lib/armv6-m\libg_nano.a(lib_a-memcpy-stub.o)
 .ARM.attributes
                0x000004df       0x2c c:/program files (x86)/cypress/psoc creator/4.1/psoc creator/import/gnu/arm/5.4.1/bin/../lib/gcc/arm-none-eabi/5.4.1/../../../../arm-none-eabi/lib/armv6-m\libg_nano.a(lib_a-memset.o)
 .ARM.attributes
                0x0000050b       0x2c c:/program files (x86)/cypress/psoc creator/4.1/psoc creator/import/gnu/arm/5.4.1/bin/../lib/gcc/arm-none-eabi/5.4.1/armv6-m/crtend.o
 .ARM.attributes
                0x00000537       0x1e c:/program files (x86)/cypress/psoc creator/4.1/psoc creator/import/gnu/arm/5.4.1/bin/../lib/gcc/arm-none-eabi/5.4.1/armv6-m/crtn.o

/DISCARD/
 *(.note.GNU-stack)
OUTPUT(C:\Users\Xwx47\Documents\Creator\FreeRTOS_49-42xx\Blinky_FreeRTOS10.cydsn\CortexM0\ARM_GCC_541\Debug\Blinky_FreeRTOS10.elf elf32-littlearm)
