Archive member included to satisfy reference by file (symbol)

.\CortexM0\ARM_GCC_541\Debug\Blinky.a(CyLib.o)
                              .\CortexM0\ARM_GCC_541\Debug\cyfitter_cfg.o (CyIntEnable)
.\CortexM0\ARM_GCC_541\Debug\Blinky.a(CyLFClk.o)
                              .\CortexM0\ARM_GCC_541\Debug\cyfitter_cfg.o (CySysWdtIsr)
.\CortexM0\ARM_GCC_541\Debug\Blinky.a(LED.o)
                              .\CortexM0\ARM_GCC_541\Debug\main.o (LED_Write)
.\CortexM0\ARM_GCC_541\Debug\Blinky.a(CyBootAsmGnu.o)
                              .\CortexM0\ARM_GCC_541\Debug\Blinky.a(CyLib.o) (CyDelayCycles)
c:/program files (x86)/cypress/psoc creator/4.1/psoc creator/import/gnu/arm/5.4.1/bin/../lib/gcc/arm-none-eabi/5.4.1/armv6-m\libgcc.a(_udivsi3.o)
                              .\CortexM0\ARM_GCC_541\Debug\Blinky.a(CyLib.o) (__aeabi_uidiv)
c:/program files (x86)/cypress/psoc creator/4.1/psoc creator/import/gnu/arm/5.4.1/bin/../lib/gcc/arm-none-eabi/5.4.1/armv6-m\libgcc.a(_dvmd_tls.o)
                              c:/program files (x86)/cypress/psoc creator/4.1/psoc creator/import/gnu/arm/5.4.1/bin/../lib/gcc/arm-none-eabi/5.4.1/armv6-m\libgcc.a(_udivsi3.o) (__aeabi_idiv0)
c:/program files (x86)/cypress/psoc creator/4.1/psoc creator/import/gnu/arm/5.4.1/bin/../lib/gcc/arm-none-eabi/5.4.1/../../../../arm-none-eabi/lib/armv6-m\libg_nano.a(lib_a-errno.o)
                              .\CortexM0\ARM_GCC_541\Debug\Cm0Start.o (__errno)
c:/program files (x86)/cypress/psoc creator/4.1/psoc creator/import/gnu/arm/5.4.1/bin/../lib/gcc/arm-none-eabi/5.4.1/../../../../arm-none-eabi/lib/armv6-m\libg_nano.a(lib_a-exit.o)
                              c:/program files (x86)/cypress/psoc creator/4.1/psoc creator/import/gnu/arm/5.4.1/bin/../lib/gcc/arm-none-eabi/5.4.1/../../../../arm-none-eabi/lib/armv6-m/crt0.o (exit)
c:/program files (x86)/cypress/psoc creator/4.1/psoc creator/import/gnu/arm/5.4.1/bin/../lib/gcc/arm-none-eabi/5.4.1/../../../../arm-none-eabi/lib/armv6-m\libg_nano.a(lib_a-impure.o)
                              c:/program files (x86)/cypress/psoc creator/4.1/psoc creator/import/gnu/arm/5.4.1/bin/../lib/gcc/arm-none-eabi/5.4.1/../../../../arm-none-eabi/lib/armv6-m\libg_nano.a(lib_a-exit.o) (_global_impure_ptr)
c:/program files (x86)/cypress/psoc creator/4.1/psoc creator/import/gnu/arm/5.4.1/bin/../lib/gcc/arm-none-eabi/5.4.1/../../../../arm-none-eabi/lib/armv6-m\libg_nano.a(lib_a-init.o)
                              c:/program files (x86)/cypress/psoc creator/4.1/psoc creator/import/gnu/arm/5.4.1/bin/../lib/gcc/arm-none-eabi/5.4.1/../../../../arm-none-eabi/lib/armv6-m/crt0.o (__libc_init_array)
c:/program files (x86)/cypress/psoc creator/4.1/psoc creator/import/gnu/arm/5.4.1/bin/../lib/gcc/arm-none-eabi/5.4.1/../../../../arm-none-eabi/lib/armv6-m\libg_nano.a(lib_a-memcpy-stub.o)
                              .\CortexM0\ARM_GCC_541\Debug\queue.o (memcpy)
c:/program files (x86)/cypress/psoc creator/4.1/psoc creator/import/gnu/arm/5.4.1/bin/../lib/gcc/arm-none-eabi/5.4.1/../../../../arm-none-eabi/lib/armv6-m\libg_nano.a(lib_a-memset.o)
                              c:/program files (x86)/cypress/psoc creator/4.1/psoc creator/import/gnu/arm/5.4.1/bin/../lib/gcc/arm-none-eabi/5.4.1/../../../../arm-none-eabi/lib/armv6-m/crt0.o (memset)

Allocating common symbols
Common symbol       size              file

xQueueRegistry      0x50              .\CortexM0\ARM_GCC_541\Debug\queue.o

Discarded input sections

 .text          0x00000000        0x0 c:/program files (x86)/cypress/psoc creator/4.1/psoc creator/import/gnu/arm/5.4.1/bin/../lib/gcc/arm-none-eabi/5.4.1/armv6-m/crti.o
 .data          0x00000000        0x0 c:/program files (x86)/cypress/psoc creator/4.1/psoc creator/import/gnu/arm/5.4.1/bin/../lib/gcc/arm-none-eabi/5.4.1/armv6-m/crti.o
 .bss           0x00000000        0x0 c:/program files (x86)/cypress/psoc creator/4.1/psoc creator/import/gnu/arm/5.4.1/bin/../lib/gcc/arm-none-eabi/5.4.1/armv6-m/crti.o
 .data          0x00000000        0x4 c:/program files (x86)/cypress/psoc creator/4.1/psoc creator/import/gnu/arm/5.4.1/bin/../lib/gcc/arm-none-eabi/5.4.1/armv6-m/crtbegin.o
 .text          0x00000000       0x78 c:/program files (x86)/cypress/psoc creator/4.1/psoc creator/import/gnu/arm/5.4.1/bin/../lib/gcc/arm-none-eabi/5.4.1/../../../../arm-none-eabi/lib/armv6-m/crt0.o
 .data          0x00000000        0x0 c:/program files (x86)/cypress/psoc creator/4.1/psoc creator/import/gnu/arm/5.4.1/bin/../lib/gcc/arm-none-eabi/5.4.1/../../../../arm-none-eabi/lib/armv6-m/crt0.o
 .bss           0x00000000        0x0 c:/program files (x86)/cypress/psoc creator/4.1/psoc creator/import/gnu/arm/5.4.1/bin/../lib/gcc/arm-none-eabi/5.4.1/../../../../arm-none-eabi/lib/armv6-m/crt0.o
 .ARM.extab     0x00000000        0x0 c:/program files (x86)/cypress/psoc creator/4.1/psoc creator/import/gnu/arm/5.4.1/bin/../lib/gcc/arm-none-eabi/5.4.1/../../../../arm-none-eabi/lib/armv6-m/crt0.o
 .ARM.exidx     0x00000000        0x8 c:/program files (x86)/cypress/psoc creator/4.1/psoc creator/import/gnu/arm/5.4.1/bin/../lib/gcc/arm-none-eabi/5.4.1/../../../../arm-none-eabi/lib/armv6-m/crt0.o
 .text          0x00000000        0x0 .\CortexM0\ARM_GCC_541\Debug\main.o
 .data          0x00000000        0x0 .\CortexM0\ARM_GCC_541\Debug\main.o
 .bss           0x00000000        0x0 .\CortexM0\ARM_GCC_541\Debug\main.o
 .text          0x00000000        0x0 .\CortexM0\ARM_GCC_541\Debug\port.o
 .bss           0x00000000        0x0 .\CortexM0\ARM_GCC_541\Debug\port.o
 .text.vPortEndScheduler
                0x00000000        0x4 .\CortexM0\ARM_GCC_541\Debug\port.o
 .text          0x00000000        0x0 .\CortexM0\ARM_GCC_541\Debug\croutine.o
 .data          0x00000000        0x0 .\CortexM0\ARM_GCC_541\Debug\croutine.o
 .bss           0x00000000        0x0 .\CortexM0\ARM_GCC_541\Debug\croutine.o
 .text          0x00000000        0x0 .\CortexM0\ARM_GCC_541\Debug\event_groups.o
 .data          0x00000000        0x0 .\CortexM0\ARM_GCC_541\Debug\event_groups.o
 .bss           0x00000000        0x0 .\CortexM0\ARM_GCC_541\Debug\event_groups.o
 .text.prvTestWaitCondition
                0x00000000       0x20 .\CortexM0\ARM_GCC_541\Debug\event_groups.o
 .text.xEventGroupCreate
                0x00000000       0x18 .\CortexM0\ARM_GCC_541\Debug\event_groups.o
 .text.xEventGroupWaitBits
                0x00000000       0xa8 .\CortexM0\ARM_GCC_541\Debug\event_groups.o
 .text.xEventGroupClearBits
                0x00000000       0x1c .\CortexM0\ARM_GCC_541\Debug\event_groups.o
 .text.xEventGroupGetBitsFromISR
                0x00000000       0x14 .\CortexM0\ARM_GCC_541\Debug\event_groups.o
 .text.xEventGroupSetBits
                0x00000000       0x6c .\CortexM0\ARM_GCC_541\Debug\event_groups.o
 .text.xEventGroupSync
                0x00000000       0x84 .\CortexM0\ARM_GCC_541\Debug\event_groups.o
 .text.vEventGroupDelete
                0x00000000       0x28 .\CortexM0\ARM_GCC_541\Debug\event_groups.o
 .text.vEventGroupSetBitsCallback
                0x00000000        0x8 .\CortexM0\ARM_GCC_541\Debug\event_groups.o
 .text.vEventGroupClearBitsCallback
                0x00000000        0x8 .\CortexM0\ARM_GCC_541\Debug\event_groups.o
 .text          0x00000000        0x0 .\CortexM0\ARM_GCC_541\Debug\list.o
 .data          0x00000000        0x0 .\CortexM0\ARM_GCC_541\Debug\list.o
 .bss           0x00000000        0x0 .\CortexM0\ARM_GCC_541\Debug\list.o
 .text          0x00000000        0x0 .\CortexM0\ARM_GCC_541\Debug\queue.o
 .data          0x00000000        0x0 .\CortexM0\ARM_GCC_541\Debug\queue.o
 .bss           0x00000000        0x0 .\CortexM0\ARM_GCC_541\Debug\queue.o
 .text.prvIsQueueFull
                0x00000000       0x20 .\CortexM0\ARM_GCC_541\Debug\queue.o
 .text.prvIsQueueEmpty
                0x00000000       0x1c .\CortexM0\ARM_GCC_541\Debug\queue.o
 .text.prvCopyDataToQueue
                0x00000000       0x84 .\CortexM0\ARM_GCC_541\Debug\queue.o
 .text.prvCopyDataFromQueue
                0x00000000       0x24 .\CortexM0\ARM_GCC_541\Debug\queue.o
 .text.prvUnlockQueue
                0x00000000       0x70 .\CortexM0\ARM_GCC_541\Debug\queue.o
 .text.xQueueGenericReset
                0x00000000       0x64 .\CortexM0\ARM_GCC_541\Debug\queue.o
 .text.prvInitialiseNewQueue
                0x00000000       0x1c .\CortexM0\ARM_GCC_541\Debug\queue.o
 .text.xQueueGenericCreate
                0x00000000       0x34 .\CortexM0\ARM_GCC_541\Debug\queue.o
 .text.xQueueCreateCountingSemaphore
                0x00000000       0x14 .\CortexM0\ARM_GCC_541\Debug\queue.o
 .text.xQueueGenericSend
                0x00000000       0xec .\CortexM0\ARM_GCC_541\Debug\queue.o
 .text.prvInitialiseMutex
                0x00000000       0x18 .\CortexM0\ARM_GCC_541\Debug\queue.o
 .text.xQueueCreateMutex
                0x00000000       0x18 .\CortexM0\ARM_GCC_541\Debug\queue.o
 .text.xQueueGiveMutexRecursive
                0x00000000       0x30 .\CortexM0\ARM_GCC_541\Debug\queue.o
 .text.xQueueGenericSendFromISR
                0x00000000       0x78 .\CortexM0\ARM_GCC_541\Debug\queue.o
 .text.xQueueGiveFromISR
                0x00000000       0x64 .\CortexM0\ARM_GCC_541\Debug\queue.o
 .text.xQueueGenericReceive
                0x00000000      0x128 .\CortexM0\ARM_GCC_541\Debug\queue.o
 .text.xQueueTakeMutexRecursive
                0x00000000       0x34 .\CortexM0\ARM_GCC_541\Debug\queue.o
 .text.xQueueReceiveFromISR
                0x00000000       0x74 .\CortexM0\ARM_GCC_541\Debug\queue.o
 .text.xQueuePeekFromISR
                0x00000000       0x30 .\CortexM0\ARM_GCC_541\Debug\queue.o
 .text.uxQueueMessagesWaiting
                0x00000000       0x14 .\CortexM0\ARM_GCC_541\Debug\queue.o
 .text.uxQueueSpacesAvailable
                0x00000000       0x18 .\CortexM0\ARM_GCC_541\Debug\queue.o
 .text.uxQueueMessagesWaitingFromISR
                0x00000000        0x4 .\CortexM0\ARM_GCC_541\Debug\queue.o
 .text.xQueueIsQueueEmptyFromISR
                0x00000000       0x10 .\CortexM0\ARM_GCC_541\Debug\queue.o
 .text.xQueueIsQueueFullFromISR
                0x00000000       0x10 .\CortexM0\ARM_GCC_541\Debug\queue.o
 .text.vQueueAddToRegistry
                0x00000000       0x28 .\CortexM0\ARM_GCC_541\Debug\queue.o
 .text.pcQueueGetName
                0x00000000       0x24 .\CortexM0\ARM_GCC_541\Debug\queue.o
 .text.vQueueUnregisterQueue
                0x00000000       0x28 .\CortexM0\ARM_GCC_541\Debug\queue.o
 .text.vQueueDelete
                0x00000000       0x10 .\CortexM0\ARM_GCC_541\Debug\queue.o
 COMMON         0x00000000       0x50 .\CortexM0\ARM_GCC_541\Debug\queue.o
 .text          0x00000000        0x0 .\CortexM0\ARM_GCC_541\Debug\tasks.o
 .data          0x00000000        0x0 .\CortexM0\ARM_GCC_541\Debug\tasks.o
 .text.prvTaskIsTaskSuspended
                0x00000000       0x3c .\CortexM0\ARM_GCC_541\Debug\tasks.o
 .text.prvTaskCheckFreeStackSpace
                0x00000000       0x14 .\CortexM0\ARM_GCC_541\Debug\tasks.o
 .text.vTaskDelete
                0x00000000       0x78 .\CortexM0\ARM_GCC_541\Debug\tasks.o
 .text.eTaskGetState
                0x00000000       0x68 .\CortexM0\ARM_GCC_541\Debug\tasks.o
 .text.uxTaskPriorityGet
                0x00000000       0x20 .\CortexM0\ARM_GCC_541\Debug\tasks.o
 .text.uxTaskPriorityGetFromISR
                0x00000000       0x20 .\CortexM0\ARM_GCC_541\Debug\tasks.o
 .text.vTaskPrioritySet
                0x00000000       0xbc .\CortexM0\ARM_GCC_541\Debug\tasks.o
 .text.vTaskResume
                0x00000000       0x64 .\CortexM0\ARM_GCC_541\Debug\tasks.o
 .text.xTaskResumeFromISR
                0x00000000       0x7c .\CortexM0\ARM_GCC_541\Debug\tasks.o
 .text.vTaskEndScheduler
                0x00000000       0x14 .\CortexM0\ARM_GCC_541\Debug\tasks.o
 .text.xTaskGetTickCount
                0x00000000        0xc .\CortexM0\ARM_GCC_541\Debug\tasks.o
 .text.xTaskGetTickCountFromISR
                0x00000000        0xc .\CortexM0\ARM_GCC_541\Debug\tasks.o
 .text.uxTaskGetNumberOfTasks
                0x00000000        0xc .\CortexM0\ARM_GCC_541\Debug\tasks.o
 .text.pcTaskGetName
                0x00000000       0x10 .\CortexM0\ARM_GCC_541\Debug\tasks.o
 .text.vTaskDelayUntil
                0x00000000       0x5c .\CortexM0\ARM_GCC_541\Debug\tasks.o
 .text.vTaskSuspend
                0x00000000       0x80 .\CortexM0\ARM_GCC_541\Debug\tasks.o
 .text.vTaskPlaceOnEventList
                0x00000000       0x1c .\CortexM0\ARM_GCC_541\Debug\tasks.o
 .text.vTaskPlaceOnUnorderedEventList
                0x00000000       0x28 .\CortexM0\ARM_GCC_541\Debug\tasks.o
 .text.xTaskRemoveFromEventList
                0x00000000       0x74 .\CortexM0\ARM_GCC_541\Debug\tasks.o
 .text.xTaskRemoveFromUnorderedEventList
                0x00000000       0x60 .\CortexM0\ARM_GCC_541\Debug\tasks.o
 .text.vTaskSetTimeOutState
                0x00000000       0x10 .\CortexM0\ARM_GCC_541\Debug\tasks.o
 .text.xTaskCheckForTimeOut
                0x00000000       0x54 .\CortexM0\ARM_GCC_541\Debug\tasks.o
 .text.vTaskMissedYield
                0x00000000        0xc .\CortexM0\ARM_GCC_541\Debug\tasks.o
 .text.vTaskSetThreadLocalStoragePointer
                0x00000000       0x1c .\CortexM0\ARM_GCC_541\Debug\tasks.o
 .text.pvTaskGetThreadLocalStoragePointer
                0x00000000       0x20 .\CortexM0\ARM_GCC_541\Debug\tasks.o
 .text.uxTaskGetStackHighWaterMark
                0x00000000       0x18 .\CortexM0\ARM_GCC_541\Debug\tasks.o
 .text.xTaskGetCurrentTaskHandle
                0x00000000        0xc .\CortexM0\ARM_GCC_541\Debug\tasks.o
 .text.xTaskGetSchedulerState
                0x00000000       0x20 .\CortexM0\ARM_GCC_541\Debug\tasks.o
 .text.vTaskPriorityInherit
                0x00000000       0x80 .\CortexM0\ARM_GCC_541\Debug\tasks.o
 .text.xTaskPriorityDisinherit
                0x00000000       0x60 .\CortexM0\ARM_GCC_541\Debug\tasks.o
 .text.uxTaskResetEventItemValue
                0x00000000       0x18 .\CortexM0\ARM_GCC_541\Debug\tasks.o
 .text.pvTaskIncrementMutexHeldCount
                0x00000000       0x1c .\CortexM0\ARM_GCC_541\Debug\tasks.o
 .text.ulTaskNotifyTake
                0x00000000       0x6c .\CortexM0\ARM_GCC_541\Debug\tasks.o
 .text.xTaskNotifyWait
                0x00000000       0x80 .\CortexM0\ARM_GCC_541\Debug\tasks.o
 .text.xTaskGenericNotify
                0x00000000       0xac .\CortexM0\ARM_GCC_541\Debug\tasks.o
 .text.xTaskGenericNotifyFromISR
                0x00000000       0xe0 .\CortexM0\ARM_GCC_541\Debug\tasks.o
 .text.vTaskNotifyGiveFromISR
                0x00000000       0x8c .\CortexM0\ARM_GCC_541\Debug\tasks.o
 .text.xTaskNotifyStateClear
                0x00000000       0x30 .\CortexM0\ARM_GCC_541\Debug\tasks.o
 .text          0x00000000        0x0 .\CortexM0\ARM_GCC_541\Debug\timers.o
 .data          0x00000000        0x0 .\CortexM0\ARM_GCC_541\Debug\timers.o
 .bss           0x00000000        0x0 .\CortexM0\ARM_GCC_541\Debug\timers.o
 .text          0x00000000        0x0 .\CortexM0\ARM_GCC_541\Debug\heap_1.o
 .data          0x00000000        0x0 .\CortexM0\ARM_GCC_541\Debug\heap_1.o
 .text.vPortInitialiseBlocks
                0x00000000        0xc .\CortexM0\ARM_GCC_541\Debug\heap_1.o
 .text.xPortGetFreeHeapSize
                0x00000000       0x10 .\CortexM0\ARM_GCC_541\Debug\heap_1.o
 .text          0x00000000        0x0 .\CortexM0\ARM_GCC_541\Debug\cyfitter_cfg.o
 .data          0x00000000        0x0 .\CortexM0\ARM_GCC_541\Debug\cyfitter_cfg.o
 .bss           0x00000000        0x0 .\CortexM0\ARM_GCC_541\Debug\cyfitter_cfg.o
 .text          0x00000000        0x0 .\CortexM0\ARM_GCC_541\Debug\cymetadata.o
 .data          0x00000000        0x0 .\CortexM0\ARM_GCC_541\Debug\cymetadata.o
 .bss           0x00000000        0x0 .\CortexM0\ARM_GCC_541\Debug\cymetadata.o
 .text          0x00000000        0x0 .\CortexM0\ARM_GCC_541\Debug\Cm0Start.o
 .data          0x00000000        0x4 .\CortexM0\ARM_GCC_541\Debug\Cm0Start.o
 .bss           0x00000000        0x0 .\CortexM0\ARM_GCC_541\Debug\Cm0Start.o
 .text._exit    0x00000000        0xc .\CortexM0\ARM_GCC_541\Debug\Cm0Start.o
 .text._sbrk    0x00000000       0x34 .\CortexM0\ARM_GCC_541\Debug\Cm0Start.o
 .text          0x00000000        0x0 .\CortexM0\ARM_GCC_541\Debug\Blinky.a(CyLib.o)
 .bss           0x00000000       0x18 .\CortexM0\ARM_GCC_541\Debug\Blinky.a(CyLib.o)
 .text.CySysClkImoStart
                0x00000000       0x14 .\CortexM0\ARM_GCC_541\Debug\Blinky.a(CyLib.o)
 .text.CySysClkImoStop
                0x00000000       0x10 .\CortexM0\ARM_GCC_541\Debug\Blinky.a(CyLib.o)
 .text.CySysClkWriteHfclkDirect
                0x00000000       0x20 .\CortexM0\ARM_GCC_541\Debug\Blinky.a(CyLib.o)
 .text.CySysEnablePumpClock
                0x00000000       0x38 .\CortexM0\ARM_GCC_541\Debug\Blinky.a(CyLib.o)
 .text.CySysClkGetSysclkSource
                0x00000000       0x1c .\CortexM0\ARM_GCC_541\Debug\Blinky.a(CyLib.o)
 .text.CySysClkWriteSysclkDiv
                0x00000000       0x30 .\CortexM0\ARM_GCC_541\Debug\Blinky.a(CyLib.o)
 .text.CySysLvdDisable
                0x00000000       0x20 .\CortexM0\ARM_GCC_541\Debug\Blinky.a(CyLib.o)
 .text.CySysLvdGetInterruptSource
                0x00000000       0x10 .\CortexM0\ARM_GCC_541\Debug\Blinky.a(CyLib.o)
 .text.CySysLvdClearInterrupt
                0x00000000        0xc .\CortexM0\ARM_GCC_541\Debug\Blinky.a(CyLib.o)
 .text.CySysGetResetReason
                0x00000000       0x14 .\CortexM0\ARM_GCC_541\Debug\Blinky.a(CyLib.o)
 .text.CyDisableInts
                0x00000000       0x10 .\CortexM0\ARM_GCC_541\Debug\Blinky.a(CyLib.o)
 .text.CyEnableInts
                0x00000000        0xc .\CortexM0\ARM_GCC_541\Debug\Blinky.a(CyLib.o)
 .text.CyIntGetState
                0x00000000       0x18 .\CortexM0\ARM_GCC_541\Debug\Blinky.a(CyLib.o)
 .text.CyIntDisable
                0x00000000       0x14 .\CortexM0\ARM_GCC_541\Debug\Blinky.a(CyLib.o)
 .text.CyIntSetPending
                0x00000000       0x14 .\CortexM0\ARM_GCC_541\Debug\Blinky.a(CyLib.o)
 .text.CyIntClearPending
                0x00000000       0x14 .\CortexM0\ARM_GCC_541\Debug\Blinky.a(CyLib.o)
 .text.CyIntGetSysVector
                0x00000000       0x1c .\CortexM0\ARM_GCC_541\Debug\Blinky.a(CyLib.o)
 .text.CyIntGetVector
                0x00000000       0x20 .\CortexM0\ARM_GCC_541\Debug\Blinky.a(CyLib.o)
 .text.CyIntSetPriority
                0x00000000       0x4c .\CortexM0\ARM_GCC_541\Debug\Blinky.a(CyLib.o)
 .text.CyIntGetPriority
                0x00000000       0x2c .\CortexM0\ARM_GCC_541\Debug\Blinky.a(CyLib.o)
 .text.CySoftwareReset
                0x00000000       0x18 .\CortexM0\ARM_GCC_541\Debug\Blinky.a(CyLib.o)
 .text.CyDelay  0x00000000       0x30 .\CortexM0\ARM_GCC_541\Debug\Blinky.a(CyLib.o)
 .text.CySysLvdEnable
                0x00000000       0x44 .\CortexM0\ARM_GCC_541\Debug\Blinky.a(CyLib.o)
 .text.CyDelayFreq
                0x00000000       0x4c .\CortexM0\ARM_GCC_541\Debug\Blinky.a(CyLib.o)
 .text.CySysTickStop
                0x00000000       0x10 .\CortexM0\ARM_GCC_541\Debug\Blinky.a(CyLib.o)
 .text.CySysTickEnableInterrupt
                0x00000000       0x10 .\CortexM0\ARM_GCC_541\Debug\Blinky.a(CyLib.o)
 .text.CySysTickEnable
                0x00000000       0x18 .\CortexM0\ARM_GCC_541\Debug\Blinky.a(CyLib.o)
 .text.CySysTickDisableInterrupt
                0x00000000       0x10 .\CortexM0\ARM_GCC_541\Debug\Blinky.a(CyLib.o)
 .text.CySysTickSetReload
                0x00000000       0x10 .\CortexM0\ARM_GCC_541\Debug\Blinky.a(CyLib.o)
 .text.CySysTickGetReload
                0x00000000       0x10 .\CortexM0\ARM_GCC_541\Debug\Blinky.a(CyLib.o)
 .text.CySysTickGetValue
                0x00000000       0x10 .\CortexM0\ARM_GCC_541\Debug\Blinky.a(CyLib.o)
 .text.CySysTickGetCountFlag
                0x00000000       0x10 .\CortexM0\ARM_GCC_541\Debug\Blinky.a(CyLib.o)
 .text.CySysTickServiceCallbacks
                0x00000000       0x28 .\CortexM0\ARM_GCC_541\Debug\Blinky.a(CyLib.o)
 .text.CySysTickClear
                0x00000000        0xc .\CortexM0\ARM_GCC_541\Debug\Blinky.a(CyLib.o)
 .text.CySysTickInit
                0x00000000       0x40 .\CortexM0\ARM_GCC_541\Debug\Blinky.a(CyLib.o)
 .text.CySysTickStart
                0x00000000       0x20 .\CortexM0\ARM_GCC_541\Debug\Blinky.a(CyLib.o)
 .text.CySysTickSetCallback
                0x00000000       0x10 .\CortexM0\ARM_GCC_541\Debug\Blinky.a(CyLib.o)
 .text.CySysTickGetCallback
                0x00000000        0xc .\CortexM0\ARM_GCC_541\Debug\Blinky.a(CyLib.o)
 .text.CyGetUniqueId
                0x00000000       0x70 .\CortexM0\ARM_GCC_541\Debug\Blinky.a(CyLib.o)
 .text          0x00000000        0x0 .\CortexM0\ARM_GCC_541\Debug\Blinky.a(CyLFClk.o)
 .text.CySysClkIloEnabled
                0x00000000       0x14 .\CortexM0\ARM_GCC_541\Debug\Blinky.a(CyLFClk.o)
 .text.CySysClkIloStart
                0x00000000       0x14 .\CortexM0\ARM_GCC_541\Debug\Blinky.a(CyLFClk.o)
 .text.CySysClkIloStartMeasurement
                0x00000000       0x34 .\CortexM0\ARM_GCC_541\Debug\Blinky.a(CyLFClk.o)
 .text.CySysClkIloStopMeasurement
                0x00000000       0x14 .\CortexM0\ARM_GCC_541\Debug\Blinky.a(CyLFClk.o)
 .text.CySysClkIloCompensate
                0x00000000      0x104 .\CortexM0\ARM_GCC_541\Debug\Blinky.a(CyLFClk.o)
 .text.CySysWdtGetEnabledStatus
                0x00000000       0x24 .\CortexM0\ARM_GCC_541\Debug\Blinky.a(CyLFClk.o)
 .text.CySysWdtSetMode
                0x00000000       0x38 .\CortexM0\ARM_GCC_541\Debug\Blinky.a(CyLFClk.o)
 .text.CySysClkLfclkPosedgeRestore
                0x00000000       0x2c .\CortexM0\ARM_GCC_541\Debug\Blinky.a(CyLFClk.o)
 .text.CySysWdtGetMode
                0x00000000       0x14 .\CortexM0\ARM_GCC_541\Debug\Blinky.a(CyLFClk.o)
 .text.CySysWdtSetClearOnMatch
                0x00000000       0x34 .\CortexM0\ARM_GCC_541\Debug\Blinky.a(CyLFClk.o)
 .text.CySysWdtGetClearOnMatch
                0x00000000       0x24 .\CortexM0\ARM_GCC_541\Debug\Blinky.a(CyLFClk.o)
 .text.CySysWdtEnable
                0x00000000       0x40 .\CortexM0\ARM_GCC_541\Debug\Blinky.a(CyLFClk.o)
 .text.CySysWdtDisable
                0x00000000       0x44 .\CortexM0\ARM_GCC_541\Debug\Blinky.a(CyLFClk.o)
 .text.CySysWdtSetCascade
                0x00000000       0x34 .\CortexM0\ARM_GCC_541\Debug\Blinky.a(CyLFClk.o)
 .text.CySysWdtGetCascade
                0x00000000       0x14 .\CortexM0\ARM_GCC_541\Debug\Blinky.a(CyLFClk.o)
 .text.CySysWdtSetMatch
                0x00000000       0x38 .\CortexM0\ARM_GCC_541\Debug\Blinky.a(CyLFClk.o)
 .text.CySysWdtSetToggleBit
                0x00000000       0x30 .\CortexM0\ARM_GCC_541\Debug\Blinky.a(CyLFClk.o)
 .text.CySysWdtGetToggleBit
                0x00000000       0x10 .\CortexM0\ARM_GCC_541\Debug\Blinky.a(CyLFClk.o)
 .text.CySysWdtGetMatch
                0x00000000       0x20 .\CortexM0\ARM_GCC_541\Debug\Blinky.a(CyLFClk.o)
 .text.CySysWdtGetCount
                0x00000000       0x3c .\CortexM0\ARM_GCC_541\Debug\Blinky.a(CyLFClk.o)
 .text.CySysClkLfclkPosedgeCatch
                0x00000000       0x74 .\CortexM0\ARM_GCC_541\Debug\Blinky.a(CyLFClk.o)
 .text.CySysClkIloStop
                0x00000000       0x38 .\CortexM0\ARM_GCC_541\Debug\Blinky.a(CyLFClk.o)
 .text.CySysWdtGetInterruptSource
                0x00000000       0x14 .\CortexM0\ARM_GCC_541\Debug\Blinky.a(CyLFClk.o)
 .text.CySysWdtResetCounters
                0x00000000       0x20 .\CortexM0\ARM_GCC_541\Debug\Blinky.a(CyLFClk.o)
 .text.CySysWdtSetInterruptCallback
                0x00000000       0x20 .\CortexM0\ARM_GCC_541\Debug\Blinky.a(CyLFClk.o)
 .text.CySysWdtGetInterruptCallback
                0x00000000       0x20 .\CortexM0\ARM_GCC_541\Debug\Blinky.a(CyLFClk.o)
 .text.CySysWdtEnableCounterIsr
                0x00000000       0x34 .\CortexM0\ARM_GCC_541\Debug\Blinky.a(CyLFClk.o)
 .text.CySysWdtDisableCounterIsr
                0x00000000       0x28 .\CortexM0\ARM_GCC_541\Debug\Blinky.a(CyLFClk.o)
 .text.CySysWatchdogFeed
                0x00000000       0x60 .\CortexM0\ARM_GCC_541\Debug\Blinky.a(CyLFClk.o)
 .text.CySysTimerDelayUntilMatch
                0x00000000       0x6c .\CortexM0\ARM_GCC_541\Debug\Blinky.a(CyLFClk.o)
 .text.CySysTimerDelay
                0x00000000       0x3c .\CortexM0\ARM_GCC_541\Debug\Blinky.a(CyLFClk.o)
 .rodata        0x00000000        0xc .\CortexM0\ARM_GCC_541\Debug\Blinky.a(CyLFClk.o)
 .text          0x00000000        0x0 .\CortexM0\ARM_GCC_541\Debug\Blinky.a(LED.o)
 .data          0x00000000        0x0 .\CortexM0\ARM_GCC_541\Debug\Blinky.a(LED.o)
 .bss           0x00000000        0x0 .\CortexM0\ARM_GCC_541\Debug\Blinky.a(LED.o)
 .text.LED_SetDriveMode
                0x00000000       0x18 .\CortexM0\ARM_GCC_541\Debug\Blinky.a(LED.o)
 .text.LED_ReadDataReg
                0x00000000       0x10 .\CortexM0\ARM_GCC_541\Debug\Blinky.a(LED.o)
 .text.LED_SetInterruptMode
                0x00000000       0x14 .\CortexM0\ARM_GCC_541\Debug\Blinky.a(LED.o)
 .text.LED_ClearInterrupt
                0x00000000       0x14 .\CortexM0\ARM_GCC_541\Debug\Blinky.a(LED.o)
 .data          0x00000000        0x0 .\CortexM0\ARM_GCC_541\Debug\Blinky.a(CyBootAsmGnu.o)
 .bss           0x00000000        0x0 .\CortexM0\ARM_GCC_541\Debug\Blinky.a(CyBootAsmGnu.o)
 .text          0x00000000      0x114 c:/program files (x86)/cypress/psoc creator/4.1/psoc creator/import/gnu/arm/5.4.1/bin/../lib/gcc/arm-none-eabi/5.4.1/armv6-m\libgcc.a(_udivsi3.o)
 .data          0x00000000        0x0 c:/program files (x86)/cypress/psoc creator/4.1/psoc creator/import/gnu/arm/5.4.1/bin/../lib/gcc/arm-none-eabi/5.4.1/armv6-m\libgcc.a(_udivsi3.o)
 .bss           0x00000000        0x0 c:/program files (x86)/cypress/psoc creator/4.1/psoc creator/import/gnu/arm/5.4.1/bin/../lib/gcc/arm-none-eabi/5.4.1/armv6-m\libgcc.a(_udivsi3.o)
 .text          0x00000000        0x4 c:/program files (x86)/cypress/psoc creator/4.1/psoc creator/import/gnu/arm/5.4.1/bin/../lib/gcc/arm-none-eabi/5.4.1/armv6-m\libgcc.a(_dvmd_tls.o)
 .data          0x00000000        0x0 c:/program files (x86)/cypress/psoc creator/4.1/psoc creator/import/gnu/arm/5.4.1/bin/../lib/gcc/arm-none-eabi/5.4.1/armv6-m\libgcc.a(_dvmd_tls.o)
 .bss           0x00000000        0x0 c:/program files (x86)/cypress/psoc creator/4.1/psoc creator/import/gnu/arm/5.4.1/bin/../lib/gcc/arm-none-eabi/5.4.1/armv6-m\libgcc.a(_dvmd_tls.o)
 .text          0x00000000        0x0 c:/program files (x86)/cypress/psoc creator/4.1/psoc creator/import/gnu/arm/5.4.1/bin/../lib/gcc/arm-none-eabi/5.4.1/../../../../arm-none-eabi/lib/armv6-m\libg_nano.a(lib_a-errno.o)
 .data          0x00000000        0x0 c:/program files (x86)/cypress/psoc creator/4.1/psoc creator/import/gnu/arm/5.4.1/bin/../lib/gcc/arm-none-eabi/5.4.1/../../../../arm-none-eabi/lib/armv6-m\libg_nano.a(lib_a-errno.o)
 .bss           0x00000000        0x0 c:/program files (x86)/cypress/psoc creator/4.1/psoc creator/import/gnu/arm/5.4.1/bin/../lib/gcc/arm-none-eabi/5.4.1/../../../../arm-none-eabi/lib/armv6-m\libg_nano.a(lib_a-errno.o)
 .text          0x00000000        0x0 c:/program files (x86)/cypress/psoc creator/4.1/psoc creator/import/gnu/arm/5.4.1/bin/../lib/gcc/arm-none-eabi/5.4.1/../../../../arm-none-eabi/lib/armv6-m\libg_nano.a(lib_a-exit.o)
 .data          0x00000000        0x0 c:/program files (x86)/cypress/psoc creator/4.1/psoc creator/import/gnu/arm/5.4.1/bin/../lib/gcc/arm-none-eabi/5.4.1/../../../../arm-none-eabi/lib/armv6-m\libg_nano.a(lib_a-exit.o)
 .bss           0x00000000        0x0 c:/program files (x86)/cypress/psoc creator/4.1/psoc creator/import/gnu/arm/5.4.1/bin/../lib/gcc/arm-none-eabi/5.4.1/../../../../arm-none-eabi/lib/armv6-m\libg_nano.a(lib_a-exit.o)
 .text.exit     0x00000000       0x2c c:/program files (x86)/cypress/psoc creator/4.1/psoc creator/import/gnu/arm/5.4.1/bin/../lib/gcc/arm-none-eabi/5.4.1/../../../../arm-none-eabi/lib/armv6-m\libg_nano.a(lib_a-exit.o)
 .text          0x00000000        0x0 c:/program files (x86)/cypress/psoc creator/4.1/psoc creator/import/gnu/arm/5.4.1/bin/../lib/gcc/arm-none-eabi/5.4.1/../../../../arm-none-eabi/lib/armv6-m\libg_nano.a(lib_a-impure.o)
 .data          0x00000000        0x0 c:/program files (x86)/cypress/psoc creator/4.1/psoc creator/import/gnu/arm/5.4.1/bin/../lib/gcc/arm-none-eabi/5.4.1/../../../../arm-none-eabi/lib/armv6-m\libg_nano.a(lib_a-impure.o)
 .bss           0x00000000        0x0 c:/program files (x86)/cypress/psoc creator/4.1/psoc creator/import/gnu/arm/5.4.1/bin/../lib/gcc/arm-none-eabi/5.4.1/../../../../arm-none-eabi/lib/armv6-m\libg_nano.a(lib_a-impure.o)
 .rodata._global_impure_ptr
                0x00000000        0x4 c:/program files (x86)/cypress/psoc creator/4.1/psoc creator/import/gnu/arm/5.4.1/bin/../lib/gcc/arm-none-eabi/5.4.1/../../../../arm-none-eabi/lib/armv6-m\libg_nano.a(lib_a-impure.o)
 .text          0x00000000        0x0 c:/program files (x86)/cypress/psoc creator/4.1/psoc creator/import/gnu/arm/5.4.1/bin/../lib/gcc/arm-none-eabi/5.4.1/../../../../arm-none-eabi/lib/armv6-m\libg_nano.a(lib_a-init.o)
 .data          0x00000000        0x0 c:/program files (x86)/cypress/psoc creator/4.1/psoc creator/import/gnu/arm/5.4.1/bin/../lib/gcc/arm-none-eabi/5.4.1/../../../../arm-none-eabi/lib/armv6-m\libg_nano.a(lib_a-init.o)
 .bss           0x00000000        0x0 c:/program files (x86)/cypress/psoc creator/4.1/psoc creator/import/gnu/arm/5.4.1/bin/../lib/gcc/arm-none-eabi/5.4.1/../../../../arm-none-eabi/lib/armv6-m\libg_nano.a(lib_a-init.o)
 .text          0x00000000        0x0 c:/program files (x86)/cypress/psoc creator/4.1/psoc creator/import/gnu/arm/5.4.1/bin/../lib/gcc/arm-none-eabi/5.4.1/../../../../arm-none-eabi/lib/armv6-m\libg_nano.a(lib_a-memcpy-stub.o)
 .data          0x00000000        0x0 c:/program files (x86)/cypress/psoc creator/4.1/psoc creator/import/gnu/arm/5.4.1/bin/../lib/gcc/arm-none-eabi/5.4.1/../../../../arm-none-eabi/lib/armv6-m\libg_nano.a(lib_a-memcpy-stub.o)
 .bss           0x00000000        0x0 c:/program files (x86)/cypress/psoc creator/4.1/psoc creator/import/gnu/arm/5.4.1/bin/../lib/gcc/arm-none-eabi/5.4.1/../../../../arm-none-eabi/lib/armv6-m\libg_nano.a(lib_a-memcpy-stub.o)
 .text.memcpy   0x00000000       0x12 c:/program files (x86)/cypress/psoc creator/4.1/psoc creator/import/gnu/arm/5.4.1/bin/../lib/gcc/arm-none-eabi/5.4.1/../../../../arm-none-eabi/lib/armv6-m\libg_nano.a(lib_a-memcpy-stub.o)
 .text          0x00000000        0x0 c:/program files (x86)/cypress/psoc creator/4.1/psoc creator/import/gnu/arm/5.4.1/bin/../lib/gcc/arm-none-eabi/5.4.1/../../../../arm-none-eabi/lib/armv6-m\libg_nano.a(lib_a-memset.o)
 .data          0x00000000        0x0 c:/program files (x86)/cypress/psoc creator/4.1/psoc creator/import/gnu/arm/5.4.1/bin/../lib/gcc/arm-none-eabi/5.4.1/../../../../arm-none-eabi/lib/armv6-m\libg_nano.a(lib_a-memset.o)
 .bss           0x00000000        0x0 c:/program files (x86)/cypress/psoc creator/4.1/psoc creator/import/gnu/arm/5.4.1/bin/../lib/gcc/arm-none-eabi/5.4.1/../../../../arm-none-eabi/lib/armv6-m\libg_nano.a(lib_a-memset.o)
 .text          0x00000000        0x0 c:/program files (x86)/cypress/psoc creator/4.1/psoc creator/import/gnu/arm/5.4.1/bin/../lib/gcc/arm-none-eabi/5.4.1/armv6-m/crtend.o
 .data          0x00000000        0x0 c:/program files (x86)/cypress/psoc creator/4.1/psoc creator/import/gnu/arm/5.4.1/bin/../lib/gcc/arm-none-eabi/5.4.1/armv6-m/crtend.o
 .bss           0x00000000        0x0 c:/program files (x86)/cypress/psoc creator/4.1/psoc creator/import/gnu/arm/5.4.1/bin/../lib/gcc/arm-none-eabi/5.4.1/armv6-m/crtend.o
 .text          0x00000000        0x0 c:/program files (x86)/cypress/psoc creator/4.1/psoc creator/import/gnu/arm/5.4.1/bin/../lib/gcc/arm-none-eabi/5.4.1/armv6-m/crtn.o
 .data          0x00000000        0x0 c:/program files (x86)/cypress/psoc creator/4.1/psoc creator/import/gnu/arm/5.4.1/bin/../lib/gcc/arm-none-eabi/5.4.1/armv6-m/crtn.o
 .bss           0x00000000        0x0 c:/program files (x86)/cypress/psoc creator/4.1/psoc creator/import/gnu/arm/5.4.1/bin/../lib/gcc/arm-none-eabi/5.4.1/armv6-m/crtn.o

Memory Configuration

Name             Origin             Length             Attributes
rom              0x00000000         0x00008000         xr
ram              0x20000000         0x00001000         xrw
*default*        0x00000000         0xffffffff

Linker script and memory map

LOAD c:/program files (x86)/cypress/psoc creator/4.1/psoc creator/import/gnu/arm/5.4.1/bin/../lib/gcc/arm-none-eabi/5.4.1/armv6-m/crti.o
LOAD c:/program files (x86)/cypress/psoc creator/4.1/psoc creator/import/gnu/arm/5.4.1/bin/../lib/gcc/arm-none-eabi/5.4.1/armv6-m/crtbegin.o
LOAD c:/program files (x86)/cypress/psoc creator/4.1/psoc creator/import/gnu/arm/5.4.1/bin/../lib/gcc/arm-none-eabi/5.4.1/../../../../arm-none-eabi/lib/armv6-m/crt0.o
START GROUP
LOAD .\CortexM0\ARM_GCC_541\Debug\main.o
LOAD .\CortexM0\ARM_GCC_541\Debug\port.o
LOAD .\CortexM0\ARM_GCC_541\Debug\croutine.o
LOAD .\CortexM0\ARM_GCC_541\Debug\event_groups.o
LOAD .\CortexM0\ARM_GCC_541\Debug\list.o
LOAD .\CortexM0\ARM_GCC_541\Debug\queue.o
LOAD .\CortexM0\ARM_GCC_541\Debug\tasks.o
LOAD .\CortexM0\ARM_GCC_541\Debug\timers.o
LOAD .\CortexM0\ARM_GCC_541\Debug\heap_1.o
LOAD .\CortexM0\ARM_GCC_541\Debug\cyfitter_cfg.o
LOAD .\CortexM0\ARM_GCC_541\Debug\cymetadata.o
LOAD .\CortexM0\ARM_GCC_541\Debug\Cm0Start.o
LOAD .\CortexM0\ARM_GCC_541\Debug\Blinky.a
LOAD C:\Program Files (x86)\Cypress\PSoC Creator\4.1\PSoC Creator\psoc\content\cycomponentlibrary\CyComponentLibrary.cylib\CortexM0\ARM_GCC_541\Debug\CyComponentLibrary.a
END GROUP
START GROUP
LOAD c:/program files (x86)/cypress/psoc creator/4.1/psoc creator/import/gnu/arm/5.4.1/bin/../lib/gcc/arm-none-eabi/5.4.1/armv6-m\libgcc.a
LOAD c:/program files (x86)/cypress/psoc creator/4.1/psoc creator/import/gnu/arm/5.4.1/bin/../lib/gcc/arm-none-eabi/5.4.1/../../../../arm-none-eabi/lib/armv6-m\libg_nano.a
LOAD c:/program files (x86)/cypress/psoc creator/4.1/psoc creator/import/gnu/arm/5.4.1/bin/../lib/gcc/arm-none-eabi/5.4.1/../../../../arm-none-eabi/lib/armv6-m\libc_nano.a
END GROUP
START GROUP
LOAD c:/program files (x86)/cypress/psoc creator/4.1/psoc creator/import/gnu/arm/5.4.1/bin/../lib/gcc/arm-none-eabi/5.4.1/armv6-m\libgcc.a
LOAD c:/program files (x86)/cypress/psoc creator/4.1/psoc creator/import/gnu/arm/5.4.1/bin/../lib/gcc/arm-none-eabi/5.4.1/../../../../arm-none-eabi/lib/armv6-m\libc_nano.a
END GROUP
LOAD c:/program files (x86)/cypress/psoc creator/4.1/psoc creator/import/gnu/arm/5.4.1/bin/../lib/gcc/arm-none-eabi/5.4.1/armv6-m/crtend.o
LOAD c:/program files (x86)/cypress/psoc creator/4.1/psoc creator/import/gnu/arm/5.4.1/bin/../lib/gcc/arm-none-eabi/5.4.1/armv6-m/crtn.o
START GROUP
LOAD c:/program files (x86)/cypress/psoc creator/4.1/psoc creator/import/gnu/arm/5.4.1/bin/../lib/gcc/arm-none-eabi/5.4.1/armv6-m\libgcc.a
LOAD c:/program files (x86)/cypress/psoc creator/4.1/psoc creator/import/gnu/arm/5.4.1/bin/../lib/gcc/arm-none-eabi/5.4.1/../../../../arm-none-eabi/lib/armv6-m\libc.a
LOAD c:/program files (x86)/cypress/psoc creator/4.1/psoc creator/import/gnu/arm/5.4.1/bin/../lib/gcc/arm-none-eabi/5.4.1/../../../../arm-none-eabi/lib/armv6-m\libnosys.a
END GROUP
                0x00000000                CY_APPL_ORIGIN = 0x0
                0x00000080                CY_FLASH_ROW_SIZE = 0x80
                0x00000001                CY_APPL_NUM = 0x1
                0x00000001                CY_APPL_MAX = 0x1
                0x00000040                CY_METADATA_SIZE = 0x40
                0x00000000                CY_APPL_LOADABLE = 0x0
                0x00000000                CY_CHECKSUM_EXCLUDE_SIZE = ALIGN (0x0, CY_FLASH_ROW_SIZE)
                0x00000000                CY_APP_FOR_STACK_AND_COPIER = 0x0
                [!provide]                PROVIDE (__cy_heap_start, _end)
                0x00000001                PROVIDE (__cy_region_num, ((__cy_regions_end - __cy_regions) / 0x10))
                0x20001000                PROVIDE (__cy_stack, (ORIGIN (ram) + LENGTH (ram)))
                [!provide]                PROVIDE (__cy_heap_end, (__cy_stack - 0x400))

.cybootloader   0x00000000        0x0
 *(.cybootloader)
                0x00000000                appl1_start = CY_APPL_ORIGIN?CY_APPL_ORIGIN:ALIGN (CY_FLASH_ROW_SIZE)
                0x00003f80                appl2_start = (appl1_start + ALIGN ((((LENGTH (rom) - appl1_start) - (0x2 * CY_FLASH_ROW_SIZE)) / 0x2), CY_FLASH_ROW_SIZE))
                0x00000000                appl_start = (CY_APPL_NUM == 0x1)?appl1_start:appl2_start
                0x00000001                cy_project_type_bootloader = (appl_start == 0x0)?0x1:0x0
                0x00000000                cy_project_type_app_for_stack_and_copier = (CY_APP_FOR_STACK_AND_COPIER == 0x1)?0x1:0x0

.text           0x00000000      0xe84
 CREATE_OBJECT_SYMBOLS
                0x00000000                PROVIDE (__cy_interrupt_vector, RomVectors)
 *(.romvectors)
 .romvectors    0x00000000       0x10 .\CortexM0\ARM_GCC_541\Debug\Cm0Start.o
                0x00000000                RomVectors
                0x00000001                ASSERT ((. != __cy_interrupt_vector), No interrupt vector)
                0x00000001                ASSERT (CY_APPL_ORIGIN?(SIZEOF (.cybootloader) <= CY_APPL_ORIGIN):0x1, Wrong image location)
                0x00000010                PROVIDE (__cy_reset, Reset)
 *(.text.Reset)
 .text.Reset    0x00000010        0x8 .\CortexM0\ARM_GCC_541\Debug\Cm0Start.o
                0x00000010                Reset
                0x00000001                ASSERT ((. != __cy_reset), No reset code)
 *(.psocinit)
 .psocinit      0x00000018       0xdc .\CortexM0\ARM_GCC_541\Debug\cyfitter_cfg.o
                0x00000074                cyfitter_cfg
                0x00000100                . = MAX (., 0x100)
 *fill*         0x000000f4        0xc 
 *(.text .text.* .gnu.linkonce.t.*)
 .text          0x00000100       0x60 c:/program files (x86)/cypress/psoc creator/4.1/psoc creator/import/gnu/arm/5.4.1/bin/../lib/gcc/arm-none-eabi/5.4.1/armv6-m/crtbegin.o
 .text.vLEDTask
                0x00000160       0x18 .\CortexM0\ARM_GCC_541\Debug\main.o
 .text.prvHardwareSetup
                0x00000178       0x2c .\CortexM0\ARM_GCC_541\Debug\main.o
 .text.main     0x000001a4       0x2c .\CortexM0\ARM_GCC_541\Debug\main.o
                0x000001a4                main
 .text.vApplicationMallocFailedHook
                0x000001d0        0xc .\CortexM0\ARM_GCC_541\Debug\main.o
                0x000001d0                vApplicationMallocFailedHook
 .text.vApplicationStackOverflowHook
                0x000001dc        0x4 .\CortexM0\ARM_GCC_541\Debug\main.o
                0x000001dc                vApplicationStackOverflowHook
 .text.prvTaskExitError
                0x000001e0        0x4 .\CortexM0\ARM_GCC_541\Debug\port.o
 *fill*         0x000001e4        0xc 
 .text.vPortStartFirstTask
                0x000001f0       0x34 .\CortexM0\ARM_GCC_541\Debug\port.o
 .text.prvSetupTimerInterrupt
                0x00000224       0x1c .\CortexM0\ARM_GCC_541\Debug\port.o
 .text.pxPortInitialiseStack
                0x00000240       0x20 .\CortexM0\ARM_GCC_541\Debug\port.o
                0x00000240                pxPortInitialiseStack
 .text.SVC_Handler
                0x00000260        0x4 .\CortexM0\ARM_GCC_541\Debug\port.o
                0x00000260                SVC_Handler
 .text.xPortStartScheduler
                0x00000264       0x34 .\CortexM0\ARM_GCC_541\Debug\port.o
                0x00000264                xPortStartScheduler
 .text.vPortYield
                0x00000298       0x18 .\CortexM0\ARM_GCC_541\Debug\port.o
                0x00000298                vPortYield
 .text.vPortEnterCritical
                0x000002b0       0x18 .\CortexM0\ARM_GCC_541\Debug\port.o
                0x000002b0                vPortEnterCritical
 .text.vPortExitCritical
                0x000002c8       0x14 .\CortexM0\ARM_GCC_541\Debug\port.o
                0x000002c8                vPortExitCritical
 .text.ulSetInterruptMaskFromISR
                0x000002dc        0xc .\CortexM0\ARM_GCC_541\Debug\port.o
                0x000002dc                ulSetInterruptMaskFromISR
 .text.vClearInterruptMaskFromISR
                0x000002e8        0x8 .\CortexM0\ARM_GCC_541\Debug\port.o
                0x000002e8                vClearInterruptMaskFromISR
 .text.PendSV_Handler
                0x000002f0       0x44 .\CortexM0\ARM_GCC_541\Debug\port.o
                0x000002f0                PendSV_Handler
 .text.SysTick_Handler
                0x00000334       0x24 .\CortexM0\ARM_GCC_541\Debug\port.o
                0x00000334                SysTick_Handler
 .text.vListInitialise
                0x00000358       0x18 .\CortexM0\ARM_GCC_541\Debug\list.o
                0x00000358                vListInitialise
 .text.vListInitialiseItem
                0x00000370        0x8 .\CortexM0\ARM_GCC_541\Debug\list.o
                0x00000370                vListInitialiseItem
 .text.vListInsertEnd
                0x00000378       0x18 .\CortexM0\ARM_GCC_541\Debug\list.o
                0x00000378                vListInsertEnd
 .text.vListInsert
                0x00000390       0x30 .\CortexM0\ARM_GCC_541\Debug\list.o
                0x00000390                vListInsert
 .text.uxListRemove
                0x000003c0       0x24 .\CortexM0\ARM_GCC_541\Debug\list.o
                0x000003c0                uxListRemove
 .text.prvResetNextTaskUnblockTime
                0x000003e4       0x30 .\CortexM0\ARM_GCC_541\Debug\tasks.o
 .text.prvDeleteTCB
                0x00000414       0x14 .\CortexM0\ARM_GCC_541\Debug\tasks.o
 .text.prvInitialiseNewTask
                0x00000428       0xac .\CortexM0\ARM_GCC_541\Debug\tasks.o
 .text.prvInitialiseTaskLists
                0x000004d4       0x58 .\CortexM0\ARM_GCC_541\Debug\tasks.o
 .text.prvAddNewTaskToReadyList
                0x0000052c       0x8c .\CortexM0\ARM_GCC_541\Debug\tasks.o
 .text.prvAddCurrentTaskToDelayedList
                0x000005b8       0x64 .\CortexM0\ARM_GCC_541\Debug\tasks.o
 .text.xTaskCreate
                0x0000061c       0x60 .\CortexM0\ARM_GCC_541\Debug\tasks.o
                0x0000061c                xTaskCreate
 .text.vTaskStartScheduler
                0x0000067c       0x48 .\CortexM0\ARM_GCC_541\Debug\tasks.o
                0x0000067c                vTaskStartScheduler
 .text.vTaskSuspendAll
                0x000006c4       0x10 .\CortexM0\ARM_GCC_541\Debug\tasks.o
                0x000006c4                vTaskSuspendAll
 .text.xTaskIncrementTick
                0x000006d4       0xd8 .\CortexM0\ARM_GCC_541\Debug\tasks.o
                0x000006d4                xTaskIncrementTick
 .text.xTaskResumeAll
                0x000007ac       0xc8 .\CortexM0\ARM_GCC_541\Debug\tasks.o
                0x000007ac                xTaskResumeAll
 .text.vTaskDelay
                0x00000874       0x24 .\CortexM0\ARM_GCC_541\Debug\tasks.o
                0x00000874                vTaskDelay
 .text.prvCheckTasksWaitingTermination
                0x00000898       0x48 .\CortexM0\ARM_GCC_541\Debug\tasks.o
 .text.prvIdleTask
                0x000008e0        0x8 .\CortexM0\ARM_GCC_541\Debug\tasks.o
 .text.vTaskSwitchContext
                0x000008e8       0xb4 .\CortexM0\ARM_GCC_541\Debug\tasks.o
                0x000008e8                vTaskSwitchContext
 .text.pvPortMalloc
                0x0000099c       0x64 .\CortexM0\ARM_GCC_541\Debug\heap_1.o
                0x0000099c                pvPortMalloc
 .text.vPortFree
                0x00000a00        0x4 .\CortexM0\ARM_GCC_541\Debug\heap_1.o
                0x00000a00                vPortFree
 .text.CYMEMZERO
                0x00000a04        0xc .\CortexM0\ARM_GCC_541\Debug\cyfitter_cfg.o
 .text.IntDefaultHandler
                0x00000a10       0x10 .\CortexM0\ARM_GCC_541\Debug\Cm0Start.o
                0x00000a10                IntDefaultHandler
 .text.Start_c  0x00000a20       0x48 .\CortexM0\ARM_GCC_541\Debug\Cm0Start.o
                0x00000a20                Start_c
 .text.initialize_psoc
                0x00000a68       0x40 .\CortexM0\ARM_GCC_541\Debug\Cm0Start.o
                0x00000a68                initialize_psoc
 .text.CyIntEnable
                0x00000aa8       0x14 .\CortexM0\ARM_GCC_541\Debug\Blinky.a(CyLib.o)
                0x00000aa8                CyIntEnable
 .text.CyHalt   0x00000abc        0x4 .\CortexM0\ARM_GCC_541\Debug\Blinky.a(CyLib.o)
                0x00000abc                CyHalt
 .text.CyIntSetSysVector
                0x00000ac0       0x20 .\CortexM0\ARM_GCC_541\Debug\Blinky.a(CyLib.o)
                0x00000ac0                CyIntSetSysVector
 .text.CyIntSetVector
                0x00000ae0       0x24 .\CortexM0\ARM_GCC_541\Debug\Blinky.a(CyLib.o)
                0x00000ae0                CyIntSetVector
 .text.CyDelayUs
                0x00000b04       0x14 .\CortexM0\ARM_GCC_541\Debug\Blinky.a(CyLib.o)
                0x00000b04                CyDelayUs
 .text.CySysClkWriteImoFreq
                0x00000b18      0x164 .\CortexM0\ARM_GCC_541\Debug\Blinky.a(CyLib.o)
                0x00000b18                CySysClkWriteImoFreq
 .text.CySysWdtLocked
                0x00000c7c       0x14 .\CortexM0\ARM_GCC_541\Debug\Blinky.a(CyLFClk.o)
 .text.CySysWdtLock
                0x00000c90       0x1c .\CortexM0\ARM_GCC_541\Debug\Blinky.a(CyLFClk.o)
                0x00000c90                CySysWdtLock
 .text.CySysWdtUnlock
                0x00000cac       0x30 .\CortexM0\ARM_GCC_541\Debug\Blinky.a(CyLFClk.o)
                0x00000cac                CySysWdtUnlock
 .text.CySysWdtClearInterrupt
                0x00000cdc       0x4c .\CortexM0\ARM_GCC_541\Debug\Blinky.a(CyLFClk.o)
                0x00000cdc                CySysWdtClearInterrupt
 .text.CySysWdtIsr
                0x00000d28       0xa4 .\CortexM0\ARM_GCC_541\Debug\Blinky.a(CyLFClk.o)
                0x00000d28                CySysWdtIsr
 .text.LED_Write
                0x00000dcc       0x18 .\CortexM0\ARM_GCC_541\Debug\Blinky.a(LED.o)
                0x00000dcc                LED_Write
 .text.LED_Read
                0x00000de4       0x10 .\CortexM0\ARM_GCC_541\Debug\Blinky.a(LED.o)
                0x00000de4                LED_Read
 *fill*         0x00000df4        0x4 
 .text          0x00000df8       0x24 .\CortexM0\ARM_GCC_541\Debug\Blinky.a(CyBootAsmGnu.o)
                0x00000df8                CyDelayCycles
                0x00000e0c                CyEnterCriticalSection
                0x00000e14                CyExitCriticalSection
 .text.__errno  0x00000e1c        0xc c:/program files (x86)/cypress/psoc creator/4.1/psoc creator/import/gnu/arm/5.4.1/bin/../lib/gcc/arm-none-eabi/5.4.1/../../../../arm-none-eabi/lib/armv6-m\libg_nano.a(lib_a-errno.o)
                0x00000e1c                __errno
 .text.__libc_init_array
                0x00000e28       0x4c c:/program files (x86)/cypress/psoc creator/4.1/psoc creator/import/gnu/arm/5.4.1/bin/../lib/gcc/arm-none-eabi/5.4.1/../../../../arm-none-eabi/lib/armv6-m\libg_nano.a(lib_a-init.o)
                0x00000e28                __libc_init_array
 .text.memset   0x00000e74       0x10 c:/program files (x86)/cypress/psoc creator/4.1/psoc creator/import/gnu/arm/5.4.1/bin/../lib/gcc/arm-none-eabi/5.4.1/../../../../arm-none-eabi/lib/armv6-m\libg_nano.a(lib_a-memset.o)
                0x00000e74                memset
 *(.plt)
 *(.gnu.warning)
 *(.glue_7t)
 .glue_7t       0x00000e84        0x0 linker stubs
 *(.glue_7)
 .glue_7        0x00000e84        0x0 linker stubs
 *(.vfp11_veneer)
 .vfp11_veneer  0x00000e84        0x0 linker stubs
 *(.bootloader)
 *(.ARM.extab* .gnu.linkonce.armextab.*)
 *(.gcc_except_table)

.v4_bx          0x00000e84        0x0
 .v4_bx         0x00000e84        0x0 linker stubs

.iplt           0x00000e84        0x0
 .iplt          0x00000e84        0x0 c:/program files (x86)/cypress/psoc creator/4.1/psoc creator/import/gnu/arm/5.4.1/bin/../lib/gcc/arm-none-eabi/5.4.1/armv6-m/crtbegin.o

.eh_frame_hdr
 *(.eh_frame_hdr)

.eh_frame       0x00000e84        0x4
 *(.eh_frame)
 .eh_frame      0x00000e84        0x0 c:/program files (x86)/cypress/psoc creator/4.1/psoc creator/import/gnu/arm/5.4.1/bin/../lib/gcc/arm-none-eabi/5.4.1/armv6-m/crtbegin.o
 .eh_frame      0x00000e84        0x4 c:/program files (x86)/cypress/psoc creator/4.1/psoc creator/import/gnu/arm/5.4.1/bin/../lib/gcc/arm-none-eabi/5.4.1/armv6-m/crtend.o
                [!provide]                PROVIDE (__exidx_start, .)

.ARM.exidx
 *(.ARM.exidx* .gnu.linkonce.armexidx.*)
                0x00000e88                __exidx_end = .

.rodata         0x00000e88       0x80
 *(.rodata .rodata.* .gnu.linkonce.r.*)
 .rodata.str1.4
                0x00000e88        0x4 .\CortexM0\ARM_GCC_541\Debug\main.o
 .rodata.str1.4
                0x00000e8c        0x8 .\CortexM0\ARM_GCC_541\Debug\tasks.o
                                  0x5 (size before relaxing)
 .rodata        0x00000e94        0xc .\CortexM0\ARM_GCC_541\Debug\cyfitter_cfg.o
 .rodata        0x00000ea0       0x2e .\CortexM0\ARM_GCC_541\Debug\Blinky.a(CyLib.o)
                0x00000ea0                cyImoFreqMhz2Reg
 .rodata.str1.1
                0x00000ece        0x2 c:/program files (x86)/cypress/psoc creator/4.1/psoc creator/import/gnu/arm/5.4.1/bin/../lib/gcc/arm-none-eabi/5.4.1/../../../../arm-none-eabi/lib/armv6-m\libg_nano.a(lib_a-impure.o)
                0x00000ed0                . = ALIGN (0x4)
 *(.init)
 .init          0x00000ed0        0x4 c:/program files (x86)/cypress/psoc creator/4.1/psoc creator/import/gnu/arm/5.4.1/bin/../lib/gcc/arm-none-eabi/5.4.1/armv6-m/crti.o
                0x00000ed0                _init
 .init          0x00000ed4        0x8 c:/program files (x86)/cypress/psoc creator/4.1/psoc creator/import/gnu/arm/5.4.1/bin/../lib/gcc/arm-none-eabi/5.4.1/armv6-m/crtn.o
                0x00000edc                . = ALIGN (0x4)
                0x00000edc                __preinit_array_start = .
 *(.preinit_array)
                0x00000edc                __preinit_array_end = .
                0x00000edc                . = ALIGN (0x4)
                0x00000edc                __init_array_start = .
 *(SORT(.init_array.*))
 *(.init_array)
 .init_array    0x00000edc        0x4 c:/program files (x86)/cypress/psoc creator/4.1/psoc creator/import/gnu/arm/5.4.1/bin/../lib/gcc/arm-none-eabi/5.4.1/armv6-m/crtbegin.o
 .init_array    0x00000ee0        0x4 .\CortexM0\ARM_GCC_541\Debug\Cm0Start.o
                0x00000ee4                __init_array_end = .
                0x00000ee4                . = ALIGN (0x4)
 *(.fini)
 .fini          0x00000ee4        0x4 c:/program files (x86)/cypress/psoc creator/4.1/psoc creator/import/gnu/arm/5.4.1/bin/../lib/gcc/arm-none-eabi/5.4.1/armv6-m/crti.o
                0x00000ee4                _fini
 .fini          0x00000ee8        0x8 c:/program files (x86)/cypress/psoc creator/4.1/psoc creator/import/gnu/arm/5.4.1/bin/../lib/gcc/arm-none-eabi/5.4.1/armv6-m/crtn.o
                0x00000ef0                . = ALIGN (0x4)
                0x00000ef0                __fini_array_start = .
 *(.fini_array)
 .fini_array    0x00000ef0        0x4 c:/program files (x86)/cypress/psoc creator/4.1/psoc creator/import/gnu/arm/5.4.1/bin/../lib/gcc/arm-none-eabi/5.4.1/armv6-m/crtbegin.o
 *(SORT(.fini_array.*))
                0x00000ef4                __fini_array_end = .
                0x00000ef4                . = ALIGN (0x4)
 *crtbegin.o(.ctors)
 *(EXCLUDE_FILE(*crtend.o) .ctors)
 *(SORT(.ctors.*))
 *crtend.o(.ctors)
                0x00000ef4                . = ALIGN (0x4)
 *crtbegin.o(.dtors)
 *(EXCLUDE_FILE(*crtend.o) .dtors)
 *(SORT(.dtors.*))
 *crtend.o(.dtors)
                0x00000ef4                . = ALIGN (0x4)
                0x00000ef4                __cy_regions = .
                0x00000ef4        0x4 LONG 0xf08 __cy_region_init_ram
                0x00000ef8        0x4 LONG 0x200000c0 __cy_region_start_data
                0x00000efc        0x4 LONG 0x88 __cy_region_init_size_ram
                0x00000f00        0x4 LONG 0x548 __cy_region_zero_size_ram
                0x00000f04                __cy_regions_end = .
                0x00000f08                . = ALIGN (0x8)
 *fill*         0x00000f04        0x4 
                0x00000f08                _etext = .

.cy_checksum_exclude
                0x00000f08        0x0
 *(.cy_checksum_exclude)

.ramvectors     0x20000000       0xc0
                0x20000000                __cy_region_start_ram = .
 *(.ramvectors)
 .ramvectors    0x20000000       0xc0 .\CortexM0\ARM_GCC_541\Debug\Cm0Start.o
                0x20000000                CyRamVectors

.noinit
 *(.noinit)

.data           0x200000c0       0x88 load address 0x00000f08
                0x200000c0                __cy_region_start_data = .
 *(.jcr)
 .jcr           0x200000c0        0x0 c:/program files (x86)/cypress/psoc creator/4.1/psoc creator/import/gnu/arm/5.4.1/bin/../lib/gcc/arm-none-eabi/5.4.1/armv6-m/crtbegin.o
 .jcr           0x200000c0        0x4 c:/program files (x86)/cypress/psoc creator/4.1/psoc creator/import/gnu/arm/5.4.1/bin/../lib/gcc/arm-none-eabi/5.4.1/armv6-m/crtend.o
 *(.got.plt)
 *(.got)
 *(.shdata)
 *(.data .data.* .gnu.linkonce.d.*)
 .data          0x200000c4        0x4 .\CortexM0\ARM_GCC_541\Debug\port.o
 .data          0x200000c8       0x14 .\CortexM0\ARM_GCC_541\Debug\Blinky.a(CyLib.o)
                0x200000c8                CySysClkPumpConfig
                0x200000cc                cydelay32kMs
                0x200000d0                cydelayFreqKhz
                0x200000d4                cydelayFreqMhz
                0x200000d8                cydelayFreqHz
 .data          0x200000dc        0x4 .\CortexM0\ARM_GCC_541\Debug\Blinky.a(CyLFClk.o)
 .data.impure_data
                0x200000e0       0x60 c:/program files (x86)/cypress/psoc creator/4.1/psoc creator/import/gnu/arm/5.4.1/bin/../lib/gcc/arm-none-eabi/5.4.1/../../../../arm-none-eabi/lib/armv6-m\libg_nano.a(lib_a-impure.o)
 .data._impure_ptr
                0x20000140        0x4 c:/program files (x86)/cypress/psoc creator/4.1/psoc creator/import/gnu/arm/5.4.1/bin/../lib/gcc/arm-none-eabi/5.4.1/../../../../arm-none-eabi/lib/armv6-m\libg_nano.a(lib_a-impure.o)
                0x20000140                _impure_ptr
                0x20000148                . = ALIGN (0x8)
 *fill*         0x20000144        0x4 
 *(.ram)
                0x20000148                _edata = .

.igot.plt       0x20000148        0x0 load address 0x00000f90
 .igot.plt      0x20000148        0x0 c:/program files (x86)/cypress/psoc creator/4.1/psoc creator/import/gnu/arm/5.4.1/bin/../lib/gcc/arm-none-eabi/5.4.1/armv6-m/crtbegin.o

.bss            0x20000148      0x548 load address 0x00000f90
                0x20000148                PROVIDE (__bss_start__, .)
 *(.shbss)
 *(.bss .bss.* .gnu.linkonce.b.*)
 .bss           0x20000148       0x1c c:/program files (x86)/cypress/psoc creator/4.1/psoc creator/import/gnu/arm/5.4.1/bin/../lib/gcc/arm-none-eabi/5.4.1/armv6-m/crtbegin.o
 .bss           0x20000164      0x104 .\CortexM0\ARM_GCC_541\Debug\tasks.o
                0x2000023c                pxCurrentTCB
 .bss           0x20000268      0x408 .\CortexM0\ARM_GCC_541\Debug\heap_1.o
 .bss           0x20000670       0x20 .\CortexM0\ARM_GCC_541\Debug\Blinky.a(CyLFClk.o)
 *(COMMON)
                0x20000690                . = ALIGN (0x8)
 *(.ram.b)
                0x20000690                _end = .
                0x20000690                __end = .
                0x20000690                PROVIDE (end, .)
                0x20000690                PROVIDE (__bss_end__, .)
                0x00000f08                __cy_region_init_ram = LOADADDR (.data)
                0x00000088                __cy_region_init_size_ram = (_edata - ADDR (.data))
                0x00000548                __cy_region_zero_size_ram = (_end - _edata)

.heap           0x20000690      0x100 load address 0x00000f90
                0x20000690                . = _end
                0x20000790                . = (. + 0x100)
 *fill*         0x20000690      0x100 
                0x20000790                __cy_heap_limit = .

.stack          0x20000c00      0x400
                0x20000c00                __cy_stack_limit = .
                0x20001000                . = (. + 0x400)
 *fill*         0x20000c00      0x400 
                0x00000001                ASSERT ((__cy_stack_limit >= __cy_heap_limit), region RAM overflowed with stack)
                0x00000000                cy_checksum_exclude_size = (CY_APPL_LOADABLE == 0x1)?SIZEOF (.cy_checksum_exclude):0x0
                0x00000001                ASSERT ((cy_checksum_exclude_size <= CY_CHECKSUM_EXCLUDE_SIZE), CY_BOOT: Section .cy_checksum_exclude size exceedes specified limit.)
                0x00007fc0                cyloadermeta_start = (cy_project_type_bootloader || cy_project_type_app_for_stack_and_copier)?(LENGTH (rom) - CY_METADATA_SIZE):0xf0000000

.cyloadermeta
 *(.cyloadermeta)
                0x00007fc0                cyloadablemeta_start = cy_project_type_app_for_stack_and_copier?((LENGTH (rom) - CY_FLASH_ROW_SIZE) - CY_METADATA_SIZE):((LENGTH (rom) - (CY_FLASH_ROW_SIZE * (CY_APPL_NUM - 0x1))) - CY_METADATA_SIZE)

.cyloadablemeta
 *(.cyloadablemeta)

.cyflashprotect
                0x90400000       0x20
 *(.cyflashprotect)
 .cyflashprotect
                0x90400000       0x20 .\CortexM0\ARM_GCC_541\Debug\cymetadata.o
                0x90400000                cy_meta_flashprotect

.cymeta         0x90500000        0xc
 *(.cymeta)
 .cymeta        0x90500000        0xc .\CortexM0\ARM_GCC_541\Debug\cymetadata.o
                0x90500000                cy_metadata

.cychipprotect  0x90600000        0x1
 *(.cychipprotect)
 .cychipprotect
                0x90600000        0x1 .\CortexM0\ARM_GCC_541\Debug\cymetadata.o
                0x90600000                cy_meta_chipprotect

.rel.dyn        0x00000f90        0x0 load address 0x90600004
 .rel.iplt      0x00000f90        0x0 c:/program files (x86)/cypress/psoc creator/4.1/psoc creator/import/gnu/arm/5.4.1/bin/../lib/gcc/arm-none-eabi/5.4.1/armv6-m/crtbegin.o

.stab
 *(.stab)

.stabstr
 *(.stabstr)

.debug
 *(.debug)

.line
 *(.line)

.debug_srcinfo
 *(.debug_srcinfo)

.debug_sfnames
 *(.debug_sfnames)

.debug_aranges  0x00000000      0x840
 *(.debug_aranges)
 .debug_aranges
                0x00000000       0x40 .\CortexM0\ARM_GCC_541\Debug\main.o
 .debug_aranges
                0x00000040       0x88 .\CortexM0\ARM_GCC_541\Debug\port.o
 .debug_aranges
                0x000000c8       0x18 .\CortexM0\ARM_GCC_541\Debug\croutine.o
 .debug_aranges
                0x000000e0       0x68 .\CortexM0\ARM_GCC_541\Debug\event_groups.o
 .debug_aranges
                0x00000148       0x40 .\CortexM0\ARM_GCC_541\Debug\list.o
 .debug_aranges
                0x00000188       0xf8 .\CortexM0\ARM_GCC_541\Debug\queue.o
 .debug_aranges
                0x00000280      0x1c0 .\CortexM0\ARM_GCC_541\Debug\tasks.o
 .debug_aranges
                0x00000440       0x18 .\CortexM0\ARM_GCC_541\Debug\timers.o
 .debug_aranges
                0x00000458       0x38 .\CortexM0\ARM_GCC_541\Debug\heap_1.o
 .debug_aranges
                0x00000490       0x30 .\CortexM0\ARM_GCC_541\Debug\cyfitter_cfg.o
 .debug_aranges
                0x000004c0       0x18 .\CortexM0\ARM_GCC_541\Debug\cymetadata.o
 .debug_aranges
                0x000004d8       0x48 .\CortexM0\ARM_GCC_541\Debug\Cm0Start.o
 .debug_aranges
                0x00000520      0x180 .\CortexM0\ARM_GCC_541\Debug\Blinky.a(CyLib.o)
 .debug_aranges
                0x000006a0      0x138 .\CortexM0\ARM_GCC_541\Debug\Blinky.a(CyLFClk.o)
 .debug_aranges
                0x000007d8       0x48 .\CortexM0\ARM_GCC_541\Debug\Blinky.a(LED.o)
 .debug_aranges
                0x00000820       0x20 .\CortexM0\ARM_GCC_541\Debug\Blinky.a(CyBootAsmGnu.o)

.debug_pubnames
 *(.debug_pubnames)

.debug_info     0x00000000     0x6888
 *(.debug_info .gnu.linkonce.wi.*)
 .debug_info    0x00000000      0x2c8 .\CortexM0\ARM_GCC_541\Debug\main.o
 .debug_info    0x000002c8      0x2ac .\CortexM0\ARM_GCC_541\Debug\port.o
 .debug_info    0x00000574       0x87 .\CortexM0\ARM_GCC_541\Debug\croutine.o
 .debug_info    0x000005fb      0x8b6 .\CortexM0\ARM_GCC_541\Debug\event_groups.o
 .debug_info    0x00000eb1      0x2af .\CortexM0\ARM_GCC_541\Debug\list.o
 .debug_info    0x00001160     0x145d .\CortexM0\ARM_GCC_541\Debug\queue.o
 .debug_info    0x000025bd     0x1f29 .\CortexM0\ARM_GCC_541\Debug\tasks.o
 .debug_info    0x000044e6       0x87 .\CortexM0\ARM_GCC_541\Debug\timers.o
 .debug_info    0x0000456d      0x1e5 .\CortexM0\ARM_GCC_541\Debug\heap_1.o
 .debug_info    0x00004752      0x278 .\CortexM0\ARM_GCC_541\Debug\cyfitter_cfg.o
 .debug_info    0x000049ca       0xf8 .\CortexM0\ARM_GCC_541\Debug\cymetadata.o
 .debug_info    0x00004ac2      0x3a2 .\CortexM0\ARM_GCC_541\Debug\Cm0Start.o
 .debug_info    0x00004e64      0xafc .\CortexM0\ARM_GCC_541\Debug\Blinky.a(CyLib.o)
 .debug_info    0x00005960      0xcfe .\CortexM0\ARM_GCC_541\Debug\Blinky.a(CyLFClk.o)
 .debug_info    0x0000665e      0x19d .\CortexM0\ARM_GCC_541\Debug\Blinky.a(LED.o)
 .debug_info    0x000067fb       0x8d .\CortexM0\ARM_GCC_541\Debug\Blinky.a(CyBootAsmGnu.o)

.debug_abbrev   0x00000000     0x1405
 *(.debug_abbrev)
 .debug_abbrev  0x00000000      0x196 .\CortexM0\ARM_GCC_541\Debug\main.o
 .debug_abbrev  0x00000196      0x1b9 .\CortexM0\ARM_GCC_541\Debug\port.o
 .debug_abbrev  0x0000034f       0x26 .\CortexM0\ARM_GCC_541\Debug\croutine.o
 .debug_abbrev  0x00000375      0x18c .\CortexM0\ARM_GCC_541\Debug\event_groups.o
 .debug_abbrev  0x00000501       0xdc .\CortexM0\ARM_GCC_541\Debug\list.o
 .debug_abbrev  0x000005dd      0x1ff .\CortexM0\ARM_GCC_541\Debug\queue.o
 .debug_abbrev  0x000007dc      0x26d .\CortexM0\ARM_GCC_541\Debug\tasks.o
 .debug_abbrev  0x00000a49       0x26 .\CortexM0\ARM_GCC_541\Debug\timers.o
 .debug_abbrev  0x00000a6f      0x146 .\CortexM0\ARM_GCC_541\Debug\heap_1.o
 .debug_abbrev  0x00000bb5      0x150 .\CortexM0\ARM_GCC_541\Debug\cyfitter_cfg.o
 .debug_abbrev  0x00000d05       0x5d .\CortexM0\ARM_GCC_541\Debug\cymetadata.o
 .debug_abbrev  0x00000d62      0x1d7 .\CortexM0\ARM_GCC_541\Debug\Cm0Start.o
 .debug_abbrev  0x00000f39      0x1e0 .\CortexM0\ARM_GCC_541\Debug\Blinky.a(CyLib.o)
 .debug_abbrev  0x00001119      0x210 .\CortexM0\ARM_GCC_541\Debug\Blinky.a(CyLFClk.o)
 .debug_abbrev  0x00001329       0xc8 .\CortexM0\ARM_GCC_541\Debug\Blinky.a(LED.o)
 .debug_abbrev  0x000013f1       0x14 .\CortexM0\ARM_GCC_541\Debug\Blinky.a(CyBootAsmGnu.o)

.debug_line     0x00000000     0x2bd4
 *(.debug_line)
 .debug_line    0x00000000      0x22f .\CortexM0\ARM_GCC_541\Debug\main.o
 .debug_line    0x0000022f      0x28f .\CortexM0\ARM_GCC_541\Debug\port.o
 .debug_line    0x000004be       0x1d .\CortexM0\ARM_GCC_541\Debug\croutine.o
 .debug_line    0x000004db      0x304 .\CortexM0\ARM_GCC_541\Debug\event_groups.o
 .debug_line    0x000007df      0x1fe .\CortexM0\ARM_GCC_541\Debug\list.o
 .debug_line    0x000009dd      0x5db .\CortexM0\ARM_GCC_541\Debug\queue.o
 .debug_line    0x00000fb8      0xb34 .\CortexM0\ARM_GCC_541\Debug\tasks.o
 .debug_line    0x00001aec       0x1d .\CortexM0\ARM_GCC_541\Debug\timers.o
 .debug_line    0x00001b09      0x240 .\CortexM0\ARM_GCC_541\Debug\heap_1.o
 .debug_line    0x00001d49      0x12c .\CortexM0\ARM_GCC_541\Debug\cyfitter_cfg.o
 .debug_line    0x00001e75      0x141 .\CortexM0\ARM_GCC_541\Debug\cymetadata.o
 .debug_line    0x00001fb6      0x235 .\CortexM0\ARM_GCC_541\Debug\Cm0Start.o
 .debug_line    0x000021eb      0x45f .\CortexM0\ARM_GCC_541\Debug\Blinky.a(CyLib.o)
 .debug_line    0x0000264a      0x466 .\CortexM0\ARM_GCC_541\Debug\Blinky.a(CyLFClk.o)
 .debug_line    0x00002ab0       0xbb .\CortexM0\ARM_GCC_541\Debug\Blinky.a(LED.o)
 .debug_line    0x00002b6b       0x69 .\CortexM0\ARM_GCC_541\Debug\Blinky.a(CyBootAsmGnu.o)

.debug_frame    0x00000000     0x16b8
 *(.debug_frame)
 .debug_frame   0x00000000       0x90 .\CortexM0\ARM_GCC_541\Debug\main.o
 .debug_frame   0x00000090      0x114 .\CortexM0\ARM_GCC_541\Debug\port.o
 .debug_frame   0x000001a4      0x144 .\CortexM0\ARM_GCC_541\Debug\event_groups.o
 .debug_frame   0x000002e8       0x6c .\CortexM0\ARM_GCC_541\Debug\list.o
 .debug_frame   0x00000354      0x344 .\CortexM0\ARM_GCC_541\Debug\queue.o
 .debug_frame   0x00000698      0x5c8 .\CortexM0\ARM_GCC_541\Debug\tasks.o
 .debug_frame   0x00000c60       0x60 .\CortexM0\ARM_GCC_541\Debug\heap_1.o
 .debug_frame   0x00000cc0       0x68 .\CortexM0\ARM_GCC_541\Debug\cyfitter_cfg.o
 .debug_frame   0x00000d28       0xbc .\CortexM0\ARM_GCC_541\Debug\Cm0Start.o
 .debug_frame   0x00000de4      0x3e0 .\CortexM0\ARM_GCC_541\Debug\Blinky.a(CyLib.o)
 .debug_frame   0x000011c4      0x3a8 .\CortexM0\ARM_GCC_541\Debug\Blinky.a(CyLFClk.o)
 .debug_frame   0x0000156c       0x70 .\CortexM0\ARM_GCC_541\Debug\Blinky.a(LED.o)
 .debug_frame   0x000015dc       0x20 c:/program files (x86)/cypress/psoc creator/4.1/psoc creator/import/gnu/arm/5.4.1/bin/../lib/gcc/arm-none-eabi/5.4.1/armv6-m\libgcc.a(_udivsi3.o)
 .debug_frame   0x000015fc       0x20 c:/program files (x86)/cypress/psoc creator/4.1/psoc creator/import/gnu/arm/5.4.1/bin/../lib/gcc/arm-none-eabi/5.4.1/../../../../arm-none-eabi/lib/armv6-m\libg_nano.a(lib_a-errno.o)
 .debug_frame   0x0000161c       0x28 c:/program files (x86)/cypress/psoc creator/4.1/psoc creator/import/gnu/arm/5.4.1/bin/../lib/gcc/arm-none-eabi/5.4.1/../../../../arm-none-eabi/lib/armv6-m\libg_nano.a(lib_a-exit.o)
 .debug_frame   0x00001644       0x2c c:/program files (x86)/cypress/psoc creator/4.1/psoc creator/import/gnu/arm/5.4.1/bin/../lib/gcc/arm-none-eabi/5.4.1/../../../../arm-none-eabi/lib/armv6-m\libg_nano.a(lib_a-init.o)
 .debug_frame   0x00001670       0x28 c:/program files (x86)/cypress/psoc creator/4.1/psoc creator/import/gnu/arm/5.4.1/bin/../lib/gcc/arm-none-eabi/5.4.1/../../../../arm-none-eabi/lib/armv6-m\libg_nano.a(lib_a-memcpy-stub.o)
 .debug_frame   0x00001698       0x20 c:/program files (x86)/cypress/psoc creator/4.1/psoc creator/import/gnu/arm/5.4.1/bin/../lib/gcc/arm-none-eabi/5.4.1/../../../../arm-none-eabi/lib/armv6-m\libg_nano.a(lib_a-memset.o)

.debug_str      0x00000000     0x24c0
 *(.debug_str)
 .debug_str     0x00000000      0x2ba .\CortexM0\ARM_GCC_541\Debug\main.o
                                0x310 (size before relaxing)
 .debug_str     0x000002ba      0x16d .\CortexM0\ARM_GCC_541\Debug\port.o
                                0x355 (size before relaxing)
 .debug_str     0x00000427       0x17 .\CortexM0\ARM_GCC_541\Debug\croutine.o
                                0x18f (size before relaxing)
 .debug_str     0x0000043e      0x3bc .\CortexM0\ARM_GCC_541\Debug\event_groups.o
                                0x605 (size before relaxing)
 .debug_str     0x000007fa       0x90 .\CortexM0\ARM_GCC_541\Debug\list.o
                                0x2de (size before relaxing)
 .debug_str     0x0000088a      0x5b5 .\CortexM0\ARM_GCC_541\Debug\queue.o
                                0x911 (size before relaxing)
 .debug_str     0x00000e3f      0x925 .\CortexM0\ARM_GCC_541\Debug\tasks.o
                                0xf29 (size before relaxing)
 .debug_str     0x00001764       0x15 .\CortexM0\ARM_GCC_541\Debug\timers.o
                                0x18d (size before relaxing)
 .debug_str     0x00001779       0x81 .\CortexM0\ARM_GCC_541\Debug\heap_1.o
                                0x282 (size before relaxing)
 .debug_str     0x000017fa       0xb4 .\CortexM0\ARM_GCC_541\Debug\cyfitter_cfg.o
                                0x247 (size before relaxing)
 .debug_str     0x000018ae       0x59 .\CortexM0\ARM_GCC_541\Debug\cymetadata.o
                                0x1c5 (size before relaxing)
 .debug_str     0x00001907      0x133 .\CortexM0\ARM_GCC_541\Debug\Cm0Start.o
                                0x2fe (size before relaxing)
 .debug_str     0x00001a3a      0x4cc .\CortexM0\ARM_GCC_541\Debug\Blinky.a(CyLib.o)
                                0x6c1 (size before relaxing)
 .debug_str     0x00001f06      0x530 .\CortexM0\ARM_GCC_541\Debug\Blinky.a(CyLFClk.o)
                                0x73a (size before relaxing)
 .debug_str     0x00002436       0x8a .\CortexM0\ARM_GCC_541\Debug\Blinky.a(LED.o)
                                0x225 (size before relaxing)

.debug_loc      0x00000000     0x4558
 *(.debug_loc)
 .debug_loc     0x00000000       0x21 .\CortexM0\ARM_GCC_541\Debug\main.o
 .debug_loc     0x00000021       0xa6 .\CortexM0\ARM_GCC_541\Debug\port.o
 .debug_loc     0x000000c7      0x7f7 .\CortexM0\ARM_GCC_541\Debug\event_groups.o
 .debug_loc     0x000008be       0x65 .\CortexM0\ARM_GCC_541\Debug\list.o
 .debug_loc     0x00000923     0x132f .\CortexM0\ARM_GCC_541\Debug\queue.o
 .debug_loc     0x00001c52     0x168d .\CortexM0\ARM_GCC_541\Debug\tasks.o
 .debug_loc     0x000032df       0x5f .\CortexM0\ARM_GCC_541\Debug\heap_1.o
 .debug_loc     0x0000333e       0xa9 .\CortexM0\ARM_GCC_541\Debug\cyfitter_cfg.o
 .debug_loc     0x000033e7      0x14f .\CortexM0\ARM_GCC_541\Debug\Cm0Start.o
 .debug_loc     0x00003536      0x5cb .\CortexM0\ARM_GCC_541\Debug\Blinky.a(CyLib.o)
 .debug_loc     0x00003b01      0x9b5 .\CortexM0\ARM_GCC_541\Debug\Blinky.a(CyLFClk.o)
 .debug_loc     0x000044b6       0xa2 .\CortexM0\ARM_GCC_541\Debug\Blinky.a(LED.o)

.debug_macinfo
 *(.debug_macinfo)

.debug_ranges   0x00000000      0x7b0
 *(.debug_ranges)
 .debug_ranges  0x00000000       0x30 .\CortexM0\ARM_GCC_541\Debug\main.o
 .debug_ranges  0x00000030       0x78 .\CortexM0\ARM_GCC_541\Debug\port.o
 .debug_ranges  0x000000a8       0x70 .\CortexM0\ARM_GCC_541\Debug\event_groups.o
 .debug_ranges  0x00000118       0x30 .\CortexM0\ARM_GCC_541\Debug\list.o
 .debug_ranges  0x00000148      0x130 .\CortexM0\ARM_GCC_541\Debug\queue.o
 .debug_ranges  0x00000278      0x1e8 .\CortexM0\ARM_GCC_541\Debug\tasks.o
 .debug_ranges  0x00000460       0x28 .\CortexM0\ARM_GCC_541\Debug\heap_1.o
 .debug_ranges  0x00000488       0x20 .\CortexM0\ARM_GCC_541\Debug\cyfitter_cfg.o
 .debug_ranges  0x000004a8       0x38 .\CortexM0\ARM_GCC_541\Debug\Cm0Start.o
 .debug_ranges  0x000004e0      0x170 .\CortexM0\ARM_GCC_541\Debug\Blinky.a(CyLib.o)
 .debug_ranges  0x00000650      0x128 .\CortexM0\ARM_GCC_541\Debug\Blinky.a(CyLFClk.o)
 .debug_ranges  0x00000778       0x38 .\CortexM0\ARM_GCC_541\Debug\Blinky.a(LED.o)

.comment        0x00000000       0x6e
 .comment       0x00000000       0x6e .\CortexM0\ARM_GCC_541\Debug\main.o
                                 0x6f (size before relaxing)
 .comment       0x0000006e       0x6f .\CortexM0\ARM_GCC_541\Debug\port.o
 .comment       0x0000006e       0x6f .\CortexM0\ARM_GCC_541\Debug\croutine.o
 .comment       0x0000006e       0x6f .\CortexM0\ARM_GCC_541\Debug\event_groups.o
 .comment       0x0000006e       0x6f .\CortexM0\ARM_GCC_541\Debug\list.o
 .comment       0x0000006e       0x6f .\CortexM0\ARM_GCC_541\Debug\queue.o
 .comment       0x0000006e       0x6f .\CortexM0\ARM_GCC_541\Debug\tasks.o
 .comment       0x0000006e       0x6f .\CortexM0\ARM_GCC_541\Debug\timers.o
 .comment       0x0000006e       0x6f .\CortexM0\ARM_GCC_541\Debug\heap_1.o
 .comment       0x0000006e       0x6f .\CortexM0\ARM_GCC_541\Debug\cyfitter_cfg.o
 .comment       0x0000006e       0x6f .\CortexM0\ARM_GCC_541\Debug\cymetadata.o
 .comment       0x0000006e       0x6f .\CortexM0\ARM_GCC_541\Debug\Cm0Start.o
 .comment       0x0000006e       0x6f .\CortexM0\ARM_GCC_541\Debug\Blinky.a(CyLib.o)
 .comment       0x0000006e       0x6f .\CortexM0\ARM_GCC_541\Debug\Blinky.a(CyLFClk.o)
 .comment       0x0000006e       0x6f .\CortexM0\ARM_GCC_541\Debug\Blinky.a(LED.o)

.debug_weaknames
 *(.debug_weaknames)

.debug_funcnames
 *(.debug_funcnames)

.debug_typenames
 *(.debug_typenames)

.debug_varnames
 *(.debug_varnames)

.note.gnu.arm.ident
 *(.note.gnu.arm.ident)

.ARM.attributes
                0x00000000       0x28
 *(.ARM.attributes)
 .ARM.attributes
                0x00000000       0x1e c:/program files (x86)/cypress/psoc creator/4.1/psoc creator/import/gnu/arm/5.4.1/bin/../lib/gcc/arm-none-eabi/5.4.1/armv6-m/crti.o
 .ARM.attributes
                0x0000001e       0x2c c:/program files (x86)/cypress/psoc creator/4.1/psoc creator/import/gnu/arm/5.4.1/bin/../lib/gcc/arm-none-eabi/5.4.1/armv6-m/crtbegin.o
 .ARM.attributes
                0x0000004a       0x1b c:/program files (x86)/cypress/psoc creator/4.1/psoc creator/import/gnu/arm/5.4.1/bin/../lib/gcc/arm-none-eabi/5.4.1/../../../../arm-none-eabi/lib/armv6-m/crt0.o
 .ARM.attributes
                0x00000065       0x31 .\CortexM0\ARM_GCC_541\Debug\main.o
 .ARM.attributes
                0x00000096       0x31 .\CortexM0\ARM_GCC_541\Debug\port.o
 .ARM.attributes
                0x000000c7       0x31 .\CortexM0\ARM_GCC_541\Debug\croutine.o
 .ARM.attributes
                0x000000f8       0x31 .\CortexM0\ARM_GCC_541\Debug\event_groups.o
 .ARM.attributes
                0x00000129       0x31 .\CortexM0\ARM_GCC_541\Debug\list.o
 .ARM.attributes
                0x0000015a       0x31 .\CortexM0\ARM_GCC_541\Debug\queue.o
 .ARM.attributes
                0x0000018b       0x31 .\CortexM0\ARM_GCC_541\Debug\tasks.o
 .ARM.attributes
                0x000001bc       0x31 .\CortexM0\ARM_GCC_541\Debug\timers.o
 .ARM.attributes
                0x000001ed       0x31 .\CortexM0\ARM_GCC_541\Debug\heap_1.o
 .ARM.attributes
                0x0000021e       0x31 .\CortexM0\ARM_GCC_541\Debug\cyfitter_cfg.o
 .ARM.attributes
                0x0000024f       0x31 .\CortexM0\ARM_GCC_541\Debug\cymetadata.o
 .ARM.attributes
                0x00000280       0x31 .\CortexM0\ARM_GCC_541\Debug\Cm0Start.o
 .ARM.attributes
                0x000002b1       0x31 .\CortexM0\ARM_GCC_541\Debug\Blinky.a(CyLib.o)
 .ARM.attributes
                0x000002e2       0x31 .\CortexM0\ARM_GCC_541\Debug\Blinky.a(CyLFClk.o)
 .ARM.attributes
                0x00000313       0x31 .\CortexM0\ARM_GCC_541\Debug\Blinky.a(LED.o)
 .ARM.attributes
                0x00000344       0x21 .\CortexM0\ARM_GCC_541\Debug\Blinky.a(CyBootAsmGnu.o)
 .ARM.attributes
                0x00000365       0x1e c:/program files (x86)/cypress/psoc creator/4.1/psoc creator/import/gnu/arm/5.4.1/bin/../lib/gcc/arm-none-eabi/5.4.1/armv6-m\libgcc.a(_udivsi3.o)
 .ARM.attributes
                0x00000383       0x1e c:/program files (x86)/cypress/psoc creator/4.1/psoc creator/import/gnu/arm/5.4.1/bin/../lib/gcc/arm-none-eabi/5.4.1/armv6-m\libgcc.a(_dvmd_tls.o)
 .ARM.attributes
                0x000003a1       0x2c c:/program files (x86)/cypress/psoc creator/4.1/psoc creator/import/gnu/arm/5.4.1/bin/../lib/gcc/arm-none-eabi/5.4.1/../../../../arm-none-eabi/lib/armv6-m\libg_nano.a(lib_a-errno.o)
 .ARM.attributes
                0x000003cd       0x2c c:/program files (x86)/cypress/psoc creator/4.1/psoc creator/import/gnu/arm/5.4.1/bin/../lib/gcc/arm-none-eabi/5.4.1/../../../../arm-none-eabi/lib/armv6-m\libg_nano.a(lib_a-exit.o)
 .ARM.attributes
                0x000003f9       0x2c c:/program files (x86)/cypress/psoc creator/4.1/psoc creator/import/gnu/arm/5.4.1/bin/../lib/gcc/arm-none-eabi/5.4.1/../../../../arm-none-eabi/lib/armv6-m\libg_nano.a(lib_a-impure.o)
 .ARM.attributes
                0x00000425       0x2c c:/program files (x86)/cypress/psoc creator/4.1/psoc creator/import/gnu/arm/5.4.1/bin/../lib/gcc/arm-none-eabi/5.4.1/../../../../arm-none-eabi/lib/armv6-m\libg_nano.a(lib_a-init.o)
 .ARM.attributes
                0x00000451       0x2c c:/program files (x86)/cypress/psoc creator/4.1/psoc creator/import/gnu/arm/5.4.1/bin/../lib/gcc/arm-none-eabi/5.4.1/../../../../arm-none-eabi/lib/armv6-m\libg_nano.a(lib_a-memcpy-stub.o)
 .ARM.attributes
                0x0000047d       0x2c c:/program files (x86)/cypress/psoc creator/4.1/psoc creator/import/gnu/arm/5.4.1/bin/../lib/gcc/arm-none-eabi/5.4.1/../../../../arm-none-eabi/lib/armv6-m\libg_nano.a(lib_a-memset.o)
 .ARM.attributes
                0x000004a9       0x2c c:/program files (x86)/cypress/psoc creator/4.1/psoc creator/import/gnu/arm/5.4.1/bin/../lib/gcc/arm-none-eabi/5.4.1/armv6-m/crtend.o
 .ARM.attributes
                0x000004d5       0x1e c:/program files (x86)/cypress/psoc creator/4.1/psoc creator/import/gnu/arm/5.4.1/bin/../lib/gcc/arm-none-eabi/5.4.1/armv6-m/crtn.o

/DISCARD/
 *(.note.GNU-stack)
OUTPUT(C:\Users\Xwx47\Documents\Creator\FreeRTOS_49-42xx\Blinky.cydsn\CortexM0\ARM_GCC_541\Debug\Blinky.elf elf32-littlearm)
