Loading plugins phase: Elapsed time ==> 1s.281ms
<CYPRESSTAG name="CyDsfit arguments...">
cydsfit arguments: -.fdsnotice -.fdswarpdepfile=warp_dependencies.txt -.fdselabdepfile=elab_dependencies.txt -.fdsbldfile=generated_files.txt -.fdsreffile=referenced_files.txt -p C:\Users\Xwx47\Documents\Creator\FreeRTOS_49-42xx\UART_MessageBuffer_FreeRTOS10.cydsn\UART_MessageBuffer_FreeRTOS10.cyprj -d CY8C4245AXI-483 -s C:\Users\Xwx47\Documents\Creator\FreeRTOS_49-42xx\UART_MessageBuffer_FreeRTOS10.cydsn\Generated_Source\PSoC4 -- -yv2 -q10 -ygs -o2 -v3 -.fftcfgtype=LE
</CYPRESSTAG>
<CYPRESSTAG name="Design elaboration results...">
</CYPRESSTAG>
Elaboration phase: Elapsed time ==> 12s.444ms
<CYPRESSTAG name="HDL generation results...">
</CYPRESSTAG>
HDL generation phase: Elapsed time ==> 0s.349ms
<CYPRESSTAG name="Synthesis results...">

     | | | | | | |
   _________________
  -|               |-
  -|               |-
  -|               |-
  -|    CYPRESS    |-
  -|               |-
  -|               |-   Warp Verilog Synthesis Compiler: Version 6.3 IR 41
  -|               |-   Copyright (C) 1991-2001 Cypress Semiconductor
   |_______________|
     | | | | | | |

======================================================================
Compiling:  UART_MessageBuffer_FreeRTOS10.v
Program  :   C:\Program Files (x86)\Cypress\PSoC Creator\4.1\PSoC Creator\warp\bin\warp.exe
Options  :    -yv2 -q10 -ygs -o2 -v3 -.fftcfgtype=LE -ya -.fftprj=C:\Users\Xwx47\Documents\Creator\FreeRTOS_49-42xx\UART_MessageBuffer_FreeRTOS10.cydsn\UART_MessageBuffer_FreeRTOS10.cyprj -dcpsoc3 UART_MessageBuffer_FreeRTOS10.v -verilog
======================================================================

======================================================================
Compiling:  UART_MessageBuffer_FreeRTOS10.v
Program  :   C:\Program Files (x86)\Cypress\PSoC Creator\4.1\PSoC Creator\warp\bin\warp.exe
Options  :    -yv2 -q10 -ygs -o2 -v3 -.fftcfgtype=LE -ya -.fftprj=C:\Users\Xwx47\Documents\Creator\FreeRTOS_49-42xx\UART_MessageBuffer_FreeRTOS10.cydsn\UART_MessageBuffer_FreeRTOS10.cyprj -dcpsoc3 UART_MessageBuffer_FreeRTOS10.v -verilog
======================================================================

======================================================================
Compiling:  UART_MessageBuffer_FreeRTOS10.v
Program  :   vlogfe
Options  :    -yv2 -q10 -ygs -o2 -v3 -.fftcfgtype=LE -ya -.fftprj=C:\Users\Xwx47\Documents\Creator\FreeRTOS_49-42xx\UART_MessageBuffer_FreeRTOS10.cydsn\UART_MessageBuffer_FreeRTOS10.cyprj -dcpsoc3 -verilog UART_MessageBuffer_FreeRTOS10.v
======================================================================

vlogfe V6.3 IR 41:  Verilog parser
Thu Feb 15 15:10:49 2018


======================================================================
Compiling:  UART_MessageBuffer_FreeRTOS10.v
Program  :   vpp
Options  :    -yv2 -q10 UART_MessageBuffer_FreeRTOS10.v
======================================================================

vpp V6.3 IR 41:  Verilog Pre-Processor
Thu Feb 15 15:10:49 2018

Flattening file 'C:\Program Files (x86)\Cypress\PSoC Creator\4.1\PSoC Creator\psoc\content\CyPrimitives\cyprimitives.cylib\cy_virtualmux_v1_0\cy_virtualmux_v1_0.v'
Flattening file 'C:\Program Files (x86)\Cypress\PSoC Creator\4.1\PSoC Creator\psoc\content\CyComponentLibrary\CyComponentLibrary.cylib\B_UART_v2_50\B_UART_v2_50.v'
Flattening file 'C:\Program Files (x86)\Cypress\PSoC Creator\4.1\PSoC Creator\warp\lib\common\cypress.v'
Flattening file 'C:\Program Files (x86)\Cypress\PSoC Creator\4.1\PSoC Creator\warp\lib\common\cy_psoc3_inc.v'
Flattening file 'C:\Program Files (x86)\Cypress\PSoC Creator\4.1\PSoC Creator\psoc\content\CyPrimitives\cyprimitives.cylib\cy_constant_v1_0\cy_constant_v1_0.v'

vpp:  No errors.

Library 'work' => directory 'lcpsoc3'
General_symbol_table
General_symbol_table
Linking 'C:\Program Files (x86)\Cypress\PSoC Creator\4.1\PSoC Creator\warp\lib\common\std.vhd'.
Linking 'C:\Program Files (x86)\Cypress\PSoC Creator\4.1\PSoC Creator\warp\lib\common\cypress.vhd'.
Linking 'C:\Program Files (x86)\Cypress\PSoC Creator\4.1\PSoC Creator\warp\lib\common\work\cypress.vif'.
Linking 'C:\Program Files (x86)\Cypress\PSoC Creator\4.1\PSoC Creator\warp\lib\ieee\work\stdlogic.vif'.
Linking 'C:\Program Files (x86)\Cypress\PSoC Creator\4.1\PSoC Creator\warp\lib\common\stdlogic\lpmpkg.vif'.
Linking 'C:\Program Files (x86)\Cypress\PSoC Creator\4.1\PSoC Creator\warp\lib\common\stdlogic\rtlpkg.vif'.
Linking 'C:\Program Files (x86)\Cypress\PSoC Creator\4.1\PSoC Creator\warp\lib\common\stdlogic\mod_cnst.vif'.
Linking 'C:\Program Files (x86)\Cypress\PSoC Creator\4.1\PSoC Creator\warp\lib\common\stdlogic\mod_mthv.vif'.
Linking 'C:\Program Files (x86)\Cypress\PSoC Creator\4.1\PSoC Creator\warp\lib\common\stdlogic\mod_genv.vif'.
Using control file 'UART_MessageBuffer_FreeRTOS10.ctl'.
C:\Program Files (x86)\Cypress\PSoC Creator\4.1\PSoC Creator\psoc\content\CyComponentLibrary\CyComponentLibrary.cylib\B_UART_v2_50\B_UART_v2_50.v (line 1113, col 55):  Note: Substituting module 'add_vv_vv' for '+'.
C:\Program Files (x86)\Cypress\PSoC Creator\4.1\PSoC Creator\psoc\content\CyComponentLibrary\CyComponentLibrary.cylib\B_UART_v2_50\B_UART_v2_50.v (line 1122, col 48):  Note: Substituting module 'cmp_vv_vv' for '<'.
C:\Program Files (x86)\Cypress\PSoC Creator\4.1\PSoC Creator\psoc\content\CyComponentLibrary\CyComponentLibrary.cylib\B_UART_v2_50\B_UART_v2_50.v (line 1122, col 77):  Note: Substituting module 'cmp_vv_vv' for '<'.
C:\Program Files (x86)\Cypress\PSoC Creator\4.1\PSoC Creator\psoc\content\CyComponentLibrary\CyComponentLibrary.cylib\B_UART_v2_50\B_UART_v2_50.v (line 1389, col 59):  Note: Substituting module 'cmp_vv_vv' for '<'.
C:\Program Files (x86)\Cypress\PSoC Creator\4.1\PSoC Creator\psoc\content\CyComponentLibrary\CyComponentLibrary.cylib\B_UART_v2_50\B_UART_v2_50.v (line 1424, col 61):  Note: Substituting module 'cmp_vv_vv' for '/='.
C:\Program Files (x86)\Cypress\PSoC Creator\4.1\PSoC Creator\psoc\content\CyComponentLibrary\CyComponentLibrary.cylib\B_UART_v2_50\B_UART_v2_50.v (line 1547, col 106):  Note: Substituting module 'cmp_vv_vv' for '<'.
C:\Program Files (x86)\Cypress\PSoC Creator\4.1\PSoC Creator\psoc\content\CyComponentLibrary\CyComponentLibrary.cylib\B_UART_v2_50\B_UART_v2_50.v (line 1603, col 68):  Note: Substituting module 'cmp_vv_vv' for '<'.
C:\Program Files (x86)\Cypress\PSoC Creator\4.1\PSoC Creator\psoc\content\CyComponentLibrary\CyComponentLibrary.cylib\B_UART_v2_50\B_UART_v2_50.v (line 1604, col 68):  Note: Substituting module 'cmp_vv_vv' for '<'.
Linking 'C:\Program Files (x86)\Cypress\PSoC Creator\4.1\PSoC Creator\warp\lib\common\stdlogic\cy_psoc3pkg.vif'.
Linking 'C:\Program Files (x86)\Cypress\PSoC Creator\4.1\PSoC Creator\warp\lib\common\stdlogic\cy_psoc3.vif'.

vlogfe:  No errors.


======================================================================
Compiling:  UART_MessageBuffer_FreeRTOS10.v
Program  :   tovif
Options  :    -yv2 -q10 -ygs -o2 -v3 -.fftcfgtype=LE -ya -.fftprj=C:\Users\Xwx47\Documents\Creator\FreeRTOS_49-42xx\UART_MessageBuffer_FreeRTOS10.cydsn\UART_MessageBuffer_FreeRTOS10.cyprj -dcpsoc3 -verilog UART_MessageBuffer_FreeRTOS10.v
======================================================================

tovif V6.3 IR 41:  High-level synthesis
Thu Feb 15 15:10:51 2018

Linking 'C:\Program Files (x86)\Cypress\PSoC Creator\4.1\PSoC Creator\warp\lib\common\std.vhd'.
Linking 'C:\Program Files (x86)\Cypress\PSoC Creator\4.1\PSoC Creator\warp\lib\common\cypress.vhd'.
Linking 'C:\Program Files (x86)\Cypress\PSoC Creator\4.1\PSoC Creator\warp\lib\common\work\cypress.vif'.
Linking 'C:\Program Files (x86)\Cypress\PSoC Creator\4.1\PSoC Creator\warp\lib\ieee\work\stdlogic.vif'.
Linking 'C:\Program Files (x86)\Cypress\PSoC Creator\4.1\PSoC Creator\warp\lib\common\stdlogic\lpmpkg.vif'.
Linking 'C:\Program Files (x86)\Cypress\PSoC Creator\4.1\PSoC Creator\warp\lib\common\stdlogic\rtlpkg.vif'.
Linking 'C:\Program Files (x86)\Cypress\PSoC Creator\4.1\PSoC Creator\warp\lib\common\stdlogic\mod_cnst.vif'.
Linking 'C:\Program Files (x86)\Cypress\PSoC Creator\4.1\PSoC Creator\warp\lib\common\stdlogic\mod_mthv.vif'.
Linking 'C:\Program Files (x86)\Cypress\PSoC Creator\4.1\PSoC Creator\warp\lib\common\stdlogic\mod_genv.vif'.
Linking 'C:\Users\Xwx47\Documents\Creator\FreeRTOS_49-42xx\UART_MessageBuffer_FreeRTOS10.cydsn\codegentemp\UART_MessageBuffer_FreeRTOS10.ctl'.
Linking 'C:\Program Files (x86)\Cypress\PSoC Creator\4.1\PSoC Creator\psoc\content\CyPrimitives\cyprimitives.cylib\cy_virtualmux_v1_0\cy_virtualmux_v1_0.v'.
Linking 'C:\Users\Xwx47\Documents\Creator\FreeRTOS_49-42xx\UART_MessageBuffer_FreeRTOS10.cydsn\codegentemp\UART_MessageBuffer_FreeRTOS10.v'.
Linking 'C:\Program Files (x86)\Cypress\PSoC Creator\4.1\PSoC Creator\psoc\content\CyComponentLibrary\CyComponentLibrary.cylib\B_UART_v2_50\B_UART_v2_50.v'.
Linking 'C:\Program Files (x86)\Cypress\PSoC Creator\4.1\PSoC Creator\warp\lib\common\cypress.v'.
Linking 'C:\Program Files (x86)\Cypress\PSoC Creator\4.1\PSoC Creator\warp\lib\common\cy_psoc3_inc.v'.
Linking 'C:\Program Files (x86)\Cypress\PSoC Creator\4.1\PSoC Creator\psoc\content\CyPrimitives\cyprimitives.cylib\cy_constant_v1_0\cy_constant_v1_0.v'.
Linking 'C:\Program Files (x86)\Cypress\PSoC Creator\4.1\PSoC Creator\warp\lib\common\stdlogic\cy_psoc3pkg.vif'.
Linking 'C:\Program Files (x86)\Cypress\PSoC Creator\4.1\PSoC Creator\warp\lib\common\stdlogic\cy_psoc3.vif'.
Linking 'C:\Program Files (x86)\Cypress\PSoC Creator\4.1\PSoC Creator\warp\lib\common\stdlogic\mcompare.vif'.

tovif:  No errors.


======================================================================
Compiling:  UART_MessageBuffer_FreeRTOS10.v
Program  :   topld
Options  :    -yv2 -q10 -ygs -o2 -v3 -.fftcfgtype=LE -ya -.fftprj=C:\Users\Xwx47\Documents\Creator\FreeRTOS_49-42xx\UART_MessageBuffer_FreeRTOS10.cydsn\UART_MessageBuffer_FreeRTOS10.cyprj -dcpsoc3 -verilog UART_MessageBuffer_FreeRTOS10.v
======================================================================

topld V6.3 IR 41:  Synthesis and optimization
Thu Feb 15 15:10:54 2018

Linking 'C:\Program Files (x86)\Cypress\PSoC Creator\4.1\PSoC Creator\warp\lib\common\std.vhd'.
Linking 'C:\Program Files (x86)\Cypress\PSoC Creator\4.1\PSoC Creator\warp\lib\common\cypress.vhd'.
Linking 'C:\Program Files (x86)\Cypress\PSoC Creator\4.1\PSoC Creator\warp\lib\common\work\cypress.vif'.
Linking 'C:\Program Files (x86)\Cypress\PSoC Creator\4.1\PSoC Creator\warp\lib\ieee\work\stdlogic.vif'.
Linking 'C:\Program Files (x86)\Cypress\PSoC Creator\4.1\PSoC Creator\warp\lib\common\stdlogic\lpmpkg.vif'.
Linking 'C:\Program Files (x86)\Cypress\PSoC Creator\4.1\PSoC Creator\warp\lib\common\stdlogic\rtlpkg.vif'.
Linking 'C:\Program Files (x86)\Cypress\PSoC Creator\4.1\PSoC Creator\warp\lib\common\stdlogic\mod_cnst.vif'.
Linking 'C:\Program Files (x86)\Cypress\PSoC Creator\4.1\PSoC Creator\warp\lib\common\stdlogic\mod_mthv.vif'.
Linking 'C:\Program Files (x86)\Cypress\PSoC Creator\4.1\PSoC Creator\warp\lib\common\stdlogic\mod_genv.vif'.
Linking 'C:\Users\Xwx47\Documents\Creator\FreeRTOS_49-42xx\UART_MessageBuffer_FreeRTOS10.cydsn\codegentemp\UART_MessageBuffer_FreeRTOS10.ctl'.
Linking 'C:\Program Files (x86)\Cypress\PSoC Creator\4.1\PSoC Creator\psoc\content\CyPrimitives\cyprimitives.cylib\cy_virtualmux_v1_0\cy_virtualmux_v1_0.v'.
Linking 'C:\Users\Xwx47\Documents\Creator\FreeRTOS_49-42xx\UART_MessageBuffer_FreeRTOS10.cydsn\codegentemp\UART_MessageBuffer_FreeRTOS10.v'.
Linking 'C:\Program Files (x86)\Cypress\PSoC Creator\4.1\PSoC Creator\psoc\content\CyComponentLibrary\CyComponentLibrary.cylib\B_UART_v2_50\B_UART_v2_50.v'.
Linking 'C:\Program Files (x86)\Cypress\PSoC Creator\4.1\PSoC Creator\warp\lib\common\cypress.v'.
Linking 'C:\Program Files (x86)\Cypress\PSoC Creator\4.1\PSoC Creator\warp\lib\common\cy_psoc3_inc.v'.
Linking 'C:\Program Files (x86)\Cypress\PSoC Creator\4.1\PSoC Creator\psoc\content\CyPrimitives\cyprimitives.cylib\cy_constant_v1_0\cy_constant_v1_0.v'.
Linking 'C:\Program Files (x86)\Cypress\PSoC Creator\4.1\PSoC Creator\warp\lib\common\stdlogic\cy_psoc3pkg.vif'.
Linking 'C:\Program Files (x86)\Cypress\PSoC Creator\4.1\PSoC Creator\warp\lib\common\stdlogic\cy_psoc3.vif'.
Linking 'C:\Program Files (x86)\Cypress\PSoC Creator\4.1\PSoC Creator\warp\lib\common\stdlogic\mcompare.vif'.
Linking 'C:\Program Files (x86)\Cypress\PSoC Creator\4.1\PSoC Creator\warp\lib\lcpsoc3\stdlogic\cpsoc3.vif'.

----------------------------------------------------------
Detecting unused logic.
----------------------------------------------------------
    User names
	\UART:BUART:reset_sr\
	Net_31
	\UART:BUART:rx_bitclk_pre16x\
	\UART:BUART:rx_count7_bit8_wire\
	Net_26
	\UART:BUART:sRX:MODULE_1:g2:a0:gta_0\
	\UART:BUART:sRX:MODULE_2:g1:a0:gx:u0:albi_1\
	\UART:BUART:sRX:MODULE_2:g1:a0:gx:u0:agbi_1\
	\UART:BUART:sRX:MODULE_2:g1:a0:gx:u0:lt_0\
	\UART:BUART:sRX:MODULE_2:g1:a0:gx:u0:gt_0\
	\UART:BUART:sRX:MODULE_2:g1:a0:gx:u0:lti_0\
	\UART:BUART:sRX:MODULE_2:g1:a0:gx:u0:gti_0\
	\UART:BUART:sRX:MODULE_2:g1:a0:gx:u0:albi_0\
	\UART:BUART:sRX:MODULE_2:g1:a0:gx:u0:agbi_0\
	\UART:BUART:sRX:MODULE_2:g1:a0:xeq\
	\UART:BUART:sRX:MODULE_2:g1:a0:xlt\
	\UART:BUART:sRX:MODULE_2:g1:a0:xlte\
	\UART:BUART:sRX:MODULE_2:g1:a0:xgt\
	\UART:BUART:sRX:MODULE_2:g1:a0:xgte\
	\UART:BUART:sRX:MODULE_2:lt\
	\UART:BUART:sRX:MODULE_2:eq\
	\UART:BUART:sRX:MODULE_2:gt\
	\UART:BUART:sRX:MODULE_2:gte\
	\UART:BUART:sRX:MODULE_2:lte\


Deleted 24 User equations/components.
Deleted 0 Synthesized equations/components.

------------------------------------------------------
Alias Detection
------------------------------------------------------
Aliasing one to tmpOE__LED_net_0
Aliasing Net_29 to zero
Aliasing \UART:BUART:tx_hd_send_break\ to zero
Aliasing \UART:BUART:HalfDuplexSend\ to zero
Aliasing \UART:BUART:FinalParityType_1\ to zero
Aliasing \UART:BUART:FinalParityType_0\ to zero
Aliasing \UART:BUART:FinalAddrMode_2\ to zero
Aliasing \UART:BUART:FinalAddrMode_1\ to zero
Aliasing \UART:BUART:FinalAddrMode_0\ to zero
Aliasing \UART:BUART:tx_ctrl_mark\ to zero
Aliasing \UART:BUART:tx_status_6\ to zero
Aliasing \UART:BUART:tx_status_5\ to zero
Aliasing \UART:BUART:tx_status_4\ to zero
Aliasing \UART:BUART:rx_status_1\ to zero
Aliasing \UART:BUART:sRX:MODULE_1:g2:a0:newa_6\ to zero
Aliasing \UART:BUART:sRX:MODULE_1:g2:a0:newa_5\ to zero
Aliasing \UART:BUART:sRX:MODULE_1:g2:a0:newa_4\ to zero
Aliasing \UART:BUART:sRX:MODULE_1:g2:a0:newb_6\ to zero
Aliasing \UART:BUART:sRX:MODULE_1:g2:a0:newb_5\ to zero
Aliasing \UART:BUART:sRX:MODULE_1:g2:a0:newb_4\ to zero
Aliasing \UART:BUART:sRX:MODULE_1:g2:a0:newb_3\ to zero
Aliasing \UART:BUART:sRX:MODULE_1:g2:a0:newb_2\ to tmpOE__LED_net_0
Aliasing \UART:BUART:sRX:MODULE_1:g2:a0:newb_1\ to tmpOE__LED_net_0
Aliasing \UART:BUART:sRX:MODULE_1:g2:a0:newb_0\ to zero
Aliasing \UART:BUART:sRX:MODULE_2:g1:a0:gx:u0:aeqb_0\ to tmpOE__LED_net_0
Aliasing tmpOE__Rx_net_0 to tmpOE__LED_net_0
Aliasing tmpOE__Tx_net_0 to tmpOE__LED_net_0
Aliasing Net_27D to zero
Aliasing \UART:BUART:rx_break_status\\D\ to zero
Removing Lhs of wire one[6] = tmpOE__LED_net_0[1]
Removing Lhs of wire \UART:Net_61\[10] = \UART:Net_9\[9]
Removing Lhs of wire Net_29[14] = zero[2]
Removing Lhs of wire \UART:BUART:tx_hd_send_break\[15] = zero[2]
Removing Lhs of wire \UART:BUART:HalfDuplexSend\[16] = zero[2]
Removing Lhs of wire \UART:BUART:FinalParityType_1\[17] = zero[2]
Removing Lhs of wire \UART:BUART:FinalParityType_0\[18] = zero[2]
Removing Lhs of wire \UART:BUART:FinalAddrMode_2\[19] = zero[2]
Removing Lhs of wire \UART:BUART:FinalAddrMode_1\[20] = zero[2]
Removing Lhs of wire \UART:BUART:FinalAddrMode_0\[21] = zero[2]
Removing Lhs of wire \UART:BUART:tx_ctrl_mark\[22] = zero[2]
Removing Rhs of wire Net_32[29] = \UART:BUART:rx_interrupt_out\[30]
Removing Rhs of wire \UART:BUART:tx_bitclk_enable_pre\[34] = \UART:BUART:tx_bitclk_dp\[70]
Removing Lhs of wire \UART:BUART:tx_counter_tc\[80] = \UART:BUART:tx_counter_dp\[71]
Removing Lhs of wire \UART:BUART:tx_status_6\[81] = zero[2]
Removing Lhs of wire \UART:BUART:tx_status_5\[82] = zero[2]
Removing Lhs of wire \UART:BUART:tx_status_4\[83] = zero[2]
Removing Lhs of wire \UART:BUART:tx_status_1\[85] = \UART:BUART:tx_fifo_empty\[48]
Removing Lhs of wire \UART:BUART:tx_status_3\[87] = \UART:BUART:tx_fifo_notfull\[47]
Removing Lhs of wire \UART:BUART:rx_postpoll\[101] = Net_30[150]
Removing Lhs of wire \UART:BUART:rx_status_1\[153] = zero[2]
Removing Rhs of wire \UART:BUART:rx_status_2\[154] = \UART:BUART:rx_parity_error_status\[155]
Removing Rhs of wire \UART:BUART:rx_status_3\[156] = \UART:BUART:rx_stop_bit_error\[157]
Removing Lhs of wire \UART:BUART:sRX:cmp_vv_vv_MODGEN_1\[167] = \UART:BUART:sRX:MODULE_1:g2:a0:lta_0\[216]
Removing Lhs of wire \UART:BUART:sRX:cmp_vv_vv_MODGEN_2\[171] = \UART:BUART:sRX:MODULE_2:g1:a0:xneq\[238]
Removing Lhs of wire \UART:BUART:sRX:MODULE_1:g2:a0:newa_6\[172] = zero[2]
Removing Lhs of wire \UART:BUART:sRX:MODULE_1:g2:a0:newa_5\[173] = zero[2]
Removing Lhs of wire \UART:BUART:sRX:MODULE_1:g2:a0:newa_4\[174] = zero[2]
Removing Lhs of wire \UART:BUART:sRX:MODULE_1:g2:a0:newa_3\[175] = \UART:BUART:sRX:MODIN1_6\[176]
Removing Lhs of wire \UART:BUART:sRX:MODIN1_6\[176] = \UART:BUART:rx_count_6\[142]
Removing Lhs of wire \UART:BUART:sRX:MODULE_1:g2:a0:newa_2\[177] = \UART:BUART:sRX:MODIN1_5\[178]
Removing Lhs of wire \UART:BUART:sRX:MODIN1_5\[178] = \UART:BUART:rx_count_5\[143]
Removing Lhs of wire \UART:BUART:sRX:MODULE_1:g2:a0:newa_1\[179] = \UART:BUART:sRX:MODIN1_4\[180]
Removing Lhs of wire \UART:BUART:sRX:MODIN1_4\[180] = \UART:BUART:rx_count_4\[144]
Removing Lhs of wire \UART:BUART:sRX:MODULE_1:g2:a0:newa_0\[181] = \UART:BUART:sRX:MODIN1_3\[182]
Removing Lhs of wire \UART:BUART:sRX:MODIN1_3\[182] = \UART:BUART:rx_count_3\[145]
Removing Lhs of wire \UART:BUART:sRX:MODULE_1:g2:a0:newb_6\[183] = zero[2]
Removing Lhs of wire \UART:BUART:sRX:MODULE_1:g2:a0:newb_5\[184] = zero[2]
Removing Lhs of wire \UART:BUART:sRX:MODULE_1:g2:a0:newb_4\[185] = zero[2]
Removing Lhs of wire \UART:BUART:sRX:MODULE_1:g2:a0:newb_3\[186] = zero[2]
Removing Lhs of wire \UART:BUART:sRX:MODULE_1:g2:a0:newb_2\[187] = tmpOE__LED_net_0[1]
Removing Lhs of wire \UART:BUART:sRX:MODULE_1:g2:a0:newb_1\[188] = tmpOE__LED_net_0[1]
Removing Lhs of wire \UART:BUART:sRX:MODULE_1:g2:a0:newb_0\[189] = zero[2]
Removing Lhs of wire \UART:BUART:sRX:MODULE_1:g2:a0:dataa_6\[190] = zero[2]
Removing Lhs of wire \UART:BUART:sRX:MODULE_1:g2:a0:dataa_5\[191] = zero[2]
Removing Lhs of wire \UART:BUART:sRX:MODULE_1:g2:a0:dataa_4\[192] = zero[2]
Removing Lhs of wire \UART:BUART:sRX:MODULE_1:g2:a0:dataa_3\[193] = \UART:BUART:rx_count_6\[142]
Removing Lhs of wire \UART:BUART:sRX:MODULE_1:g2:a0:dataa_2\[194] = \UART:BUART:rx_count_5\[143]
Removing Lhs of wire \UART:BUART:sRX:MODULE_1:g2:a0:dataa_1\[195] = \UART:BUART:rx_count_4\[144]
Removing Lhs of wire \UART:BUART:sRX:MODULE_1:g2:a0:dataa_0\[196] = \UART:BUART:rx_count_3\[145]
Removing Lhs of wire \UART:BUART:sRX:MODULE_1:g2:a0:datab_6\[197] = zero[2]
Removing Lhs of wire \UART:BUART:sRX:MODULE_1:g2:a0:datab_5\[198] = zero[2]
Removing Lhs of wire \UART:BUART:sRX:MODULE_1:g2:a0:datab_4\[199] = zero[2]
Removing Lhs of wire \UART:BUART:sRX:MODULE_1:g2:a0:datab_3\[200] = zero[2]
Removing Lhs of wire \UART:BUART:sRX:MODULE_1:g2:a0:datab_2\[201] = tmpOE__LED_net_0[1]
Removing Lhs of wire \UART:BUART:sRX:MODULE_1:g2:a0:datab_1\[202] = tmpOE__LED_net_0[1]
Removing Lhs of wire \UART:BUART:sRX:MODULE_1:g2:a0:datab_0\[203] = zero[2]
Removing Lhs of wire \UART:BUART:sRX:MODULE_2:g1:a0:newa_0\[218] = Net_30[150]
Removing Lhs of wire \UART:BUART:sRX:MODULE_2:g1:a0:newb_0\[219] = \UART:BUART:rx_parity_bit\[170]
Removing Lhs of wire \UART:BUART:sRX:MODULE_2:g1:a0:dataa_0\[220] = Net_30[150]
Removing Lhs of wire \UART:BUART:sRX:MODULE_2:g1:a0:datab_0\[221] = \UART:BUART:rx_parity_bit\[170]
Removing Lhs of wire \UART:BUART:sRX:MODULE_2:g1:a0:gx:u0:a_0\[222] = Net_30[150]
Removing Lhs of wire \UART:BUART:sRX:MODULE_2:g1:a0:gx:u0:b_0\[223] = \UART:BUART:rx_parity_bit\[170]
Removing Lhs of wire \UART:BUART:sRX:MODULE_2:g1:a0:gx:u0:aeqb_0\[225] = tmpOE__LED_net_0[1]
Removing Lhs of wire \UART:BUART:sRX:MODULE_2:g1:a0:gx:u0:eq_0\[226] = \UART:BUART:sRX:MODULE_2:g1:a0:gx:u0:xnor_array_0\[224]
Removing Lhs of wire \UART:BUART:sRX:MODULE_2:g1:a0:gx:u0:eqi_0\[227] = \UART:BUART:sRX:MODULE_2:g1:a0:gx:u0:xnor_array_0\[224]
Removing Lhs of wire tmpOE__Rx_net_0[249] = tmpOE__LED_net_0[1]
Removing Lhs of wire tmpOE__Tx_net_0[254] = tmpOE__LED_net_0[1]
Removing Lhs of wire \UART:BUART:reset_reg\\D\[260] = zero[2]
Removing Lhs of wire Net_27D[265] = zero[2]
Removing Lhs of wire \UART:BUART:rx_bitclk\\D\[275] = \UART:BUART:rx_bitclk_pre\[136]
Removing Lhs of wire \UART:BUART:rx_parity_error_pre\\D\[282] = \UART:BUART:rx_parity_error_pre\[165]
Removing Lhs of wire \UART:BUART:rx_break_status\\D\[283] = zero[2]

------------------------------------------------------
Aliased 0 equations, 73 wires.
------------------------------------------------------

----------------------------------------------------------
Circuit simplification
----------------------------------------------------------

Substituting virtuals - pass 1:

Note:  Expanding virtual equation for 'tmpOE__LED_net_0' (cost = 0):
tmpOE__LED_net_0 <=  ('1') ;

Note:  Expanding virtual equation for 'zero' (cost = 0):
zero <=  ('0') ;

Note:  Expanding virtual equation for '\UART:BUART:rx_addressmatch\' (cost = 0):
\UART:BUART:rx_addressmatch\ <= (\UART:BUART:rx_addressmatch2\
	OR \UART:BUART:rx_addressmatch1\);

Note:  Expanding virtual equation for '\UART:BUART:rx_bitclk_pre\' (cost = 0):
\UART:BUART:rx_bitclk_pre\ <= ((not \UART:BUART:rx_count_2\ and not \UART:BUART:rx_count_1\ and not \UART:BUART:rx_count_0\));

Note:  Expanding virtual equation for '\UART:BUART:sRX:MODULE_1:g2:a0:lta_6\' (cost = 0):
\UART:BUART:sRX:MODULE_1:g2:a0:lta_6\ <=  ('0') ;

Note:  Expanding virtual equation for '\UART:BUART:sRX:MODULE_1:g2:a0:gta_6\' (cost = 0):
\UART:BUART:sRX:MODULE_1:g2:a0:gta_6\ <=  ('0') ;

Note:  Expanding virtual equation for '\UART:BUART:sRX:MODULE_1:g2:a0:lta_5\' (cost = 0):
\UART:BUART:sRX:MODULE_1:g2:a0:lta_5\ <=  ('0') ;

Note:  Expanding virtual equation for '\UART:BUART:sRX:MODULE_1:g2:a0:gta_5\' (cost = 0):
\UART:BUART:sRX:MODULE_1:g2:a0:gta_5\ <=  ('0') ;

Note:  Expanding virtual equation for '\UART:BUART:sRX:MODULE_1:g2:a0:lta_4\' (cost = 0):
\UART:BUART:sRX:MODULE_1:g2:a0:lta_4\ <=  ('0') ;

Note:  Expanding virtual equation for '\UART:BUART:sRX:MODULE_1:g2:a0:gta_4\' (cost = 0):
\UART:BUART:sRX:MODULE_1:g2:a0:gta_4\ <=  ('0') ;

Note:  Expanding virtual equation for '\UART:BUART:sRX:MODULE_1:g2:a0:lta_3\' (cost = 0):
\UART:BUART:sRX:MODULE_1:g2:a0:lta_3\ <=  ('0') ;

Note:  Expanding virtual equation for '\UART:BUART:sRX:MODULE_1:g2:a0:gta_3\' (cost = 0):
\UART:BUART:sRX:MODULE_1:g2:a0:gta_3\ <= (\UART:BUART:rx_count_6\);

Note:  Expanding virtual equation for '\UART:BUART:sRX:MODULE_1:g2:a0:lta_2\' (cost = 1):
\UART:BUART:sRX:MODULE_1:g2:a0:lta_2\ <= ((not \UART:BUART:rx_count_6\ and not \UART:BUART:rx_count_5\));

Note:  Expanding virtual equation for '\UART:BUART:sRX:MODULE_1:g2:a0:gta_2\' (cost = 0):
\UART:BUART:sRX:MODULE_1:g2:a0:gta_2\ <= (\UART:BUART:rx_count_6\);

Note:  Expanding virtual equation for '\UART:BUART:sRX:MODULE_1:g2:a0:lta_1\' (cost = 2):
\UART:BUART:sRX:MODULE_1:g2:a0:lta_1\ <= ((not \UART:BUART:rx_count_6\ and not \UART:BUART:rx_count_4\)
	OR (not \UART:BUART:rx_count_6\ and not \UART:BUART:rx_count_5\));

Note:  Expanding virtual equation for '\UART:BUART:sRX:MODULE_1:g2:a0:gta_1\' (cost = 0):
\UART:BUART:sRX:MODULE_1:g2:a0:gta_1\ <= (\UART:BUART:rx_count_6\);

Note:  Expanding virtual equation for '\UART:BUART:sRX:MODULE_1:g2:a0:lta_0\' (cost = 8):
\UART:BUART:sRX:MODULE_1:g2:a0:lta_0\ <= ((not \UART:BUART:rx_count_6\ and not \UART:BUART:rx_count_4\)
	OR (not \UART:BUART:rx_count_6\ and not \UART:BUART:rx_count_5\));

Note:  Expanding virtual equation for '\UART:BUART:sRX:MODULE_2:g1:a0:gx:u0:xnor_array_0\' (cost = 2):
\UART:BUART:sRX:MODULE_2:g1:a0:gx:u0:xnor_array_0\ <= ((not Net_30 and not \UART:BUART:rx_parity_bit\)
	OR (Net_30 and \UART:BUART:rx_parity_bit\));

Note:  Expanding virtual equation for '\UART:BUART:sRX:MODULE_2:g1:a0:gx:u0:aeqb_1\' (cost = 2):
\UART:BUART:sRX:MODULE_2:g1:a0:gx:u0:aeqb_1\ <= ((not Net_30 and not \UART:BUART:rx_parity_bit\)
	OR (Net_30 and \UART:BUART:rx_parity_bit\));


Substituting virtuals - pass 2:


----------------------------------------------------------
Circuit simplification results:

	Expanded 19 signals.
	Turned 0 signals into soft nodes.
	Maximum default expansion cost was set at 3.
----------------------------------------------------------

------------------------------------------------------
Alias Detection
------------------------------------------------------
Aliasing \UART:BUART:rx_status_0\ to zero
Aliasing \UART:BUART:rx_status_6\ to zero
Aliasing \UART:BUART:rx_markspace_status\\D\ to zero
Aliasing \UART:BUART:rx_parity_error_status\\D\ to zero
Aliasing \UART:BUART:rx_addr_match_status\\D\ to zero
Removing Rhs of wire \UART:BUART:rx_bitclk_enable\[100] = \UART:BUART:rx_bitclk\[148]
Removing Lhs of wire \UART:BUART:rx_status_0\[151] = zero[2]
Removing Lhs of wire \UART:BUART:rx_status_6\[160] = zero[2]
Removing Lhs of wire \UART:BUART:tx_ctrl_mark_last\\D\[267] = \UART:BUART:tx_ctrl_mark_last\[91]
Removing Lhs of wire \UART:BUART:rx_markspace_status\\D\[277] = zero[2]
Removing Lhs of wire \UART:BUART:rx_parity_error_status\\D\[278] = zero[2]
Removing Lhs of wire \UART:BUART:rx_addr_match_status\\D\[280] = zero[2]
Removing Lhs of wire \UART:BUART:rx_markspace_pre\\D\[281] = \UART:BUART:rx_markspace_pre\[164]

------------------------------------------------------
Aliased 0 equations, 8 wires.
------------------------------------------------------

----------------------------------------------------------
Circuit simplification
----------------------------------------------------------

Eliminating unused logic - pass 1:

Note:  Deleted unused equation:
\UART:BUART:sRX:MODULE_2:g1:a0:xneq\ <= ((not \UART:BUART:rx_parity_bit\ and Net_30)
	OR (not Net_30 and \UART:BUART:rx_parity_bit\));


Eliminating unused logic - pass 2:


Substituting virtuals - pass 1:


----------------------------------------------------------
Circuit simplification results:

	Expanded 0 signals.
	Turned 0 signals into soft nodes.
	Maximum default expansion cost was set at 3.
----------------------------------------------------------

topld:  No errors.

CYPRESS_DIR    : C:\Program Files (x86)\Cypress\PSoC Creator\4.1\PSoC Creator\warp
Warp Program   : C:\Program Files (x86)\Cypress\PSoC Creator\4.1\PSoC Creator\warp\bin\warp.exe
Warp Arguments : -yv2 -q10 -ygs -o2 -v3 -.fftcfgtype=LE -ya -.fftprj=C:\Users\Xwx47\Documents\Creator\FreeRTOS_49-42xx\UART_MessageBuffer_FreeRTOS10.cydsn\UART_MessageBuffer_FreeRTOS10.cyprj -dcpsoc3 UART_MessageBuffer_FreeRTOS10.v -verilog
</CYPRESSTAG>
Warp synthesis phase: Elapsed time ==> 10s.049ms
<CYPRESSTAG name="Fitter results...">
<CYPRESSTAG name="Fitter startup details...">
cyp3fit: V4.1.0.3210, Family: PSoC3, Started at: Thursday, 15 February 2018 15:10:57
Options: -yv2 -q10 -ygs -o2 -v3 -.fftcfgtype=LE -ya -.fftprj=C:\Users\Xwx47\Documents\Creator\FreeRTOS_49-42xx\UART_MessageBuffer_FreeRTOS10.cydsn\UART_MessageBuffer_FreeRTOS10.cyprj -d CY8C4245AXI-483 UART_MessageBuffer_FreeRTOS10.v -verilog
</CYPRESSTAG>
<CYPRESSTAG name="Design parsing">
Design parsing phase: Elapsed time ==> 0s.163ms
</CYPRESSTAG>
<CYPRESSTAG name="Tech Mapping">
<CYPRESSTAG name="Initial Mapping" icon="FILE_RPT_TECHM">
    Converted constant MacroCell: \UART:BUART:reset_reg\ from registered to combinatorial
    Converted constant MacroCell: Net_27 from registered to combinatorial
    Converted constant MacroCell: \UART:BUART:rx_markspace_status\ from registered to combinatorial
    Converted constant MacroCell: \UART:BUART:rx_status_2\ from registered to combinatorial
    Converted constant MacroCell: \UART:BUART:rx_addr_match_status\ from registered to combinatorial
    Converted constant MacroCell: \UART:BUART:rx_break_status\ from registered to combinatorial

Removing unused cells resulting from optimization
Done removing unused cells.
<CYPRESSTAG name="Global Clock Selection" icon="FILE_RPT_TECHM">
    Digital Clock 0: Automatic-assigning  clock 'UART_IntClock'. Fanout=1, Signal=\UART:Net_9_digital\
<CYPRESSTAG name="UDB Clock/Enable Remapping Results">
    UDB Clk/Enable \UART:BUART:ClkSync\: with output requested to be synchronous
        ClockIn: ClockGenBlock:m0s8clockgenblockcell.gen_clk_out_0 was determined to be a global clock that is synchronous to HFClk
        EnableIn: Constant 1 was determined to be synchronous to ClockIn
        ClockOut: ClockGenBlock:m0s8clockgenblockcell.gen_clk_out_0, EnableOut: Constant 1
</CYPRESSTAG>
</CYPRESSTAG>

Removing unused cells resulting from optimization
Done removing unused cells.

Removing unused cells resulting from optimization
Done removing unused cells.
<CYPRESSTAG name="Duplicate Macrocell detection">
</CYPRESSTAG>
</CYPRESSTAG>
<CYPRESSTAG name="Duplicate Macrocell detection">

Removing duplicate macrocells
    Removing \UART:BUART:rx_parity_bit\, Duplicate of \UART:BUART:tx_ctrl_mark_last\ 
    MacroCell: Name=\UART:BUART:rx_parity_bit\, Mode=(T-Register)
        Total # of inputs        : 0
        Total # of product terms : 0
        List of special equations: 
            Clock  = (\UART:Net_9_digital\) => Global
            Clock Enable: True
        Main Equation            : 0 pterms
        (
            0
        );
        Output = \UART:BUART:rx_parity_bit\ (fanout=0)

    Removing \UART:BUART:rx_address_detected\, Duplicate of \UART:BUART:tx_ctrl_mark_last\ 
    MacroCell: Name=\UART:BUART:rx_address_detected\, Mode=(T-Register)
        Total # of inputs        : 0
        Total # of product terms : 0
        List of special equations: 
            Clock  = (\UART:Net_9_digital\) => Global
            Clock Enable: True
        Main Equation            : 0 pterms
        (
            0
        );
        Output = \UART:BUART:rx_address_detected\ (fanout=0)

    Removing \UART:BUART:rx_parity_error_pre\, Duplicate of \UART:BUART:tx_ctrl_mark_last\ 
    MacroCell: Name=\UART:BUART:rx_parity_error_pre\, Mode=(T-Register)
        Total # of inputs        : 0
        Total # of product terms : 0
        List of special equations: 
            Clock  = (\UART:Net_9_digital\) => Global
            Clock Enable: True
        Main Equation            : 0 pterms
        (
            0
        );
        Output = \UART:BUART:rx_parity_error_pre\ (fanout=0)

    Removing \UART:BUART:rx_markspace_pre\, Duplicate of \UART:BUART:tx_ctrl_mark_last\ 
    MacroCell: Name=\UART:BUART:rx_markspace_pre\, Mode=(T-Register)
        Total # of inputs        : 0
        Total # of product terms : 0
        List of special equations: 
            Clock  = (\UART:Net_9_digital\) => Global
            Clock Enable: True
        Main Equation            : 0 pterms
        (
            0
        );
        Output = \UART:BUART:rx_markspace_pre\ (fanout=0)

    Removing \UART:BUART:rx_state_1\, Duplicate of \UART:BUART:tx_ctrl_mark_last\ 
    MacroCell: Name=\UART:BUART:rx_state_1\, Mode=(T-Register)
        Total # of inputs        : 0
        Total # of product terms : 0
        List of special equations: 
            Clock  = (\UART:Net_9_digital\) => Global
            Clock Enable: True
        Main Equation            : 0 pterms
        (
            0
        );
        Output = \UART:BUART:rx_state_1\ (fanout=8)

    Removing \UART:BUART:tx_parity_bit\, Duplicate of \UART:BUART:tx_ctrl_mark_last\ 
    MacroCell: Name=\UART:BUART:tx_parity_bit\, Mode=(T-Register)
        Total # of inputs        : 0
        Total # of product terms : 0
        List of special equations: 
            Clock  = (\UART:Net_9_digital\) => Global
            Clock Enable: True
        Main Equation            : 0 pterms
        (
            0
        );
        Output = \UART:BUART:tx_parity_bit\ (fanout=0)

    Removing \UART:BUART:tx_mark\, Duplicate of \UART:BUART:tx_ctrl_mark_last\ 
    MacroCell: Name=\UART:BUART:tx_mark\, Mode=(T-Register)
        Total # of inputs        : 0
        Total # of product terms : 0
        List of special equations: 
            Clock  = (\UART:Net_9_digital\) => Global
            Clock Enable: True
        Main Equation            : 0 pterms
        (
            0
        );
        Output = \UART:BUART:tx_mark\ (fanout=0)

End removing duplicate macrocells: used 1 pass
</CYPRESSTAG>
<CYPRESSTAG name="Design Equations" icon="FILE_RPT_EQUATION">

------------------------------------------------------------
Design Equations
------------------------------------------------------------
    <CYPRESSTAG name="Pin listing">

    ------------------------------------------------------------
    Pin listing
    ------------------------------------------------------------

    Pin : Name = LED(0)
        Attributes:
            In Group/Port: True
            In Sync Option: AUTO
            Out Sync Option: NOSYNC
            Interrupt generated: False
            Interrupt mode: NONE
            Drive mode: CMOS_OUT
            VTrip: EITHER
            Slew: FAST
            Input Sync needed: False
            Output Sync needed: False
            SC shield enabled: False
            POR State: ANY
            LCD Mode: COMMON
            Register Mode: RegComb
            CaSense Mode: NEITHER
            Treat as pin: True
            Is OE Registered: False
            Uses Analog: False
            Can contain Digital: True
            Is SIO: False
            SIO Output Buf: NONREGULATED
            SIO Input Buf: SINGLE_ENDED
            SIO HiFreq: LOW
            SIO Hyst: DISABLED
            SIO Vtrip: MULTIPLIER_0_5
            SIO Multiplier Index: 0
            SIO RefSel: VCC_IO
            Required Capabilities: DIGITAL
            Initial Value: 0
            IO Voltage: 0
        PORT MAP (
            pa_out => LED(0)__PA ,
            pad => LED(0)_PAD );
        Properties:
        {
        }

    Pin : Name = Rx(0)
        Attributes:
            In Group/Port: True
            In Sync Option: SYNC
            Out Sync Option: AUTO
            Interrupt generated: False
            Interrupt mode: NONE
            Drive mode: HI_Z_DIGITAL
            VTrip: CMOS
            Slew: FAST
            Input Sync needed: True
            Output Sync needed: False
            SC shield enabled: False
            POR State: ANY
            LCD Mode: COMMON
            Register Mode: RegComb
            CaSense Mode: NEITHER
            Treat as pin: True
            Is OE Registered: False
            Uses Analog: False
            Can contain Digital: True
            Is SIO: False
            SIO Output Buf: NONREGULATED
            SIO Input Buf: SINGLE_ENDED
            SIO HiFreq: LOW
            SIO Hyst: DISABLED
            SIO Vtrip: MULTIPLIER_0_5
            SIO Multiplier Index: 0
            SIO RefSel: VCC_IO
            Required Capabilities: DIGITAL, ROUTABLE
            Initial Value: 0
            IO Voltage: 0
        PORT MAP (
            pa_out => Rx(0)__PA ,
            fb => Net_30 ,
            pad => Rx(0)_PAD );
        Properties:
        {
        }

    Pin : Name = Tx(0)
        Attributes:
            In Group/Port: True
            In Sync Option: AUTO
            Out Sync Option: NOSYNC
            Interrupt generated: False
            Interrupt mode: NONE
            Drive mode: CMOS_OUT
            VTrip: EITHER
            Slew: FAST
            Input Sync needed: False
            Output Sync needed: False
            SC shield enabled: False
            POR State: ANY
            LCD Mode: COMMON
            Register Mode: RegComb
            CaSense Mode: NEITHER
            Treat as pin: True
            Is OE Registered: False
            Uses Analog: False
            Can contain Digital: True
            Is SIO: False
            SIO Output Buf: NONREGULATED
            SIO Input Buf: SINGLE_ENDED
            SIO HiFreq: LOW
            SIO Hyst: DISABLED
            SIO Vtrip: MULTIPLIER_0_5
            SIO Multiplier Index: 0
            SIO RefSel: VCC_IO
            Required Capabilities: DIGITAL, ROUTABLE
            Initial Value: 1
            IO Voltage: 0
        PORT MAP (
            pa_out => Tx(0)__PA ,
            pin_input => Net_25 ,
            pad => Tx(0)_PAD );
        Properties:
        {
        }
    </CYPRESSTAG>
    <CYPRESSTAG name="Macrocell listing" icon="FILE_RPT_EQUATION">

    ------------------------------------------------------------
    Macrocell listing
    ------------------------------------------------------------

    MacroCell: Name=Net_25, Mode=(Combinatorial)
        Total # of inputs        : 1
        Total # of product terms : 1
            Clock Enable: True
        Main Equation            : 1 pterm
        (
              !\UART:BUART:txn\
        );
        Output = Net_25 (fanout=1)

    MacroCell: Name=\UART:BUART:counter_load_not\, Mode=(Combinatorial)
        Total # of inputs        : 4
        Total # of product terms : 2
            Clock Enable: True
        Main Equation            : 2 pterms
        !(
              !\UART:BUART:tx_state_1\ * !\UART:BUART:tx_state_0\ * 
              \UART:BUART:tx_bitclk_enable_pre\
            + !\UART:BUART:tx_state_1\ * !\UART:BUART:tx_state_0\ * 
              !\UART:BUART:tx_state_2\
        );
        Output = \UART:BUART:counter_load_not\ (fanout=1)

    MacroCell: Name=\UART:BUART:tx_status_0\, Mode=(Combinatorial)
        Total # of inputs        : 5
        Total # of product terms : 1
            Clock Enable: True
        Main Equation            : 1 pterm
        (
              !\UART:BUART:tx_state_1\ * !\UART:BUART:tx_state_0\ * 
              \UART:BUART:tx_bitclk_enable_pre\ * \UART:BUART:tx_fifo_empty\ * 
              \UART:BUART:tx_state_2\
        );
        Output = \UART:BUART:tx_status_0\ (fanout=1)

    MacroCell: Name=\UART:BUART:tx_status_2\, Mode=(Combinatorial)
        Total # of inputs        : 1
        Total # of product terms : 1
            Clock Enable: True
        Main Equation            : 1 pterm
        (
              !\UART:BUART:tx_fifo_notfull\
        );
        Output = \UART:BUART:tx_status_2\ (fanout=1)

    MacroCell: Name=\UART:BUART:rx_counter_load\, Mode=(Combinatorial)
        Total # of inputs        : 4
        Total # of product terms : 1
            Clock Enable: True
        Main Equation            : 1 pterm
        (
              !\UART:BUART:tx_ctrl_mark_last\ * !\UART:BUART:rx_state_0\ * 
              !\UART:BUART:rx_state_3\ * !\UART:BUART:rx_state_2\
        );
        Output = \UART:BUART:rx_counter_load\ (fanout=1)

    MacroCell: Name=\UART:BUART:rx_status_4\, Mode=(Combinatorial)
        Total # of inputs        : 2
        Total # of product terms : 1
            Clock Enable: True
        Main Equation            : 1 pterm
        (
              \UART:BUART:rx_load_fifo\ * \UART:BUART:rx_fifofull\
        );
        Output = \UART:BUART:rx_status_4\ (fanout=1)

    MacroCell: Name=\UART:BUART:rx_status_5\, Mode=(Combinatorial)
        Total # of inputs        : 2
        Total # of product terms : 1
            Clock Enable: True
        Main Equation            : 1 pterm
        (
              \UART:BUART:rx_fifonotempty\ * \UART:BUART:rx_state_stop1_reg\
        );
        Output = \UART:BUART:rx_status_5\ (fanout=1)

    MacroCell: Name=\UART:BUART:txn\, Mode=(D-Register)
        Total # of inputs        : 7
        Total # of product terms : 5
        List of special equations: 
            Clock  = (\UART:Net_9_digital\) => Global
            Clock Enable: True
        Main Equation            : 5 pterms
        (
              \UART:BUART:txn\ * \UART:BUART:tx_state_1\ * 
              !\UART:BUART:tx_bitclk\
            + \UART:BUART:txn\ * \UART:BUART:tx_state_2\
            + !\UART:BUART:tx_state_1\ * \UART:BUART:tx_state_0\ * 
              !\UART:BUART:tx_shift_out\ * !\UART:BUART:tx_state_2\
            + !\UART:BUART:tx_state_1\ * \UART:BUART:tx_state_0\ * 
              !\UART:BUART:tx_state_2\ * !\UART:BUART:tx_bitclk\
            + \UART:BUART:tx_state_1\ * !\UART:BUART:tx_state_0\ * 
              !\UART:BUART:tx_shift_out\ * !\UART:BUART:tx_state_2\ * 
              !\UART:BUART:tx_counter_dp\ * \UART:BUART:tx_bitclk\
        );
        Output = \UART:BUART:txn\ (fanout=2)

    MacroCell: Name=\UART:BUART:tx_state_1\, Mode=(T-Register)
        Total # of inputs        : 6
        Total # of product terms : 3
        List of special equations: 
            Clock  = (\UART:Net_9_digital\) => Global
            Clock Enable: True
        Main Equation            : 3 pterms
        (
              \UART:BUART:tx_state_1\ * \UART:BUART:tx_state_0\ * 
              \UART:BUART:tx_bitclk_enable_pre\ * \UART:BUART:tx_state_2\
            + \UART:BUART:tx_state_1\ * !\UART:BUART:tx_state_2\ * 
              \UART:BUART:tx_counter_dp\ * \UART:BUART:tx_bitclk\
            + \UART:BUART:tx_state_0\ * !\UART:BUART:tx_state_2\ * 
              \UART:BUART:tx_bitclk\
        );
        Output = \UART:BUART:tx_state_1\ (fanout=8)

    MacroCell: Name=\UART:BUART:tx_state_0\, Mode=(T-Register)
        Total # of inputs        : 6
        Total # of product terms : 4
        List of special equations: 
            Clock  = (\UART:Net_9_digital\) => Global
            Clock Enable: True
        Main Equation            : 4 pterms
        (
              !\UART:BUART:tx_state_1\ * !\UART:BUART:tx_state_0\ * 
              \UART:BUART:tx_bitclk_enable_pre\ * !\UART:BUART:tx_fifo_empty\
            + !\UART:BUART:tx_state_1\ * !\UART:BUART:tx_state_0\ * 
              !\UART:BUART:tx_fifo_empty\ * !\UART:BUART:tx_state_2\
            + \UART:BUART:tx_state_1\ * \UART:BUART:tx_state_0\ * 
              \UART:BUART:tx_bitclk_enable_pre\ * \UART:BUART:tx_fifo_empty\ * 
              \UART:BUART:tx_state_2\
            + \UART:BUART:tx_state_0\ * !\UART:BUART:tx_state_2\ * 
              \UART:BUART:tx_bitclk\
        );
        Output = \UART:BUART:tx_state_0\ (fanout=8)

    MacroCell: Name=\UART:BUART:tx_state_2\, Mode=(T-Register)
        Total # of inputs        : 6
        Total # of product terms : 4
        List of special equations: 
            Clock  = (\UART:Net_9_digital\) => Global
            Clock Enable: True
        Main Equation            : 4 pterms
        (
              !\UART:BUART:tx_state_1\ * !\UART:BUART:tx_state_0\ * 
              \UART:BUART:tx_bitclk_enable_pre\ * \UART:BUART:tx_state_2\
            + \UART:BUART:tx_state_1\ * \UART:BUART:tx_state_0\ * 
              \UART:BUART:tx_bitclk_enable_pre\ * \UART:BUART:tx_state_2\
            + \UART:BUART:tx_state_1\ * \UART:BUART:tx_state_0\ * 
              !\UART:BUART:tx_state_2\ * \UART:BUART:tx_bitclk\
            + \UART:BUART:tx_state_1\ * !\UART:BUART:tx_state_2\ * 
              \UART:BUART:tx_counter_dp\ * \UART:BUART:tx_bitclk\
        );
        Output = \UART:BUART:tx_state_2\ (fanout=7)

    MacroCell: Name=\UART:BUART:tx_bitclk\, Mode=(D-Register)
        Total # of inputs        : 4
        Total # of product terms : 2
        List of special equations: 
            Clock  = (\UART:Net_9_digital\) => Global
            Clock Enable: True
        Main Equation            : 2 pterms
        !(
              !\UART:BUART:tx_state_1\ * !\UART:BUART:tx_state_0\ * 
              \UART:BUART:tx_state_2\
            + !\UART:BUART:tx_bitclk_enable_pre\
        );
        Output = \UART:BUART:tx_bitclk\ (fanout=4)

    MacroCell: Name=\UART:BUART:tx_ctrl_mark_last\, Mode=(T-Register)
        Total # of inputs        : 0
        Total # of product terms : 0
        List of special equations: 
            Clock  = (\UART:Net_9_digital\) => Global
            Clock Enable: True
        Main Equation            : 0 pterms
        (
            0
        );
        Output = \UART:BUART:tx_ctrl_mark_last\ (fanout=8)

    MacroCell: Name=\UART:BUART:rx_state_0\, Mode=(T-Register)
        Total # of inputs        : 9
        Total # of product terms : 3
        List of special equations: 
            Clock  = (\UART:Net_9_digital\) => Global
            Clock Enable: True
        Main Equation            : 3 pterms
        (
              !\UART:BUART:tx_ctrl_mark_last\ * !\UART:BUART:rx_state_0\ * 
              \UART:BUART:rx_bitclk_enable\ * !\UART:BUART:rx_state_3\ * 
              \UART:BUART:rx_state_2\ * !Net_30
            + !\UART:BUART:tx_ctrl_mark_last\ * \UART:BUART:rx_state_0\ * 
              !\UART:BUART:rx_state_3\ * !\UART:BUART:rx_state_2\ * 
              !\UART:BUART:rx_count_6\ * !\UART:BUART:rx_count_5\
            + !\UART:BUART:tx_ctrl_mark_last\ * \UART:BUART:rx_state_0\ * 
              !\UART:BUART:rx_state_3\ * !\UART:BUART:rx_state_2\ * 
              !\UART:BUART:rx_count_6\ * !\UART:BUART:rx_count_4\
        );
        Output = \UART:BUART:rx_state_0\ (fanout=8)

    MacroCell: Name=\UART:BUART:rx_load_fifo\, Mode=(D-Register)
        Total # of inputs        : 8
        Total # of product terms : 3
        List of special equations: 
            Clock  = (\UART:Net_9_digital\) => Global
            Clock Enable: True
        Main Equation            : 3 pterms
        (
              !\UART:BUART:tx_ctrl_mark_last\ * !\UART:BUART:rx_state_0\ * 
              \UART:BUART:rx_bitclk_enable\ * \UART:BUART:rx_state_3\ * 
              !\UART:BUART:rx_state_2\
            + !\UART:BUART:tx_ctrl_mark_last\ * \UART:BUART:rx_state_0\ * 
              !\UART:BUART:rx_state_3\ * !\UART:BUART:rx_state_2\ * 
              !\UART:BUART:rx_count_6\ * !\UART:BUART:rx_count_5\
            + !\UART:BUART:tx_ctrl_mark_last\ * \UART:BUART:rx_state_0\ * 
              !\UART:BUART:rx_state_3\ * !\UART:BUART:rx_state_2\ * 
              !\UART:BUART:rx_count_6\ * !\UART:BUART:rx_count_4\
        );
        Output = \UART:BUART:rx_load_fifo\ (fanout=2)

    MacroCell: Name=\UART:BUART:rx_state_3\, Mode=(T-Register)
        Total # of inputs        : 8
        Total # of product terms : 3
        List of special equations: 
            Clock  = (\UART:Net_9_digital\) => Global
            Clock Enable: True
        Main Equation            : 3 pterms
        (
              !\UART:BUART:tx_ctrl_mark_last\ * !\UART:BUART:rx_state_0\ * 
              \UART:BUART:rx_bitclk_enable\ * \UART:BUART:rx_state_3\ * 
              \UART:BUART:rx_state_2\
            + !\UART:BUART:tx_ctrl_mark_last\ * \UART:BUART:rx_state_0\ * 
              !\UART:BUART:rx_state_3\ * !\UART:BUART:rx_state_2\ * 
              !\UART:BUART:rx_count_6\ * !\UART:BUART:rx_count_5\
            + !\UART:BUART:tx_ctrl_mark_last\ * \UART:BUART:rx_state_0\ * 
              !\UART:BUART:rx_state_3\ * !\UART:BUART:rx_state_2\ * 
              !\UART:BUART:rx_count_6\ * !\UART:BUART:rx_count_4\
        );
        Output = \UART:BUART:rx_state_3\ (fanout=7)

    MacroCell: Name=\UART:BUART:rx_state_2\, Mode=(T-Register)
        Total # of inputs        : 10
        Total # of product terms : 5
        List of special equations: 
            Clock  = (\UART:Net_9_digital\) => Global
            Clock Enable: True
        Main Equation            : 5 pterms
        (
              !\UART:BUART:tx_ctrl_mark_last\ * !\UART:BUART:rx_state_0\ * 
              \UART:BUART:rx_bitclk_enable\ * \UART:BUART:rx_state_3\
            + !\UART:BUART:tx_ctrl_mark_last\ * !\UART:BUART:rx_state_0\ * 
              \UART:BUART:rx_bitclk_enable\ * \UART:BUART:rx_state_2\
            + !\UART:BUART:tx_ctrl_mark_last\ * !\UART:BUART:rx_state_0\ * 
              !\UART:BUART:rx_state_3\ * !\UART:BUART:rx_state_2\ * !Net_30 * 
              \UART:BUART:rx_last\
            + !\UART:BUART:tx_ctrl_mark_last\ * \UART:BUART:rx_state_0\ * 
              !\UART:BUART:rx_state_3\ * !\UART:BUART:rx_state_2\ * 
              !\UART:BUART:rx_count_6\ * !\UART:BUART:rx_count_5\
            + !\UART:BUART:tx_ctrl_mark_last\ * \UART:BUART:rx_state_0\ * 
              !\UART:BUART:rx_state_3\ * !\UART:BUART:rx_state_2\ * 
              !\UART:BUART:rx_count_6\ * !\UART:BUART:rx_count_4\
        );
        Output = \UART:BUART:rx_state_2\ (fanout=7)

    MacroCell: Name=\UART:BUART:rx_bitclk_enable\, Mode=(D-Register)
        Total # of inputs        : 3
        Total # of product terms : 1
        List of special equations: 
            Clock  = (\UART:Net_9_digital\) => Global
            Clock Enable: True
        Main Equation            : 1 pterm
        (
              !\UART:BUART:rx_count_2\ * !\UART:BUART:rx_count_1\ * 
              !\UART:BUART:rx_count_0\
        );
        Output = \UART:BUART:rx_bitclk_enable\ (fanout=6)

    MacroCell: Name=\UART:BUART:rx_state_stop1_reg\, Mode=(D-Register)
        Total # of inputs        : 4
        Total # of product terms : 1
        List of special equations: 
            Clock  = (\UART:Net_9_digital\) => Global
            Clock Enable: True
        Main Equation            : 1 pterm
        !(
              !\UART:BUART:tx_ctrl_mark_last\ * !\UART:BUART:rx_state_0\ * 
              \UART:BUART:rx_state_3\ * \UART:BUART:rx_state_2\
        );
        Output = \UART:BUART:rx_state_stop1_reg\ (fanout=1)

    MacroCell: Name=\UART:BUART:rx_status_3\, Mode=(D-Register)
        Total # of inputs        : 6
        Total # of product terms : 1
        List of special equations: 
            Clock  = (\UART:Net_9_digital\) => Global
            Clock Enable: True
        Main Equation            : 1 pterm
        (
              !\UART:BUART:tx_ctrl_mark_last\ * !\UART:BUART:rx_state_0\ * 
              \UART:BUART:rx_bitclk_enable\ * \UART:BUART:rx_state_3\ * 
              \UART:BUART:rx_state_2\ * !Net_30
        );
        Output = \UART:BUART:rx_status_3\ (fanout=1)

    MacroCell: Name=\UART:BUART:rx_last\, Mode=(D-Register)
        Total # of inputs        : 1
        Total # of product terms : 1
        List of special equations: 
            Clock  = (\UART:Net_9_digital\) => Global
            Clock Enable: True
        Main Equation            : 1 pterm
        (
              Net_30
        );
        Output = \UART:BUART:rx_last\ (fanout=1)
    </CYPRESSTAG>
    <CYPRESSTAG name="Datapath listing">

    ------------------------------------------------------------
    Datapath listing
    ------------------------------------------------------------

    datapathcell: Name =\UART:BUART:sTX:TxShifter:u0\
        PORT MAP (
            clock => \UART:Net_9_digital\ ,
            cs_addr_2 => \UART:BUART:tx_state_1\ ,
            cs_addr_1 => \UART:BUART:tx_state_0\ ,
            cs_addr_0 => \UART:BUART:tx_bitclk_enable_pre\ ,
            so_comb => \UART:BUART:tx_shift_out\ ,
            f0_bus_stat_comb => \UART:BUART:tx_fifo_notfull\ ,
            f0_blk_stat_comb => \UART:BUART:tx_fifo_empty\ );
        Properties:
        {
            a0_init = "00000000"
            a1_init = "00000000"
            ce0_sync = 1
            ce1_sync = 1
            cl0_sync = 1
            cl1_sync = 1
            cmsb_sync = 1
            co_msb_sync = 1
            cy_dpconfig = "0000000000000000000000000000000000000000000000000000000011000000000000000000000000000010010000000000000000000000000000000000000011111111000000001111111111111111000000000000000001000100111100000000000000001100"
            d0_init = "00000000"
            d1_init = "00000000"
            f0_blk_sync = 1
            f0_bus_sync = 1
            f1_blk_sync = 1
            f1_bus_sync = 1
            ff0_sync = 1
            ff1_sync = 1
            ov_msb_sync = 1
            so_sync = 1
            z0_sync = 1
            z1_sync = 1
        }
        Clock Polarity: Active High
        Clock Enable: True

    datapathcell: Name =\UART:BUART:sTX:sCLOCK:TxBitClkGen\
        PORT MAP (
            clock => \UART:Net_9_digital\ ,
            cs_addr_0 => \UART:BUART:counter_load_not\ ,
            ce0_reg => \UART:BUART:tx_bitclk_enable_pre\ ,
            ce1_reg => \UART:BUART:tx_counter_dp\ );
        Properties:
        {
            a0_init = "00000000"
            a1_init = "00000000"
            ce0_sync = 1
            ce1_sync = 1
            cl0_sync = 1
            cl1_sync = 1
            cmsb_sync = 1
            co_msb_sync = 1
            cy_dpconfig = "1010100001000000001000000100000000000000000000000000000000000000000000000000000000000000000000000000000000000000000000000000000011111111000000001111111100000111001000000100000000000101111100000000000000001000"
            d0_init = "00000000"
            d1_init = "00000000"
            f0_blk_sync = 1
            f0_bus_sync = 1
            f1_blk_sync = 1
            f1_bus_sync = 1
            ff0_sync = 1
            ff1_sync = 1
            ov_msb_sync = 1
            so_sync = 1
            z0_sync = 1
            z1_sync = 1
        }
        Clock Polarity: Active High
        Clock Enable: True

    datapathcell: Name =\UART:BUART:sRX:RxShifter:u0\
        PORT MAP (
            clock => \UART:Net_9_digital\ ,
            cs_addr_2 => \UART:BUART:tx_ctrl_mark_last\ ,
            cs_addr_1 => \UART:BUART:rx_state_0\ ,
            cs_addr_0 => \UART:BUART:rx_bitclk_enable\ ,
            route_si => Net_30 ,
            f0_load => \UART:BUART:rx_load_fifo\ ,
            f0_bus_stat_comb => \UART:BUART:rx_fifonotempty\ ,
            f0_blk_stat_comb => \UART:BUART:rx_fifofull\ );
        Properties:
        {
            a0_init = "00000000"
            a1_init = "00000000"
            ce0_sync = 1
            ce1_sync = 1
            cl0_sync = 1
            cl1_sync = 1
            cmsb_sync = 1
            co_msb_sync = 1
            cy_dpconfig = "0000000000000000000000000000000000000000000000000000001001000000000100000000000000010000001100000001000000000000000100100001000011111111000000001111111111111111101000000110001001000001111100000000000000001100"
            d0_init = "00000000"
            d1_init = "00000000"
            f0_blk_sync = 1
            f0_bus_sync = 1
            f1_blk_sync = 1
            f1_bus_sync = 1
            ff0_sync = 1
            ff1_sync = 1
            ov_msb_sync = 1
            so_sync = 1
            z0_sync = 1
            z1_sync = 1
        }
        Clock Polarity: Active High
        Clock Enable: True
    </CYPRESSTAG>
    <CYPRESSTAG name="Status register listing">
    </CYPRESSTAG>
    <CYPRESSTAG name="StatusI register listing">

    ------------------------------------------------------------
    StatusI register listing
    ------------------------------------------------------------

    statusicell: Name =\UART:BUART:sTX:TxSts\
        PORT MAP (
            clock => \UART:Net_9_digital\ ,
            status_3 => \UART:BUART:tx_fifo_notfull\ ,
            status_2 => \UART:BUART:tx_status_2\ ,
            status_1 => \UART:BUART:tx_fifo_empty\ ,
            status_0 => \UART:BUART:tx_status_0\ );
        Properties:
        {
            cy_force_order = 1
            cy_int_mask = "1111111"
            cy_md_select = "0000001"
        }
        Clock Polarity: Active High
        Clock Enable: True

    statusicell: Name =\UART:BUART:sRX:RxSts\
        PORT MAP (
            clock => \UART:Net_9_digital\ ,
            status_5 => \UART:BUART:rx_status_5\ ,
            status_4 => \UART:BUART:rx_status_4\ ,
            status_3 => \UART:BUART:rx_status_3\ ,
            interrupt => Net_32 );
        Properties:
        {
            cy_force_order = 1
            cy_int_mask = "1111111"
            cy_md_select = "1011111"
        }
        Clock Polarity: Active High
        Clock Enable: True
    </CYPRESSTAG>
    <CYPRESSTAG name="Sync listing">
    </CYPRESSTAG>
    <CYPRESSTAG name="Control register listing">
    </CYPRESSTAG>
    <CYPRESSTAG name="Count7 listing">

    ------------------------------------------------------------
    Count7 listing
    ------------------------------------------------------------

    count7cell: Name =\UART:BUART:sRX:RxBitCounter\
        PORT MAP (
            clock => \UART:Net_9_digital\ ,
            load => \UART:BUART:rx_counter_load\ ,
            count_6 => \UART:BUART:rx_count_6\ ,
            count_5 => \UART:BUART:rx_count_5\ ,
            count_4 => \UART:BUART:rx_count_4\ ,
            count_3 => \UART:BUART:rx_count_3\ ,
            count_2 => \UART:BUART:rx_count_2\ ,
            count_1 => \UART:BUART:rx_count_1\ ,
            count_0 => \UART:BUART:rx_count_0\ ,
            tc => \UART:BUART:rx_count7_tc\ );
        Properties:
        {
            cy_alt_mode = 0
            cy_init_value = "0000000"
            cy_period = "1110001"
            cy_route_en = 1
            cy_route_ld = 1
        }
        Clock Polarity: Active High
        Clock Enable: True
    </CYPRESSTAG>
    <CYPRESSTAG name="DRQ listing">
    </CYPRESSTAG>
    <CYPRESSTAG name="Interrupt listing">

    ------------------------------------------------------------
    Interrupt listing
    ------------------------------------------------------------

    interrupt: Name =isr_UART_Rx
        PORT MAP (
            interrupt => Net_32 );
        Properties:
        {
            int_type = "10"
            is_nmi = 0
        }
    </CYPRESSTAG>
</CYPRESSTAG>
<CYPRESSTAG name="Technology mapping summary" expanded>

------------------------------------------------------------
Technology mapping summary
------------------------------------------------------------

Resource Type                 : Used : Free :  Max :  % Used
============================================================
Digital Clocks                :    1 :    3 :    4 : 25.00 %
Interrupts                    :    1 :   31 :   32 :  3.13 %
IO                            :    5 :   31 :   36 : 13.89 %
Segment LCD                   :    0 :    1 :    1 :  0.00 %
CapSense                      :    0 :    1 :    1 :  0.00 %
Die Temp                      :    0 :    1 :    1 :  0.00 %
Serial Communication (SCB)    :    0 :    2 :    2 :  0.00 %
Timer/Counter/PWM             :    0 :    4 :    4 :  0.00 %
UDB                           :      :      :      :        
  Macrocells                  :   21 :   11 :   32 : 65.63 %
  Unique P-terms              :   35 :   29 :   64 : 54.69 %
  Total P-terms               :   44 :      :      :        
  Datapath Cells              :    3 :    1 :    4 : 75.00 %
  Status Cells                :    3 :    1 :    4 : 75.00 %
    StatusI Registers         :    2 :      :      :        
    Routed Count7 Load/Enable :    1 :      :      :        
  Control Cells               :    1 :    3 :    4 : 25.00 %
    Count7 Cells              :    1 :      :      :        
Comparator/Opamp              :    0 :    2 :    2 :  0.00 %
LP Comparator                 :    0 :    2 :    2 :  0.00 %
SAR ADC                       :    0 :    1 :    1 :  0.00 %
DAC                           :      :      :      :        
  7-bit IDAC                  :    0 :    1 :    1 :  0.00 %
  8-bit IDAC                  :    0 :    1 :    1 :  0.00 %
</CYPRESSTAG>
Technology Mapping: Elapsed time ==> 1s.207ms
Tech Mapping phase: Elapsed time ==> 1s.590ms
</CYPRESSTAG>
<CYPRESSTAG name="Analog Placement">
<CYPRESSTAG name="FFB & IO Pre Placement">
<CYPRESSTAG name="Placement" icon="FILE_RPT_PLACEMENT">

Cell                                : Block                              
=========================================================================
LED(0)                              : [IOP=(1)][IoId=(6)]                
Rx(0)                               : [IOP=(3)][IoId=(0)]                
Tx(0)                               : [IOP=(3)][IoId=(1)]                
ClockGenBlock                       : CLK_GEN_[FFB(CLK_GEN,0)]           

</CYPRESSTAG>
</CYPRESSTAG>
<CYPRESSTAG name="Real Analog Placement">
Elapsed time ==> 2.4123900s
</CYPRESSTAG>
Analog Placement phase: Elapsed time ==> 5s.649ms
</CYPRESSTAG>
<CYPRESSTAG name="Analog Routing">
<CYPRESSTAG name="Analog Routing">
Route success=True, Iterations=1 Elapsed=0.0156114 secs
</CYPRESSTAG>
Analog Routing phase: Elapsed time ==> 0s.166ms
</CYPRESSTAG>
<CYPRESSTAG name="Analog Code Generation">
============ Analog Final Answer Routes ============
Dump of CyAnalogRoutingResultsDB
Map of net to items {
}
Map of item to net {
}
Mux Info {
}
Analog Code Generation phase: Elapsed time ==> 0s.708ms
</CYPRESSTAG>
<CYPRESSTAG name="Digital Placement">
<CYPRESSTAG name="Detailed placement messages">
I2076: Total run-time: 2.9 sec.

</CYPRESSTAG>
<CYPRESSTAG name="PLD Packing">
<CYPRESSTAG name="PLD Packing Summary" expanded>

------------------------------------------------------------
PLD Packing Summary
------------------------------------------------------------
            Resource Type : Used : Free :  Max :  % Used
    ====================================================
                     PLDs :    7 :    1 :    8 :  87.50%

<CYPRESSTAG name="PLD Statistics">

        PLD Resource Type :     Average/LAB
    =======================================
                   Inputs :            6.57
                   Pterms :            5.43
               Macrocells :            3.00
</CYPRESSTAG>
<CYPRESSTAG name="Packed PLD Contents">
Packed PLD Contents not displayed at this verbose level.</CYPRESSTAG>
</CYPRESSTAG>
PLD Packing: Elapsed time ==> 0s.023ms
</CYPRESSTAG>
<CYPRESSTAG name="Partitioning">
<CYPRESSTAG name="Initial Partitioning Summary">
Initial Partitioning Summary not displayed at this verbose level.</CYPRESSTAG>
<CYPRESSTAG name="Final Partitioning Summary">
Final Partitioning Summary not displayed at this verbose level.</CYPRESSTAG>
Partitioning: Elapsed time ==> 0s.233ms
</CYPRESSTAG>
<CYPRESSTAG name="Final Placement Summary">

------------------------------------------------------------
Final Placement Summary
------------------------------------------------------------

       Resource Type :      Count : Avg Inputs : Avg Outputs
    ========================================================
                 UDB :          4 :       8.50 :       5.25
<CYPRESSTAG name="Final Placement Details">
<CYPRESSTAG name="Component Details">

------------------------------------------------------------
Component Placement Details
------------------------------------------------------------
UDB [UDB=(0,0)] contents:
LAB@[UDB=(0,0)][LB=0] #macrocells=3, #inputs=3, #pterms=3
{
    [McSlotId=0]:     MacroCell: Name=\UART:BUART:rx_last\, Mode=(D-Register) @ [UDB=(0,0)][LB=0][MC=0]
        Total # of inputs        : 1
        Total # of product terms : 1
        List of special equations: 
            Clock  = (\UART:Net_9_digital\) => Global
            Clock Enable: True
        Main Equation            : 1 pterm
        (
              Net_30
        );
        Output = \UART:BUART:rx_last\ (fanout=1)
        Properties               : 
        {
        }

    [McSlotId=1]:     MacroCell: Name=\UART:BUART:tx_status_2\, Mode=(Combinatorial) @ [UDB=(0,0)][LB=0][MC=1]
        Total # of inputs        : 1
        Total # of product terms : 1
            Clock Enable: True
        Main Equation            : 1 pterm
        (
              !\UART:BUART:tx_fifo_notfull\
        );
        Output = \UART:BUART:tx_status_2\ (fanout=1)
        Properties               : 
        {
        }

    [McSlotId=2]:     MacroCell: Name=Net_25, Mode=(Combinatorial) @ [UDB=(0,0)][LB=0][MC=2]
        Total # of inputs        : 1
        Total # of product terms : 1
            Clock Enable: True
        Main Equation            : 1 pterm
        (
              !\UART:BUART:txn\
        );
        Output = Net_25 (fanout=1)
        Properties               : 
        {
        }

    [McSlotId=3]: (empty)
}

datapathcell: Name =\UART:BUART:sTX:sCLOCK:TxBitClkGen\
    PORT MAP (
        clock => \UART:Net_9_digital\ ,
        cs_addr_0 => \UART:BUART:counter_load_not\ ,
        ce0_reg => \UART:BUART:tx_bitclk_enable_pre\ ,
        ce1_reg => \UART:BUART:tx_counter_dp\ );
    Properties:
    {
        a0_init = "00000000"
        a1_init = "00000000"
        ce0_sync = 1
        ce1_sync = 1
        cl0_sync = 1
        cl1_sync = 1
        cmsb_sync = 1
        co_msb_sync = 1
        cy_dpconfig = "1010100001000000001000000100000000000000000000000000000000000000000000000000000000000000000000000000000000000000000000000000000011111111000000001111111100000111001000000100000000000101111100000000000000001000"
        d0_init = "00000000"
        d1_init = "00000000"
        f0_blk_sync = 1
        f0_bus_sync = 1
        f1_blk_sync = 1
        f1_bus_sync = 1
        ff0_sync = 1
        ff1_sync = 1
        ov_msb_sync = 1
        so_sync = 1
        z0_sync = 1
        z1_sync = 1
    }
    Clock Polarity: Active High
    Clock Enable: True

UDB [UDB=(0,1)] contents:
LAB@[UDB=(0,1)][LB=0] #macrocells=2, #inputs=8, #pterms=8
{
    [McSlotId=0]:     MacroCell: Name=\UART:BUART:txn\, Mode=(D-Register) @ [UDB=(0,1)][LB=0][MC=0]
        Total # of inputs        : 7
        Total # of product terms : 5
        List of special equations: 
            Clock  = (\UART:Net_9_digital\) => Global
            Clock Enable: True
        Main Equation            : 5 pterms
        (
              \UART:BUART:txn\ * \UART:BUART:tx_state_1\ * 
              !\UART:BUART:tx_bitclk\
            + \UART:BUART:txn\ * \UART:BUART:tx_state_2\
            + !\UART:BUART:tx_state_1\ * \UART:BUART:tx_state_0\ * 
              !\UART:BUART:tx_shift_out\ * !\UART:BUART:tx_state_2\
            + !\UART:BUART:tx_state_1\ * \UART:BUART:tx_state_0\ * 
              !\UART:BUART:tx_state_2\ * !\UART:BUART:tx_bitclk\
            + \UART:BUART:tx_state_1\ * !\UART:BUART:tx_state_0\ * 
              !\UART:BUART:tx_shift_out\ * !\UART:BUART:tx_state_2\ * 
              !\UART:BUART:tx_counter_dp\ * \UART:BUART:tx_bitclk\
        );
        Output = \UART:BUART:txn\ (fanout=2)
        Properties               : 
        {
        }

    [McSlotId=1]:     MacroCell: Name=\UART:BUART:tx_state_1\, Mode=(T-Register) @ [UDB=(0,1)][LB=0][MC=1]
        Total # of inputs        : 6
        Total # of product terms : 3
        List of special equations: 
            Clock  = (\UART:Net_9_digital\) => Global
            Clock Enable: True
        Main Equation            : 3 pterms
        (
              \UART:BUART:tx_state_1\ * \UART:BUART:tx_state_0\ * 
              \UART:BUART:tx_bitclk_enable_pre\ * \UART:BUART:tx_state_2\
            + \UART:BUART:tx_state_1\ * !\UART:BUART:tx_state_2\ * 
              \UART:BUART:tx_counter_dp\ * \UART:BUART:tx_bitclk\
            + \UART:BUART:tx_state_0\ * !\UART:BUART:tx_state_2\ * 
              \UART:BUART:tx_bitclk\
        );
        Output = \UART:BUART:tx_state_1\ (fanout=8)
        Properties               : 
        {
        }

    [McSlotId=2]: (empty)
    [McSlotId=3]: (empty)
}

LAB@[UDB=(0,1)][LB=1] #macrocells=3, #inputs=6, #pterms=8
{
    [McSlotId=0]:     MacroCell: Name=\UART:BUART:tx_state_2\, Mode=(T-Register) @ [UDB=(0,1)][LB=1][MC=0]
        Total # of inputs        : 6
        Total # of product terms : 4
        List of special equations: 
            Clock  = (\UART:Net_9_digital\) => Global
            Clock Enable: True
        Main Equation            : 4 pterms
        (
              !\UART:BUART:tx_state_1\ * !\UART:BUART:tx_state_0\ * 
              \UART:BUART:tx_bitclk_enable_pre\ * \UART:BUART:tx_state_2\
            + \UART:BUART:tx_state_1\ * \UART:BUART:tx_state_0\ * 
              \UART:BUART:tx_bitclk_enable_pre\ * \UART:BUART:tx_state_2\
            + \UART:BUART:tx_state_1\ * \UART:BUART:tx_state_0\ * 
              !\UART:BUART:tx_state_2\ * \UART:BUART:tx_bitclk\
            + \UART:BUART:tx_state_1\ * !\UART:BUART:tx_state_2\ * 
              \UART:BUART:tx_counter_dp\ * \UART:BUART:tx_bitclk\
        );
        Output = \UART:BUART:tx_state_2\ (fanout=7)
        Properties               : 
        {
        }

    [McSlotId=1]:     MacroCell: Name=\UART:BUART:counter_load_not\, Mode=(Combinatorial) @ [UDB=(0,1)][LB=1][MC=1]
        Total # of inputs        : 4
        Total # of product terms : 2
            Clock Enable: True
        Main Equation            : 2 pterms
        !(
              !\UART:BUART:tx_state_1\ * !\UART:BUART:tx_state_0\ * 
              \UART:BUART:tx_bitclk_enable_pre\
            + !\UART:BUART:tx_state_1\ * !\UART:BUART:tx_state_0\ * 
              !\UART:BUART:tx_state_2\
        );
        Output = \UART:BUART:counter_load_not\ (fanout=1)
        Properties               : 
        {
        }

    [McSlotId=2]:     MacroCell: Name=\UART:BUART:tx_bitclk\, Mode=(D-Register) @ [UDB=(0,1)][LB=1][MC=2]
        Total # of inputs        : 4
        Total # of product terms : 2
        List of special equations: 
            Clock  = (\UART:Net_9_digital\) => Global
            Clock Enable: True
        Main Equation            : 2 pterms
        !(
              !\UART:BUART:tx_state_1\ * !\UART:BUART:tx_state_0\ * 
              \UART:BUART:tx_state_2\
            + !\UART:BUART:tx_bitclk_enable_pre\
        );
        Output = \UART:BUART:tx_bitclk\ (fanout=4)
        Properties               : 
        {
        }

    [McSlotId=3]: (empty)
}

datapathcell: Name =\UART:BUART:sTX:TxShifter:u0\
    PORT MAP (
        clock => \UART:Net_9_digital\ ,
        cs_addr_2 => \UART:BUART:tx_state_1\ ,
        cs_addr_1 => \UART:BUART:tx_state_0\ ,
        cs_addr_0 => \UART:BUART:tx_bitclk_enable_pre\ ,
        so_comb => \UART:BUART:tx_shift_out\ ,
        f0_bus_stat_comb => \UART:BUART:tx_fifo_notfull\ ,
        f0_blk_stat_comb => \UART:BUART:tx_fifo_empty\ );
    Properties:
    {
        a0_init = "00000000"
        a1_init = "00000000"
        ce0_sync = 1
        ce1_sync = 1
        cl0_sync = 1
        cl1_sync = 1
        cmsb_sync = 1
        co_msb_sync = 1
        cy_dpconfig = "0000000000000000000000000000000000000000000000000000000011000000000000000000000000000010010000000000000000000000000000000000000011111111000000001111111111111111000000000000000001000100111100000000000000001100"
        d0_init = "00000000"
        d1_init = "00000000"
        f0_blk_sync = 1
        f0_bus_sync = 1
        f1_blk_sync = 1
        f1_bus_sync = 1
        ff0_sync = 1
        ff1_sync = 1
        ov_msb_sync = 1
        so_sync = 1
        z0_sync = 1
        z1_sync = 1
    }
    Clock Polarity: Active High
    Clock Enable: True

statusicell: Name =\UART:BUART:sTX:TxSts\
    PORT MAP (
        clock => \UART:Net_9_digital\ ,
        status_3 => \UART:BUART:tx_fifo_notfull\ ,
        status_2 => \UART:BUART:tx_status_2\ ,
        status_1 => \UART:BUART:tx_fifo_empty\ ,
        status_0 => \UART:BUART:tx_status_0\ );
    Properties:
    {
        cy_force_order = 1
        cy_int_mask = "1111111"
        cy_md_select = "0000001"
    }
    Clock Polarity: Active High
    Clock Enable: True

UDB [UDB=(1,0)] contents:
LAB@[UDB=(1,0)][LB=0] #macrocells=4, #inputs=10, #pterms=8
{
    [McSlotId=0]:     MacroCell: Name=\UART:BUART:rx_state_2\, Mode=(T-Register) @ [UDB=(1,0)][LB=0][MC=0]
        Total # of inputs        : 10
        Total # of product terms : 5
        List of special equations: 
            Clock  = (\UART:Net_9_digital\) => Global
            Clock Enable: True
        Main Equation            : 5 pterms
        (
              !\UART:BUART:tx_ctrl_mark_last\ * !\UART:BUART:rx_state_0\ * 
              \UART:BUART:rx_bitclk_enable\ * \UART:BUART:rx_state_3\
            + !\UART:BUART:tx_ctrl_mark_last\ * !\UART:BUART:rx_state_0\ * 
              \UART:BUART:rx_bitclk_enable\ * \UART:BUART:rx_state_2\
            + !\UART:BUART:tx_ctrl_mark_last\ * !\UART:BUART:rx_state_0\ * 
              !\UART:BUART:rx_state_3\ * !\UART:BUART:rx_state_2\ * !Net_30 * 
              \UART:BUART:rx_last\
            + !\UART:BUART:tx_ctrl_mark_last\ * \UART:BUART:rx_state_0\ * 
              !\UART:BUART:rx_state_3\ * !\UART:BUART:rx_state_2\ * 
              !\UART:BUART:rx_count_6\ * !\UART:BUART:rx_count_5\
            + !\UART:BUART:tx_ctrl_mark_last\ * \UART:BUART:rx_state_0\ * 
              !\UART:BUART:rx_state_3\ * !\UART:BUART:rx_state_2\ * 
              !\UART:BUART:rx_count_6\ * !\UART:BUART:rx_count_4\
        );
        Output = \UART:BUART:rx_state_2\ (fanout=7)
        Properties               : 
        {
        }

    [McSlotId=1]:     MacroCell: Name=\UART:BUART:rx_load_fifo\, Mode=(D-Register) @ [UDB=(1,0)][LB=0][MC=1]
        Total # of inputs        : 8
        Total # of product terms : 3
        List of special equations: 
            Clock  = (\UART:Net_9_digital\) => Global
            Clock Enable: True
        Main Equation            : 3 pterms
        (
              !\UART:BUART:tx_ctrl_mark_last\ * !\UART:BUART:rx_state_0\ * 
              \UART:BUART:rx_bitclk_enable\ * \UART:BUART:rx_state_3\ * 
              !\UART:BUART:rx_state_2\
            + !\UART:BUART:tx_ctrl_mark_last\ * \UART:BUART:rx_state_0\ * 
              !\UART:BUART:rx_state_3\ * !\UART:BUART:rx_state_2\ * 
              !\UART:BUART:rx_count_6\ * !\UART:BUART:rx_count_5\
            + !\UART:BUART:tx_ctrl_mark_last\ * \UART:BUART:rx_state_0\ * 
              !\UART:BUART:rx_state_3\ * !\UART:BUART:rx_state_2\ * 
              !\UART:BUART:rx_count_6\ * !\UART:BUART:rx_count_4\
        );
        Output = \UART:BUART:rx_load_fifo\ (fanout=2)
        Properties               : 
        {
        }

    [McSlotId=2]:     MacroCell: Name=\UART:BUART:rx_state_3\, Mode=(T-Register) @ [UDB=(1,0)][LB=0][MC=2]
        Total # of inputs        : 8
        Total # of product terms : 3
        List of special equations: 
            Clock  = (\UART:Net_9_digital\) => Global
            Clock Enable: True
        Main Equation            : 3 pterms
        (
              !\UART:BUART:tx_ctrl_mark_last\ * !\UART:BUART:rx_state_0\ * 
              \UART:BUART:rx_bitclk_enable\ * \UART:BUART:rx_state_3\ * 
              \UART:BUART:rx_state_2\
            + !\UART:BUART:tx_ctrl_mark_last\ * \UART:BUART:rx_state_0\ * 
              !\UART:BUART:rx_state_3\ * !\UART:BUART:rx_state_2\ * 
              !\UART:BUART:rx_count_6\ * !\UART:BUART:rx_count_5\
            + !\UART:BUART:tx_ctrl_mark_last\ * \UART:BUART:rx_state_0\ * 
              !\UART:BUART:rx_state_3\ * !\UART:BUART:rx_state_2\ * 
              !\UART:BUART:rx_count_6\ * !\UART:BUART:rx_count_4\
        );
        Output = \UART:BUART:rx_state_3\ (fanout=7)
        Properties               : 
        {
        }

    [McSlotId=3]:     MacroCell: Name=\UART:BUART:rx_state_0\, Mode=(T-Register) @ [UDB=(1,0)][LB=0][MC=3]
        Total # of inputs        : 9
        Total # of product terms : 3
        List of special equations: 
            Clock  = (\UART:Net_9_digital\) => Global
            Clock Enable: True
        Main Equation            : 3 pterms
        (
              !\UART:BUART:tx_ctrl_mark_last\ * !\UART:BUART:rx_state_0\ * 
              \UART:BUART:rx_bitclk_enable\ * !\UART:BUART:rx_state_3\ * 
              \UART:BUART:rx_state_2\ * !Net_30
            + !\UART:BUART:tx_ctrl_mark_last\ * \UART:BUART:rx_state_0\ * 
              !\UART:BUART:rx_state_3\ * !\UART:BUART:rx_state_2\ * 
              !\UART:BUART:rx_count_6\ * !\UART:BUART:rx_count_5\
            + !\UART:BUART:tx_ctrl_mark_last\ * \UART:BUART:rx_state_0\ * 
              !\UART:BUART:rx_state_3\ * !\UART:BUART:rx_state_2\ * 
              !\UART:BUART:rx_count_6\ * !\UART:BUART:rx_count_4\
        );
        Output = \UART:BUART:rx_state_0\ (fanout=8)
        Properties               : 
        {
        }
}

LAB@[UDB=(1,0)][LB=1] #macrocells=4, #inputs=8, #pterms=4
{
    [McSlotId=0]:     MacroCell: Name=\UART:BUART:rx_counter_load\, Mode=(Combinatorial) @ [UDB=(1,0)][LB=1][MC=0]
        Total # of inputs        : 4
        Total # of product terms : 1
            Clock Enable: True
        Main Equation            : 1 pterm
        (
              !\UART:BUART:tx_ctrl_mark_last\ * !\UART:BUART:rx_state_0\ * 
              !\UART:BUART:rx_state_3\ * !\UART:BUART:rx_state_2\
        );
        Output = \UART:BUART:rx_counter_load\ (fanout=2)
        Properties               : 
        {
        }

    [McSlotId=1]:     MacroCell: Name=\UART:BUART:rx_status_5\, Mode=(Combinatorial) @ [UDB=(1,0)][LB=1][MC=1]
        Total # of inputs        : 2
        Total # of product terms : 1
            Clock Enable: True
        Main Equation            : 1 pterm
        (
              \UART:BUART:rx_fifonotempty\ * \UART:BUART:rx_state_stop1_reg\
        );
        Output = \UART:BUART:rx_status_5\ (fanout=1)
        Properties               : 
        {
        }

    [McSlotId=2]:     MacroCell: Name=\UART:BUART:rx_state_stop1_reg\, Mode=(D-Register) @ [UDB=(1,0)][LB=1][MC=2]
        Total # of inputs        : 4
        Total # of product terms : 1
        List of special equations: 
            Clock  = (\UART:Net_9_digital\) => Global
            Clock Enable: True
        Main Equation            : 1 pterm
        !(
              !\UART:BUART:tx_ctrl_mark_last\ * !\UART:BUART:rx_state_0\ * 
              \UART:BUART:rx_state_3\ * \UART:BUART:rx_state_2\
        );
        Output = \UART:BUART:rx_state_stop1_reg\ (fanout=1)
        Properties               : 
        {
        }

    [McSlotId=3]:     MacroCell: Name=\UART:BUART:rx_status_3\, Mode=(D-Register) @ [UDB=(1,0)][LB=1][MC=3]
        Total # of inputs        : 6
        Total # of product terms : 1
        List of special equations: 
            Clock  = (\UART:Net_9_digital\) => Global
            Clock Enable: True
        Main Equation            : 1 pterm
        (
              !\UART:BUART:tx_ctrl_mark_last\ * !\UART:BUART:rx_state_0\ * 
              \UART:BUART:rx_bitclk_enable\ * \UART:BUART:rx_state_3\ * 
              \UART:BUART:rx_state_2\ * !Net_30
        );
        Output = \UART:BUART:rx_status_3\ (fanout=1)
        Properties               : 
        {
        }
}

datapathcell: Name =\UART:BUART:sRX:RxShifter:u0\
    PORT MAP (
        clock => \UART:Net_9_digital\ ,
        cs_addr_2 => \UART:BUART:tx_ctrl_mark_last\ ,
        cs_addr_1 => \UART:BUART:rx_state_0\ ,
        cs_addr_0 => \UART:BUART:rx_bitclk_enable\ ,
        route_si => Net_30 ,
        f0_load => \UART:BUART:rx_load_fifo\ ,
        f0_bus_stat_comb => \UART:BUART:rx_fifonotempty\ ,
        f0_blk_stat_comb => \UART:BUART:rx_fifofull\ );
    Properties:
    {
        a0_init = "00000000"
        a1_init = "00000000"
        ce0_sync = 1
        ce1_sync = 1
        cl0_sync = 1
        cl1_sync = 1
        cmsb_sync = 1
        co_msb_sync = 1
        cy_dpconfig = "0000000000000000000000000000000000000000000000000000001001000000000100000000000000010000001100000001000000000000000100100001000011111111000000001111111111111111101000000110001001000001111100000000000000001100"
        d0_init = "00000000"
        d1_init = "00000000"
        f0_blk_sync = 1
        f0_bus_sync = 1
        f1_blk_sync = 1
        f1_bus_sync = 1
        ff0_sync = 1
        ff1_sync = 1
        ov_msb_sync = 1
        so_sync = 1
        z0_sync = 1
        z1_sync = 1
    }
    Clock Polarity: Active High
    Clock Enable: True

count7cell: Name =\UART:BUART:sRX:RxBitCounter\
    PORT MAP (
        clock => \UART:Net_9_digital\ ,
        load => \UART:BUART:rx_counter_load\ ,
        count_6 => \UART:BUART:rx_count_6\ ,
        count_5 => \UART:BUART:rx_count_5\ ,
        count_4 => \UART:BUART:rx_count_4\ ,
        count_3 => \UART:BUART:rx_count_3\ ,
        count_2 => \UART:BUART:rx_count_2\ ,
        count_1 => \UART:BUART:rx_count_1\ ,
        count_0 => \UART:BUART:rx_count_0\ ,
        tc => \UART:BUART:rx_count7_tc\ );
    Properties:
    {
        cy_alt_mode = 0
        cy_init_value = "0000000"
        cy_period = "1110001"
        cy_route_en = 1
        cy_route_ld = 1
    }
    Clock Polarity: Active High
    Clock Enable: True

UDB [UDB=(1,1)] contents:
LAB@[UDB=(1,1)][LB=0] #macrocells=4, #inputs=11, #pterms=7
{
    [McSlotId=0]:     MacroCell: Name=\UART:BUART:tx_state_0\, Mode=(T-Register) @ [UDB=(1,1)][LB=0][MC=0]
        Total # of inputs        : 6
        Total # of product terms : 4
        List of special equations: 
            Clock  = (\UART:Net_9_digital\) => Global
            Clock Enable: True
        Main Equation            : 4 pterms
        (
              !\UART:BUART:tx_state_1\ * !\UART:BUART:tx_state_0\ * 
              \UART:BUART:tx_bitclk_enable_pre\ * !\UART:BUART:tx_fifo_empty\
            + !\UART:BUART:tx_state_1\ * !\UART:BUART:tx_state_0\ * 
              !\UART:BUART:tx_fifo_empty\ * !\UART:BUART:tx_state_2\
            + \UART:BUART:tx_state_1\ * \UART:BUART:tx_state_0\ * 
              \UART:BUART:tx_bitclk_enable_pre\ * \UART:BUART:tx_fifo_empty\ * 
              \UART:BUART:tx_state_2\
            + \UART:BUART:tx_state_0\ * !\UART:BUART:tx_state_2\ * 
              \UART:BUART:tx_bitclk\
        );
        Output = \UART:BUART:tx_state_0\ (fanout=8)
        Properties               : 
        {
        }

    [McSlotId=1]:     MacroCell: Name=\UART:BUART:tx_status_0\, Mode=(Combinatorial) @ [UDB=(1,1)][LB=0][MC=1]
        Total # of inputs        : 5
        Total # of product terms : 1
            Clock Enable: True
        Main Equation            : 1 pterm
        (
              !\UART:BUART:tx_state_1\ * !\UART:BUART:tx_state_0\ * 
              \UART:BUART:tx_bitclk_enable_pre\ * \UART:BUART:tx_fifo_empty\ * 
              \UART:BUART:tx_state_2\
        );
        Output = \UART:BUART:tx_status_0\ (fanout=1)
        Properties               : 
        {
        }

    [McSlotId=2]:     MacroCell: Name=\UART:BUART:rx_bitclk_enable\, Mode=(D-Register) @ [UDB=(1,1)][LB=0][MC=2]
        Total # of inputs        : 3
        Total # of product terms : 1
        List of special equations: 
            Clock  = (\UART:Net_9_digital\) => Global
            Clock Enable: True
        Main Equation            : 1 pterm
        (
              !\UART:BUART:rx_count_2\ * !\UART:BUART:rx_count_1\ * 
              !\UART:BUART:rx_count_0\
        );
        Output = \UART:BUART:rx_bitclk_enable\ (fanout=6)
        Properties               : 
        {
        }

    [McSlotId=3]:     MacroCell: Name=\UART:BUART:rx_status_4\, Mode=(Combinatorial) @ [UDB=(1,1)][LB=0][MC=3]
        Total # of inputs        : 2
        Total # of product terms : 1
            Clock Enable: True
        Main Equation            : 1 pterm
        (
              \UART:BUART:rx_load_fifo\ * \UART:BUART:rx_fifofull\
        );
        Output = \UART:BUART:rx_status_4\ (fanout=1)
        Properties               : 
        {
        }
}

LAB@[UDB=(1,1)][LB=1] #macrocells=1, #inputs=0, #pterms=0
{
    [McSlotId=0]:     MacroCell: Name=\UART:BUART:tx_ctrl_mark_last\, Mode=(T-Register) @ [UDB=(1,1)][LB=1][MC=0]
        Total # of inputs        : 0
        Total # of product terms : 0
        List of special equations: 
            Clock  = (\UART:Net_9_digital\) => Global
            Clock Enable: True
        Main Equation            : 0 pterms
        (
            0
        );
        Output = \UART:BUART:tx_ctrl_mark_last\ (fanout=8)
        Properties               : 
        {
        }

    [McSlotId=1]: (empty)
    [McSlotId=2]: (empty)
    [McSlotId=3]: (empty)
}

statusicell: Name =\UART:BUART:sRX:RxSts\
    PORT MAP (
        clock => \UART:Net_9_digital\ ,
        status_5 => \UART:BUART:rx_status_5\ ,
        status_4 => \UART:BUART:rx_status_4\ ,
        status_3 => \UART:BUART:rx_status_3\ ,
        interrupt => Net_32 );
    Properties:
    {
        cy_force_order = 1
        cy_int_mask = "1111111"
        cy_md_select = "1011111"
    }
    Clock Polarity: Active High
    Clock Enable: True

Intr container @ [IntrContainer=(0)]: 
  Intr@ [IntrContainer=(0)][IntrId=(0)] 
    interrupt: Name =isr_UART_Rx
        PORT MAP (
            interrupt => Net_32 );
        Properties:
        {
            int_type = "10"
            is_nmi = 0
        }
Port 0 contains the following IO cells:
Port 1 contains the following IO cells:
[IoId=6]: 
Pin : Name = LED(0)
    Attributes:
        In Group/Port: True
        In Sync Option: AUTO
        Out Sync Option: NOSYNC
        Interrupt generated: False
        Interrupt mode: NONE
        Drive mode: CMOS_OUT
        VTrip: EITHER
        Slew: FAST
        Input Sync needed: False
        Output Sync needed: False
        SC shield enabled: False
        POR State: ANY
        LCD Mode: COMMON
        Register Mode: RegComb
        CaSense Mode: NEITHER
        Treat as pin: True
        Is OE Registered: False
        Uses Analog: False
        Can contain Digital: True
        Is SIO: False
        SIO Output Buf: NONREGULATED
        SIO Input Buf: SINGLE_ENDED
        SIO HiFreq: LOW
        SIO Hyst: DISABLED
        SIO Vtrip: MULTIPLIER_0_5
        SIO Multiplier Index: 0
        SIO RefSel: VCC_IO
        Required Capabilities: DIGITAL
        Initial Value: 0
        IO Voltage: 0
    PORT MAP (
        pa_out => LED(0)__PA ,
        pad => LED(0)_PAD );
    Properties:
    {
    }

Port 2 contains the following IO cells:
Port 3 contains the following IO cells:
[IoId=0]: 
Pin : Name = Rx(0)
    Attributes:
        In Group/Port: True
        In Sync Option: SYNC
        Out Sync Option: AUTO
        Interrupt generated: False
        Interrupt mode: NONE
        Drive mode: HI_Z_DIGITAL
        VTrip: CMOS
        Slew: FAST
        Input Sync needed: True
        Output Sync needed: False
        SC shield enabled: False
        POR State: ANY
        LCD Mode: COMMON
        Register Mode: RegComb
        CaSense Mode: NEITHER
        Treat as pin: True
        Is OE Registered: False
        Uses Analog: False
        Can contain Digital: True
        Is SIO: False
        SIO Output Buf: NONREGULATED
        SIO Input Buf: SINGLE_ENDED
        SIO HiFreq: LOW
        SIO Hyst: DISABLED
        SIO Vtrip: MULTIPLIER_0_5
        SIO Multiplier Index: 0
        SIO RefSel: VCC_IO
        Required Capabilities: DIGITAL, ROUTABLE
        Initial Value: 0
        IO Voltage: 0
    PORT MAP (
        pa_out => Rx(0)__PA ,
        fb => Net_30 ,
        pad => Rx(0)_PAD );
    Properties:
    {
    }

[IoId=1]: 
Pin : Name = Tx(0)
    Attributes:
        In Group/Port: True
        In Sync Option: AUTO
        Out Sync Option: NOSYNC
        Interrupt generated: False
        Interrupt mode: NONE
        Drive mode: CMOS_OUT
        VTrip: EITHER
        Slew: FAST
        Input Sync needed: False
        Output Sync needed: False
        SC shield enabled: False
        POR State: ANY
        LCD Mode: COMMON
        Register Mode: RegComb
        CaSense Mode: NEITHER
        Treat as pin: True
        Is OE Registered: False
        Uses Analog: False
        Can contain Digital: True
        Is SIO: False
        SIO Output Buf: NONREGULATED
        SIO Input Buf: SINGLE_ENDED
        SIO HiFreq: LOW
        SIO Hyst: DISABLED
        SIO Vtrip: MULTIPLIER_0_5
        SIO Multiplier Index: 0
        SIO RefSel: VCC_IO
        Required Capabilities: DIGITAL, ROUTABLE
        Initial Value: 1
        IO Voltage: 0
    PORT MAP (
        pa_out => Tx(0)__PA ,
        pin_input => Net_25 ,
        pad => Tx(0)_PAD );
    Properties:
    {
    }

Port 4 contains the following IO cells:
ARM group 0: empty
Clock group 0: 
    Clock Block @ F(Clock,0): 
    m0s8clockblockcell: Name =ClockBlock
        PORT MAP (
            hfclk => ClockBlock_HFClk ,
            imo => ClockBlock_IMO ,
            ext => ClockBlock_ExtClk ,
            sysclk => ClockBlock_SysClk ,
            ilo => ClockBlock_ILO ,
            lfclk => ClockBlock_LFClk ,
            dsi_in_0 => ClockBlock_Routed1 ,
            udb_div_0 => dclk_to_genclk );
        Properties:
        {
        }
LCD group 0: empty
PICU group 0: empty
LPCOMP group 0: empty
SCB group 0: empty
CSD group 0: empty
CSIDAC8 group 0: empty
CSIDAC7 group 0: empty
TCPWM group 0: empty
OA group 0: empty
TEMP group 0: empty
SARADC group 0: empty
CLK_GEN group 0: 
    M0S8 Clock Gen Block @ F(CLK_GEN,0): 
    m0s8clockgenblockcell: Name =ClockGenBlock
        PORT MAP (
            gen_clk_out_0 => \UART:Net_9_digital\ ,
            gen_clk_in_0 => dclk_to_genclk );
        Properties:
        {
        }
LPCOMPBLOCK group 0: empty
PASSBLOCK group 0: empty
WCO group 0: empty
SRSS group 0: empty
CPUSS group 0: empty
</CYPRESSTAG>
<CYPRESSTAG name="Port Configuration Details">

------------------------------------------------------------
Port Configuration report
------------------------------------------------------------
     |     |       | Interrupt |                  |        | 
Port | Pin | Fixed |      Type |       Drive Mode |   Name | Connections
-----+-----+-------+-----------+------------------+--------+------------
   1 |   6 |     * |      NONE |         CMOS_OUT | LED(0) | 
-----+-----+-------+-----------+------------------+--------+------------
   3 |   0 |     * |      NONE |     HI_Z_DIGITAL |  Rx(0) | FB(Net_30)
     |   1 |     * |      NONE |         CMOS_OUT |  Tx(0) | In(Net_25)
------------------------------------------------------------------------
</CYPRESSTAG>
</CYPRESSTAG>
</CYPRESSTAG>
Digital component placer commit/Report: Elapsed time ==> 0s.425ms
Digital Placement phase: Elapsed time ==> 7s.888ms
</CYPRESSTAG>
<CYPRESSTAG name="Digital Routing">
"C:\Program Files (x86)\Cypress\PSoC Creator\4.1\PSoC Creator\bin/sjrouter.exe" --xml-path "C:\Program Files (x86)\Cypress\PSoC Creator\4.1\PSoC Creator\dev\psoc4/psoc4a/route_arch-rrg.cydata" --vh2-path "UART_MessageBuffer_FreeRTOS10_r.vh2" --pcf-path "UART_MessageBuffer_FreeRTOS10.pco" --des-name "UART_MessageBuffer_FreeRTOS10" --dsf-path "UART_MessageBuffer_FreeRTOS10.dsf" --sdc-path "UART_MessageBuffer_FreeRTOS10.sdc" --lib-path "UART_MessageBuffer_FreeRTOS10_r.lib"
Routing successful.
Digital Routing phase: Elapsed time ==> 9s.160ms
</CYPRESSTAG>
<CYPRESSTAG name="Bitstream Generation">
Bitstream Generation phase: Elapsed time ==> 2s.336ms
</CYPRESSTAG>
<CYPRESSTAG name="Bitstream Verification">
Bitstream Verification phase: Elapsed time ==> 0s.355ms
</CYPRESSTAG>
<CYPRESSTAG name="Static timing analysis">
Timing report is in UART_MessageBuffer_FreeRTOS10_timing.html.
Static timing analysis phase: Elapsed time ==> 3s.631ms
</CYPRESSTAG>
<CYPRESSTAG name="Data reporting">
Data reporting phase: Elapsed time ==> 0s.000ms
</CYPRESSTAG>
<CYPRESSTAG name="Database update...">
Design database save phase: Elapsed time ==> 2s.926ms
</CYPRESSTAG>
cydsfit: Elapsed time ==> 34s.792ms
</CYPRESSTAG>
Fitter phase: Elapsed time ==> 34s.837ms
API generation phase: Elapsed time ==> 13s.078ms
Dependency generation phase: Elapsed time ==> 0s.458ms
Cleanup phase: Elapsed time ==> 0s.013ms
